# kingdom.abbotown-map — the probe RED on the page before the feature (kingdom 90c8138, 2026-10-02T00:29Z)
$ node tools/abbotown-map.verify.mjs BATTLE-SANDBOX.html PLAY.html
node:internal/modules/run_main:107
    triggerUncaughtException(
    ^

AssertionError [ERR_ASSERTION]: fresh: the map is shown
    at readMap (file:///C:/Users/aring/Desktop/HBT-worker-kingdom/kingdom/tools/abbotown-map.verify.mjs:46:9)
    at file:///C:/Users/aring/Desktop/HBT-worker-kingdom/kingdom/tools/abbotown-map.verify.mjs:65:14 {
  generatedMessage: false,
  code: 'ERR_ASSERTION',
  actual: false,
  expected: true,
  operator: '==',
  diff: 'simple'
}

Node.js v24.12.0
exit 1

$ node ../engine/node_modules/vitest/vitest.mjs run test/abbotown-map.test.ts

 RUN  v4.1.11 C:/Users/aring/Desktop/HBT-worker-kingdom/kingdom

 ❯ test/abbotown-map.test.ts (0 test)

⎯⎯⎯⎯⎯⎯ Failed Suites 1 ⎯⎯⎯⎯⎯⎯⎯

 FAIL  test/abbotown-map.test.ts [ test/abbotown-map.test.ts ]
Error: Cannot find module '../src/core/conquest.js' imported from C:/Users/aring/Desktop/HBT-worker-kingdom/kingdom/test/abbotown-map.test.ts
 ❯ test/abbotown-map.test.ts:8:1
      6| import { describe, it, expect } from 'vitest'
      7| import { execFileSync } from 'node:child_process'
      8| import { conquestProgress, takeSection, wonOutcome } from '../src/core…
       | ^
      9| import { ABBOTOWN_MAP } from '../src/content/conquest.js'
     10| import { ENCOUNTERS } from '../src/engine.js'

⎯⎯⎯⎯⎯⎯⎯⎯⎯⎯⎯⎯⎯⎯⎯⎯⎯⎯⎯⎯⎯⎯⎯⎯[1/1]⎯


 Test Files  1 failed (1)
      Tests  no tests
   Start at  17:29:58
   Duration  201ms (transform 40ms, setup 0ms, import 0ms, tests 0ms, environment 0ms)

exit 1
