TAP version 13
# Subtest: no 2D token stands in while a body loads; the bodies stand when they are in; a body that cannot be had keeps its token
not ok 1 - no 2D token stands in while a body loads; the bodies stand when they are in; a body that cannot be had keeps its token
  ---
  duration_ms: 607.423974
  type: 'test'
  location: '/sessions/rcw-014lw8zoa8jritvumerpq1z2/mnt/Heroes of Blight and Tragic/viewer/tools/bodies-before-board.test.mjs:36:1'
  failureType: 'testCodeFailure'
  error: |-
    Forest Elf A: no 2D picture while its body loads
    
    '1' !== '0'
    
  code: 'ERR_ASSERTION'
  name: 'AssertionError'
  expected: '0'
  actual: '1'
  operator: 'strictEqual'
  stack: |-
    TestContext.<anonymous> (file:///sessions/rcw-014lw8zoa8jritvumerpq1z2/mnt/Heroes%20of%20Blight%20and%20Tragic/viewer/tools/bodies-before-board.test.mjs:45:101)
    Test.runInAsyncScope (node:async_hooks:214:14)
    Test.run (node:internal/test_runner/test:1047:25)
    Test.start (node:internal/test_runner/test:944:17)
    startSubtestAfterBootstrap (node:internal/test_runner/harness:296:17)
    process.processTicksAndRejections (node:internal/process/task_queues:103:5)
  ...
# Subtest: the scene is not ready — the board stays on its loading line — until the bodies on it are in
ok 2 - the scene is not ready — the board stays on its loading line — until the bodies on it are in
  ---
  duration_ms: 69.771882
  type: 'test'
  ...
1..2
# tests 2
# suites 0
# pass 1
# fail 1
# cancelled 0
# skipped 0
# todo 0
# duration_ms 1321.383161
