TAP version 13
# Subtest: 1920 x 1080: every hex of the board's rim — the edge columns, the bottom corners — can be brought WHOLE into view by the bubbles' slide
not ok 1 - 1920 x 1080: every hex of the board's rim — the edge columns, the bottom corners — can be brought WHOLE into view by the bubbles' slide
  ---
  duration_ms: 862.731
  type: 'test'
  location: 'C:\\Users\\aring\\Desktop\\HBT-worker-content\\viewer\\tools\\camera-shows-edge-units.test.mjs:65:3'
  failureType: 'testCodeFailure'
  error: 'hex 0 (0,0): the whole hex is on the screen (its worst corner is -31.8 px inside)'
  code: 'ERR_ASSERTION'
  name: 'AssertionError'
  expected: true
  actual: false
  operator: '=='
  stack: |-
    TestContext.<anonymous> (file:///C:/Users/aring/Desktop/HBT-worker-content/viewer/tools/camera-shows-edge-units.test.mjs:75:14)
    Test.runInAsyncScope (node:async_hooks:214:14)
    Test.run (node:internal/test_runner/test:1106:25)
    Test.start (node:internal/test_runner/test:1003:17)
    startSubtestAfterBootstrap (node:internal/test_runner/harness:358:17)
  ...
# Subtest: 1920 x 1080: the view passes the board's edge only as far as the outermost hexes need — one bound for every camera move — and a view sent to a hex inside the board shows only board
not ok 2 - 1920 x 1080: the view passes the board's edge only as far as the outermost hexes need — one bound for every camera move — and a view sent to a hex inside the board shows only board
  ---
  duration_ms: 2608.6665
  type: 'test'
  location: 'C:\\Users\\aring\\Desktop\\HBT-worker-content\\viewer\\tools\\camera-shows-edge-units.test.mjs:83:3'
  failureType: 'testCodeFailure'
  error: "the page says where the board's own edge holds the view (boardBox)"
  code: 'ERR_ASSERTION'
  name: 'AssertionError'
  expected: true
  operator: '=='
  stack: |-
    TestContext.<anonymous> (file:///C:/Users/aring/Desktop/HBT-worker-content/viewer/tools/camera-shows-edge-units.test.mjs:86:12)
    Test.runInAsyncScope (node:async_hooks:214:14)
    Test.run (node:internal/test_runner/test:1106:25)
    Test.processPendingSubtests (node:internal/test_runner/test:788:18)
    Test.postRun (node:internal/test_runner/test:1235:19)
    Test.run (node:internal/test_runner/test:1163:12)
    async startSubtestAfterBootstrap (node:internal/test_runner/harness:358:3)
  ...
# Subtest: 1920 x 1080: a bubble click on a unit in the first or last column brings its whole hex into view; the bottom corner hexes can be scrolled into view
not ok 3 - 1920 x 1080: a bubble click on a unit in the first or last column brings its whole hex into view; the bottom corner hexes can be scrolled into view
  ---
  duration_ms: 11994.7195
  type: 'test'
  location: 'C:\\Users\\aring\\Desktop\\HBT-worker-content\\viewer\\tools\\camera-shows-edge-units.test.mjs:116:3'
  failureType: 'testCodeFailure'
  error: "the Zombie's whole hex is on the screen after the bubble's click (-79.0 px inside)"
  code: 'ERR_ASSERTION'
  name: 'AssertionError'
  expected: true
  actual: false
  operator: '=='
  stack: |-
    TestContext.<anonymous> (file:///C:/Users/aring/Desktop/HBT-worker-content/viewer/tools/camera-shows-edge-units.test.mjs:122:55)
    Test.runInAsyncScope (node:async_hooks:214:14)
    Test.run (node:internal/test_runner/test:1106:25)
    Test.processPendingSubtests (node:internal/test_runner/test:788:18)
    Test.postRun (node:internal/test_runner/test:1235:19)
    Test.run (node:internal/test_runner/test:1163:12)
    async Test.processPendingSubtests (node:internal/test_runner/test:788:7)
  ...
# Subtest: 1448 x 716: every hex of the board's rim — the edge columns, the bottom corners — can be brought WHOLE into view by the bubbles' slide
not ok 4 - 1448 x 716: every hex of the board's rim — the edge columns, the bottom corners — can be brought WHOLE into view by the bubbles' slide
  ---
  duration_ms: 1749.7201
  type: 'test'
  location: 'C:\\Users\\aring\\Desktop\\HBT-worker-content\\viewer\\tools\\camera-shows-edge-units.test.mjs:65:3'
  failureType: 'testCodeFailure'
  error: 'hex 0 (0,0): the whole hex is on the screen (its worst corner is -18.8 px inside)'
  code: 'ERR_ASSERTION'
  name: 'AssertionError'
  expected: true
  actual: false
  operator: '=='
  stack: |-
    TestContext.<anonymous> (file:///C:/Users/aring/Desktop/HBT-worker-content/viewer/tools/camera-shows-edge-units.test.mjs:75:14)
    Test.runInAsyncScope (node:async_hooks:214:14)
    Test.run (node:internal/test_runner/test:1106:25)
    Test.processPendingSubtests (node:internal/test_runner/test:788:18)
    Test.postRun (node:internal/test_runner/test:1235:19)
    Test.run (node:internal/test_runner/test:1163:12)
    async Test.processPendingSubtests (node:internal/test_runner/test:788:7)
  ...
# Subtest: 1448 x 716: the view passes the board's edge only as far as the outermost hexes need — one bound for every camera move — and a view sent to a hex inside the board shows only board
not ok 5 - 1448 x 716: the view passes the board's edge only as far as the outermost hexes need — one bound for every camera move — and a view sent to a hex inside the board shows only board
  ---
  duration_ms: 1030.8725
  type: 'test'
  location: 'C:\\Users\\aring\\Desktop\\HBT-worker-content\\viewer\\tools\\camera-shows-edge-units.test.mjs:83:3'
  failureType: 'testCodeFailure'
  error: "the page says where the board's own edge holds the view (boardBox)"
  code: 'ERR_ASSERTION'
  name: 'AssertionError'
  expected: true
  operator: '=='
  stack: |-
    TestContext.<anonymous> (file:///C:/Users/aring/Desktop/HBT-worker-content/viewer/tools/camera-shows-edge-units.test.mjs:86:12)
    Test.runInAsyncScope (node:async_hooks:214:14)
    Test.run (node:internal/test_runner/test:1106:25)
    Test.processPendingSubtests (node:internal/test_runner/test:788:18)
    Test.postRun (node:internal/test_runner/test:1235:19)
    Test.run (node:internal/test_runner/test:1163:12)
    async Test.processPendingSubtests (node:internal/test_runner/test:788:7)
  ...
# Subtest: 1448 x 716: a bubble click on a unit in the first or last column brings its whole hex into view; the bottom corner hexes can be scrolled into view
not ok 6 - 1448 x 716: a bubble click on a unit in the first or last column brings its whole hex into view; the bottom corner hexes can be scrolled into view
  ---
  duration_ms: 1820.0096
  type: 'test'
  location: 'C:\\Users\\aring\\Desktop\\HBT-worker-content\\viewer\\tools\\camera-shows-edge-units.test.mjs:116:3'
  failureType: 'testCodeFailure'
  error: "the Zombie's whole hex is on the screen after the bubble's click (-43.2 px inside)"
  code: 'ERR_ASSERTION'
  name: 'AssertionError'
  expected: true
  actual: false
  operator: '=='
  stack: |-
    TestContext.<anonymous> (file:///C:/Users/aring/Desktop/HBT-worker-content/viewer/tools/camera-shows-edge-units.test.mjs:122:55)
    Test.runInAsyncScope (node:async_hooks:214:14)
    Test.run (node:internal/test_runner/test:1106:25)
    Test.processPendingSubtests (node:internal/test_runner/test:788:18)
    Test.postRun (node:internal/test_runner/test:1235:19)
    Test.run (node:internal/test_runner/test:1163:12)
    async Test.processPendingSubtests (node:internal/test_runner/test:788:7)
  ...
# Subtest: the Orphanage's own recording, Turn 2: the Zombie arriving on the last column is whole on the screen when its drop-in plays; Turn 3's, on the first column, likewise
not ok 7 - the Orphanage's own recording, Turn 2: the Zombie arriving on the last column is whole on the screen when its drop-in plays; Turn 3's, on the first column, likewise
  ---
  duration_ms: 1507.7554
  type: 'test'
  location: 'C:\\Users\\aring\\Desktop\\HBT-worker-content\\viewer\\tools\\camera-shows-edge-units.test.mjs:133:1'
  failureType: 'testCodeFailure'
  error: |-
    no bubble stood for it
    
    false !== true
    
  code: 'ERR_ASSERTION'
  name: 'AssertionError'
  expected: true
  actual: false
  operator: 'strictEqual'
  stack: |-
    TestContext.<anonymous> (file:///C:/Users/aring/Desktop/HBT-worker-content/viewer/tools/camera-shows-edge-units.test.mjs:143:103)
    Test.runInAsyncScope (node:async_hooks:214:14)
    Test.run (node:internal/test_runner/test:1106:25)
    Test.processPendingSubtests (node:internal/test_runner/test:788:18)
    Test.postRun (node:internal/test_runner/test:1235:19)
    Test.run (node:internal/test_runner/test:1163:12)
    async Test.processPendingSubtests (node:internal/test_runner/test:788:7)
  ...
1..7
# tests 7
# suites 0
# pass 0
# fail 7
# cancelled 0
# skipped 0
# todo 0
# duration_ms 22612.8335
