✖ actual drop uses unknown initial geometry and preserves every event (681.9568ms)
✖ actual drop uses resized initial geometry and preserves every event (659.6666ms)
✖ actual drop uses changed initial geometry and preserves every event (556.6207ms)
✔ malformed dropped initial facts leave current viewer intact (524.3744ms)
✔ component requires initial facts before mutating its host (169.8219ms)
✔ component rejects a pushed map that differs from prepared initial facts (548.9563ms)
✔ live component preserves early events, splits, ownership and seek/step on same-ID maps (1142.3887ms)
✔ actual proving exporter map envelope mounts without an invented mapId (626.6857ms)
✔ thin direct field has exact engine distances without a stale static table (619.6352ms)
ℹ tests 9
ℹ suites 0
ℹ pass 6
ℹ fail 3
ℹ cancelled 0
ℹ skipped 0
ℹ todo 0
ℹ duration_ms 5636.9407

✖ failing tests:

test at tools\direct-map.test.mjs:21:140
✖ actual drop uses unknown initial geometry and preserves every event (681.9568ms)
  AssertionError [ERR_ASSERTION]: The expression evaluated to a falsy value:
  
    assert.ok(groundCells[width+1].style.cssText.includes(v._V.data.ASSETS['hexOcean.png']))
  
      at TestContext.<anonymous> (file:///C:/Users/aring/Desktop/Heroes%20of%20Blight%20and%20Tragic/viewer/tools/direct-map.test.mjs:34:10)
      at async Test.run (node:internal/test_runner/test:1113:7)
      at async startSubtestAfterBootstrap (node:internal/test_runner/harness:358:3) {
    generatedMessage: true,
    code: 'ERR_ASSERTION',
    actual: false,
    expected: true,
    operator: '==',
    diff: 'simple'
  }

test at tools\direct-map.test.mjs:21:140
✖ actual drop uses resized initial geometry and preserves every event (659.6666ms)
  AssertionError [ERR_ASSERTION]: The expression evaluated to a falsy value:
  
    assert.ok(groundCells[width+1].style.cssText.includes(v._V.data.ASSETS['hexOcean.png']))
  
      at TestContext.<anonymous> (file:///C:/Users/aring/Desktop/Heroes%20of%20Blight%20and%20Tragic/viewer/tools/direct-map.test.mjs:34:10)
      at async Test.run (node:internal/test_runner/test:1113:7)
      at async Test.processPendingSubtests (node:internal/test_runner/test:788:7) {
    generatedMessage: true,
    code: 'ERR_ASSERTION',
    actual: false,
    expected: true,
    operator: '==',
    diff: 'simple'
  }

test at tools\direct-map.test.mjs:21:140
✖ actual drop uses changed initial geometry and preserves every event (556.6207ms)
  AssertionError [ERR_ASSERTION]: The expression evaluated to a falsy value:
  
    assert.ok(groundCells[width+1].style.cssText.includes(v._V.data.ASSETS['hexOcean.png']))
  
      at TestContext.<anonymous> (file:///C:/Users/aring/Desktop/Heroes%20of%20Blight%20and%20Tragic/viewer/tools/direct-map.test.mjs:34:10)
      at async Test.run (node:internal/test_runner/test:1113:7)
      at async Test.processPendingSubtests (node:internal/test_runner/test:788:7) {
    generatedMessage: true,
    code: 'ERR_ASSERTION',
    actual: false,
    expected: true,
    operator: '==',
    diff: 'simple'
  }
