door probe: only src/engine.ts imports the engine
laws 5 and 6: no mode below the intent layer, no status hue outside theme.js
typecheck (the door, the sheet, the .mts tools — the .js is not typed): clean
maps: 22 in the engine, all in both dumps
OK — 23 battles fold end to end · pure fold == pumped fold · icons 4 used · rows damaging=645 plain=3651
✔ actual drop uses unknown initial geometry and preserves every event (651.037ms)
✔ actual drop uses resized initial geometry and preserves every event (635.603ms)
✔ actual drop uses changed initial geometry and preserves every event (531.8601ms)
✔ malformed dropped initial facts leave current viewer intact (479.228ms)
✔ component requires initial facts before mutating its host (151.2961ms)
✔ component rejects a pushed map that differs from prepared initial facts (511.7696ms)
✔ live component preserves early events, splits, ownership and seek/step on same-ID maps (927.7016ms)
✔ actual proving exporter map envelope mounts without an invented mapId (487.7222ms)
✔ preparation-only thin field has exact engine distances without a stale static table (487.1232ms)
✔ custom-map timed pump drains with setup equipment/layers and matches seek (538.3443ms)
✔ pushed initial facts ignore object key insertion order without dropping fields (517.0794ms)
✔ pushed sparse extensions of terrain or footprint reject without consuming a batch (493.2476ms)
ℹ tests 12
ℹ suites 0
ℹ pass 12
ℹ fail 0
ℹ cancelled 0
ℹ skipped 0
ℹ todo 0
ℹ duration_ms 6491.9684
built C:\Users\aring\Desktop\Heroes of Blight and Tragic\viewer\BATTLE-VIEWER.html · 10.0 MB · viewer 69f0bb5 · engine 1efb95e · sheets 1efb95e · fields 1efb95e · 23 battles
fresh: Horde 24×24 — the river — byte-identical events (1efb95e → 1efb95e)
fresh: Supper (seed 5) — byte-identical events (1efb95e → 1efb95e)
fresh: Embers — byte-identical events (1efb95e → 1efb95e)
fresh: Showcase — byte-identical events (1efb95e → 1efb95e)
fresh: Flanks — byte-identical events (1efb95e → 1efb95e)
fresh: Thicket — byte-identical events (1efb95e → 1efb95e)
fresh: Field — byte-identical events (1efb95e → 1efb95e)
fresh: Highlands — byte-identical events (1efb95e → 1efb95e)
fresh: Civilians — byte-identical events (1efb95e → 1efb95e)
fresh: Hunter Alone — byte-identical events (1efb95e → 1efb95e)
fresh: Prologue Bestiary — byte-identical events (1efb95e → 1efb95e)
fresh: Beasts — byte-identical events (1efb95e → 1efb95e)
fresh: Alpha Team — byte-identical events (1efb95e → 1efb95e)
fresh: Item Powers — byte-identical events (1efb95e → 1efb95e)
fresh: Arc Golem — byte-identical events (1efb95e → 1efb95e)
fresh: The Kiln — byte-identical events (1efb95e → 1efb95e)
fresh: Horrors of the Night — byte-identical events (1efb95e → 1efb95e)
fresh: Surrounded (seed 3) — byte-identical events (1efb95e → 1efb95e)
fresh: Assembled Party — byte-identical events (1efb95e → 1efb95e)
fresh: Dungeon 16×8 (heroes west) — byte-identical events (1efb95e → 1efb95e)
fresh: Duel 8×8 — byte-identical events (1efb95e → 1efb95e)
fresh: Rime — repeated affliction — byte-identical events (1efb95e → 1efb95e)
fresh: Ranged-only reaction — no melee attack — byte-identical events (1efb95e → 1efb95e)
GATE OK
