✖ pushed sparse extensions of terrain or footprint reject without consuming a batch (1266.0286ms)
ℹ tests 1
ℹ suites 0
ℹ pass 0
ℹ fail 1
ℹ cancelled 0
ℹ skipped 0
ℹ todo 0
ℹ duration_ms 1344.6798

✖ failing tests:

test at tools\direct-map.test.mjs:121:1
✖ pushed sparse extensions of terrain or footprint reject without consuming a batch (1266.0286ms)
  AssertionError [ERR_ASSERTION]: Missing expected exception.
      at TestContext.<anonymous> (file:///C:/Users/aring/Desktop/Heroes%20of%20Blight%20and%20Tragic/viewer/tools/direct-map.test.mjs:127:12)
      at Test.runInAsyncScope (node:async_hooks:214:14)
      at Test.run (node:internal/test_runner/test:1106:25)
      at Test.start (node:internal/test_runner/test:1003:17)
      at startSubtestAfterBootstrap (node:internal/test_runner/harness:358:17) {
    generatedMessage: false,
    code: 'ERR_ASSERTION',
    actual: undefined,
    expected: /prepared|initial/,
    operator: 'throws',
    diff: 'simple'
  }
