TAP version 13
# Subtest: the dump names every ground from the engine's own id, and the page carries the names; no ground name is typed in the page's code
not ok 1 - the dump names every ground from the engine's own id, and the page carries the names; no ground name is typed in the page's code
  ---
  duration_ms: 599.2935
  type: 'test'
  location: 'C:\\Users\\aring\\Desktop\\HBT-worker-content\\viewer\\tools\\hex-tooltip.test.mjs:71:1'
  failureType: 'testCodeFailure'
  error: 'static.json carries terrainNames'
  code: 'ERR_ASSERTION'
  name: 'AssertionError'
  expected: true
  operator: '=='
  stack: |-
    TestContext.<anonymous> (file:///C:/Users/aring/Desktop/HBT-worker-content/viewer/tools/hex-tooltip.test.mjs:74:10)
    Test.runInAsyncScope (node:async_hooks:214:14)
    Test.run (node:internal/test_runner/test:1106:25)
    Test.start (node:internal/test_runner/test:1003:17)
    startSubtestAfterBootstrap (node:internal/test_runner/harness:358:17)
  ...
# Subtest: the Orphanage: an open tile shows its name alone; woodland its name and what it costs; the river that it is water and what the engine charges to wade it; a closed tile that it cannot be entered
not ok 2 - the Orphanage: an open tile shows its name alone; woodland its name and what it costs; the river that it is water and what the engine charges to wade it; a closed tile that it cannot be entered
  ---
  duration_ms: 572.6271
  type: 'test'
  location: 'C:\\Users\\aring\\Desktop\\HBT-worker-content\\viewer\\tools\\hex-tooltip.test.mjs:83:1'
  failureType: 'testCodeFailure'
  error: |-
    the pointer's pick is hex 6
    
    undefined !== 6
    
  code: 'ERR_ASSERTION'
  name: 'AssertionError'
  expected: 6
  operator: 'strictEqual'
  stack: |-
    TestContext.<anonymous> (file:///C:/Users/aring/Desktop/HBT-worker-content/viewer/tools/hex-tooltip.test.mjs:90:12)
    Test.runInAsyncScope (node:async_hooks:214:14)
    Test.run (node:internal/test_runner/test:1106:25)
    Test.processPendingSubtests (node:internal/test_runner/test:788:18)
    Test.postRun (node:internal/test_runner/test:1235:19)
    Test.run (node:internal/test_runner/test:1163:12)
    async startSubtestAfterBootstrap (node:internal/test_runner/harness:358:3)
  ...
# Subtest: the tooltip sits just below the hex pointed at, follows the pointer from hex to hex, and goes when the pointer leaves the board
not ok 3 - the tooltip sits just below the hex pointed at, follows the pointer from hex to hex, and goes when the pointer leaves the board
  ---
  duration_ms: 173.3594
  type: 'test'
  location: 'C:\\Users\\aring\\Desktop\\HBT-worker-content\\viewer\\tools\\hex-tooltip.test.mjs:116:1'
  failureType: 'testCodeFailure'
  error: |-
    Expected values to be strictly equal:
    
    undefined !== 108
    
  code: 'ERR_ASSERTION'
  name: 'AssertionError'
  expected: 108
  operator: 'strictEqual'
  stack: |-
    TestContext.<anonymous> (file:///C:/Users/aring/Desktop/HBT-worker-content/viewer/tools/hex-tooltip.test.mjs:123:27)
    Test.runInAsyncScope (node:async_hooks:214:14)
    Test.run (node:internal/test_runner/test:1106:25)
    Test.processPendingSubtests (node:internal/test_runner/test:788:18)
    Test.postRun (node:internal/test_runner/test:1235:19)
    Test.run (node:internal/test_runner/test:1163:12)
    async Test.processPendingSubtests (node:internal/test_runner/test:788:7)
  ...
# Subtest: it shows while only pointing: in a replay with no host, and under a host that plays — and it offers the host nothing of its own
not ok 4 - it shows while only pointing: in a replay with no host, and under a host that plays — and it offers the host nothing of its own
  ---
  duration_ms: 159.6638
  type: 'test'
  location: 'C:\\Users\\aring\\Desktop\\HBT-worker-content\\viewer\\tools\\hex-tooltip.test.mjs:146:1'
  failureType: 'testCodeFailure'
  error: |-
    a replay: the tooltip shows
    
    false !== true
    
  code: 'ERR_ASSERTION'
  name: 'AssertionError'
  expected: true
  actual: false
  operator: 'strictEqual'
  stack: |-
    TestContext.<anonymous> (file:///C:/Users/aring/Desktop/HBT-worker-content/viewer/tools/hex-tooltip.test.mjs:150:32)
    Test.runInAsyncScope (node:async_hooks:214:14)
    Test.run (node:internal/test_runner/test:1106:25)
    Test.processPendingSubtests (node:internal/test_runner/test:788:18)
    Test.postRun (node:internal/test_runner/test:1235:19)
    Test.run (node:internal/test_runner/test:1163:12)
    async Test.processPendingSubtests (node:internal/test_runner/test:788:7)
  ...
# Subtest: ground only: pointing at a unit names the ground it stands on, never the unit
not ok 5 - ground only: pointing at a unit names the ground it stands on, never the unit
  ---
  duration_ms: 157.6188
  type: 'test'
  location: 'C:\\Users\\aring\\Desktop\\HBT-worker-content\\viewer\\tools\\hex-tooltip.test.mjs:160:1'
  failureType: 'testCodeFailure'
  error: |-
    pointing at the body points at its hex
    
    undefined !== 85
    
  code: 'ERR_ASSERTION'
  name: 'AssertionError'
  expected: 85
  operator: 'strictEqual'
  stack: |-
    TestContext.<anonymous> (file:///C:/Users/aring/Desktop/HBT-worker-content/viewer/tools/hex-tooltip.test.mjs:167:10)
    Test.runInAsyncScope (node:async_hooks:214:14)
    Test.run (node:internal/test_runner/test:1106:25)
    Test.processPendingSubtests (node:internal/test_runner/test:788:18)
    Test.postRun (node:internal/test_runner/test:1235:19)
    Test.run (node:internal/test_runner/test:1163:12)
    async Test.processPendingSubtests (node:internal/test_runner/test:788:7)
  ...
# Subtest: a burning tile says it inflicts Burn — the painted layer's status, by the engine's name — from the event that paints it, and not before
not ok 6 - a burning tile says it inflicts Burn — the painted layer's status, by the engine's name — from the event that paints it, and not before
  ---
  duration_ms: 172.9008
  type: 'test'
  location: 'C:\\Users\\aring\\Desktop\\HBT-worker-content\\viewer\\tools\\hex-tooltip.test.mjs:173:1'
  failureType: 'testCodeFailure'
  error: 'V.hexTip is not a function'
  code: 'ERR_TEST_FAILURE'
  name: 'TypeError'
  stack: |-
    TestContext.<anonymous> (file:///C:/Users/aring/Desktop/HBT-worker-content/viewer/tools/hex-tooltip.test.mjs:180:16)
    Test.runInAsyncScope (node:async_hooks:214:14)
    Test.run (node:internal/test_runner/test:1106:25)
    Test.processPendingSubtests (node:internal/test_runner/test:788:18)
    Test.postRun (node:internal/test_runner/test:1235:19)
    Test.run (node:internal/test_runner/test:1163:12)
    async Test.processPendingSubtests (node:internal/test_runner/test:788:7)
  ...
1..6
# tests 6
# suites 0
# pass 0
# fail 6
# cancelled 0
# skipped 0
# todo 0
# duration_ms 2018.2108
