
 RUN  v4.1.11 C:/Users/aring/Desktop/HBT-worker-kingdom/kingdom

battle 1: sent Dwarven Brawler L1; at home nobody
settled battle 1: the strong party, the engine's AI — heroClear on Turn 8, the Engagement's own seed 1
battle 1: the strong party stood idle until a civilian had fallen, and the engine's AI played from there (kingdom.opening-recap-civilians)
battle 2: sent The Serpent L1, Dwarven Brawler L2; at home nobody
settled battle 2 lost: the party held idle, cut at Turn 1 — capped on Turn 1, the Engagement's own seed 2
settled battle 2 won: the strong party, the engine's AI — heroClear on Turn 2, the Engagement's own seed 2
battle 3: sent Rune-Marked Ascetic L1, The Serpent L2, Dwarven Brawler L3; at home nobody
settled battle 3: the strong party, the engine's AI — heroClear on Turn 6, the Engagement's own seed 3
battle 4: sent Rune-Marked Ascetic L1, Forest Elf L1, The Serpent L3, Dwarven Brawler L3; at home nobody
settled battle 4: the strong party, the engine's AI — heroClear on Turn 5, the Engagement's own seed 4
battle 5: asked who goes — sent Rune-Marked Ascetic, Forest Elf, The Serpent, Dwarven Brawler; home Dawnblade
battle 5: sent Rune-Marked Ascetic L2, Forest Elf L2, The Serpent L3, Dwarven Brawler L4; at home Dawnblade alive
settled battle 5: the strong party, the engine's AI — heroClear on Turn 4, the Engagement's own seed 5
battle 6: asked who goes — sent Crimson Sorceress; home Dawnblade, Rune-Marked Ascetic, Forest Elf, The Serpent, Dwarven Brawler
battle 6: sent Crimson Sorceress L1; at home Dawnblade alive, Rune-Marked Ascetic alive, Forest Elf alive, The Serpent alive, Dwarven Brawler alive
settled battle 6 lost: the party held idle, cut at Turn 1 — capped on Turn 1, the Engagement's own seed 6
battle 6 again: asked who goes — sent Rune-Marked Ascetic, Forest Elf, The Serpent, Dwarven Brawler; home Crimson Sorceress, Dawnblade
settled battle 6 won: the strong party, the engine's AI — heroClear on Turn 9, the Engagement's own seed 6
settled by: {"encounter.opening.orphanage":["civilian-falls",1,8],"encounter.opening.lumberjack:lost":["idle",2,1],"encounter.opening.lumberjack":["ai",2,2],"encounter.opening.bridge":["ai",3,6],"encounter.opening.cavern-trail":["ai",4,5],"encounter.opening.gates":["ai",5,4],"encounter.opening.cathedral:lost":["idle",6,1],"encounter.opening.cathedral":["ai",6,9]}
offers: battle 1, draft 1: Crimson Sorceress / Dwarven Brawler / Skullplate Veteran -> Dwarven Brawler; battle 2, draft 1: The Serpent / Hunter / The Raven -> The Serpent; battle 3, draft 1: Battle Chaplain / Rune-Marked Ascetic / Barefoot Mendicant -> Rune-Marked Ascetic; battle 4, draft 1: Forest Fey / Emberwright / Forest Elf -> Forest Elf; battle 5, draft 1: Dawnblade / Black Oath / Crimson Sorceress -> Dawnblade; battle 6, draft 1: Archive Scholar / Emberwright / Crimson Sorceress -> Crimson Sorceress
drafted with: Dwarven Brawler: leadership, huge, +2 maxHp, +1 toughness (not fielded), +1 itemSlots (on the hero, its item slots); The Serpent: mystic, +5 accuracy, +2 crit; Rune-Marked Ascetic: spiritual, hardy; Forest Elf: dim-sighted, +1 precision, +1 resist; Dawnblade: warded, thick-skinned; Crimson Sorceress: winded, reckless, +2 luck, +1 strength, -2 maxHp
 ❯ test/opening-free-equip.test.ts (6 tests | 4 failed) 17451ms
     × the rule is one row and one reading of the Campaign: in the opening an item costs nothing to equip; after it, its row's cost 6ms
     × an idol or a bloodrune kept as a reward goes onto a hero at Equip with an empty purse, costs nothing, and is fielded in the battle 2ms
     × the Equip screen shows the cost as free in the opening, and as its faith or mana outside it 6ms
     × the page: an idol or a bloodrune kept as a battle reward is put on a hero at Equip free — nothing taken from the purse — and fielded 17427ms

⎯⎯⎯⎯⎯⎯⎯ Failed Tests 4 ⎯⎯⎯⎯⎯⎯⎯

 FAIL  test/opening-free-equip.test.ts > kingdom.opening-free-equip — idols and bloodrunes equip free during the opening > the rule is one row and one reading of the Campaign: in the opening an item costs nothing to equip; after it, its row's cost
AssertionError: content/equip.ts OPENING_EQUIPS_FREE: expected undefined to be true // Object.is equality

- Expected:
true

+ Received:
undefined

 ❯ test/opening-free-equip.test.ts:54:134
     52|
     53|   it('the rule is one row and one reading of the Campaign: in the open…
     54|     expect((EQUIP_ROWS as unknown as { OPENING_EQUIPS_FREE?: boolean }…
       |                                                                                                                                      ^
     55|     const { ctx } = atEquip(), c = ctx.campaign
     56|     expect(isOpeningDone(c)).toBe(false)

⎯⎯⎯⎯⎯⎯⎯⎯⎯⎯⎯⎯⎯⎯⎯⎯⎯⎯⎯⎯⎯⎯⎯⎯[1/4]⎯

 FAIL  test/opening-free-equip.test.ts > kingdom.opening-free-equip — idols and bloodrunes equip free during the opening > an idol or a bloodrune kept as a reward goes onto a hero at Equip with an empty purse, costs nothing, and is fielded in the battle
AssertionError: item.censer-of-true-light goes on with an empty purse: expected 'short of Faith to equip \'Censer of T…' to be null

- Expected:
null

+ Received:
"short of Faith to equip 'Censer of True Light'"

 ❯ test/opening-free-equip.test.ts:74:81
     72|       c.stash.push(item)
     73|       const before = purseOf(ctx)
     74|       expect(whyNotEquip(c, hero, item), `${item} goes on with an empt…
       |                                                                                 ^
     75|       expect(canEquip(c, hero, item)).toBe(true)
     76|       performEquip(ctx, hero, item, 'test')

⎯⎯⎯⎯⎯⎯⎯⎯⎯⎯⎯⎯⎯⎯⎯⎯⎯⎯⎯⎯⎯⎯⎯⎯[2/4]⎯

 FAIL  test/opening-free-equip.test.ts > kingdom.opening-free-equip — idols and bloodrunes equip free during the opening > the Equip screen shows the cost as free in the opening, and as its faith or mana outside it
AssertionError: item.censer-of-true-light: free: expected 'data-act="pick" data-id="item.censer-…' to contain 'free to equip'

- Expected
+ Received

- free to equip
+ data-act="pick" data-id="item.censer-of-true-light" title="short of Faith to equip 'Censer of True Light'">
+         <b>Censer of True Light</b>
+         <small>tier 1 · 1 faith to equip

 ❯ test/opening-free-equip.test.ts:116:89
    114|     const tile = (html: string, id: string) => { const at = html.index…
    115|     const opening = equipPage(c, [hero], { where: 'prep', picked: null…
    116|     for (const id of [IDOLS[0]!, RUNES[0]!]) { expect(tile(opening, id…
       |                                                                                         ^
    117|     c.cursor.prologue = null; c.week = 1
    118|     const later = equipPage(c, [hero], { where: 'prep', picked: null })

⎯⎯⎯⎯⎯⎯⎯⎯⎯⎯⎯⎯⎯⎯⎯⎯⎯⎯⎯⎯⎯⎯⎯⎯[3/4]⎯

 FAIL  test/opening-free-equip.test.ts > kingdom.opening-free-equip — idols and bloodrunes equip free during the opening > the page: an idol or a bloodrune kept as a battle reward is put on a hero at Equip free — nothing taken from the purse — and fielded
AssertionError: expected 'opening run six: six battles from the…' to match /an? (idol|bloodrune) kept as a battle…/

- Expected:
/an? (idol|bloodrune) kept as a battle reward \([^)]+\) went onto [^;]+ at Equip free — shown as free to equip, nothing taken from the purse — and was fielded in the next battle/

+ Received:
"opening run six: six battles from the map, never the kingdom map (Week 0); one draft before every battle (1, 1, 1, 1, 1, 1): a party of 1, 2, 3, 4, 5, 6 at battles 1 to 6; six drafts of three, no class twice, Rogues and Mages offered; three specialties of its own class offered at every specialty choice (5 choices), one taken each time; the page closed on the choice and opened again showed the same three; the first hero chosen by description only and given Leadership, a positive badge and +2 Health; every later draft shown with its rolled modifiers, kept in every battle and to the end of the run, the same after the page is closed and reopened; the party six, one of each class (mage, paladin, priest, ranger, rogue, warrior); four deploy — with five or more free to fight the run asked who goes (battle 5: home Dawnblade; battle 6: home Dawnblade, Rune-Marked Ascetic, Forest Elf, The Serpent, Dwarven Brawler; battle 6 again: home Crimson Sorceress, Dawnblade), the four chosen on Equip and on the board, whoever stayed home unharmed and unpaid, the choice kept when the page is closed on it, and asked again for a lost battle; base heroes left out for no kit: none; card art on every hero card (draft 18, whoGoes 22, equip 21, victory 18, rewards 19, carrier 1, levelUp 10; heroes with no art on disk, shown blank: none); the victory screens showed the civilians who fought, set apart from the heroes and marked unhurt, wounded or dead (the Orphanage: Orphan Child dead, School Teacher dead; the Lumberjack House: Lumberjack unhurt, joins, Lumberjack's Wife unhurt, joins); a civilian who died (Orphan Child, School Teacher) was marked dead and did not join; item card art: 13 reward cards — 1 showed their item's card art, 12 plain and named in itemsMissing; 51 items on Equip — 8 with art, 43 plain and named in itemsMissing; the Flaming Longsword's reward card showed its card art; party Crimson Sorceress L2, Dawnblade L1, Rune-Marked Ascetic L3, Forest Elf L2, The Serpent L3, Dwarven Brawler L5; closed after battle 3 and reopened at battle 4 with the same party, items, XP and levels; battle 2 lost and offered again with the same party; a run left mid-battle (battle 4) reopens on that battle; the Bridge's item.soaked-plate.runed kept passed
"

 ❯ test/opening-free-equip.test.ts:125:17


⎯⎯⎯⎯⎯⎯⎯⎯⎯⎯⎯⎯⎯⎯⎯⎯⎯⎯⎯⎯⎯⎯⎯⎯[4/4]⎯


 Test Files  1 failed (1)
      Tests  4 failed | 2 passed (6)
   Start at  03:01:30
   Duration  23.20s (transform 3.64s, setup 0ms, import 5.59s, tests 17.45s, environment 0ms)

