
 RUN  v4.1.11 C:/Users/aring/Desktop/HBT-worker-kingdom/kingdom

battle 1: sent Dwarven Brawler L1; at home nobody
settled battle 1: the strong party, the engine's AI — heroClear on Turn 1, the Engagement's own seed 1
battle 2: sent The Serpent L1, Dwarven Brawler L2; at home nobody
settled battle 2 lost: the party held idle, cut at Turn 1 — capped on Turn 1, the Engagement's own seed 2
settled battle 2 won: the strong party, the engine's AI — heroClear on Turn 2, the Engagement's own seed 2
battle 3: sent Rune-Marked Ascetic L1, The Serpent L2, Dwarven Brawler L3; at home nobody
settled battle 3: the strong party, the engine's AI — heroClear on Turn 6, the Engagement's own seed 3
battle 4: sent Rune-Marked Ascetic L1, Forest Elf L1, The Serpent L3, Dwarven Brawler L3; at home nobody
settled battle 4: the strong party, the engine's AI — heroClear on Turn 5, the Engagement's own seed 4
battle 5: asked who goes — sent Rune-Marked Ascetic, Forest Elf, The Serpent, Dwarven Brawler; home Dawnblade
battle 5: sent Rune-Marked Ascetic L2, Forest Elf L2, The Serpent L3, Dwarven Brawler L4; at home Dawnblade alive
settled battle 5: the strong party, the engine's AI — heroClear on Turn 4, the Engagement's own seed 5
battle 6: asked who goes — sent Crimson Sorceress; home Dawnblade, Rune-Marked Ascetic, Forest Elf, The Serpent, Dwarven Brawler
battle 6: sent Crimson Sorceress L1; at home Dawnblade alive, Rune-Marked Ascetic alive, Forest Elf alive, The Serpent alive, Dwarven Brawler alive
settled battle 6 lost: the party held idle, cut at Turn 1 — capped on Turn 1, the Engagement's own seed 6
battle 6 again: asked who goes — sent Rune-Marked Ascetic, Forest Elf, The Serpent, Dwarven Brawler; home Crimson Sorceress, Dawnblade
settled battle 6 won: the strong party, the engine's AI — heroClear on Turn 9, the Engagement's own seed 6
settled by: {"encounter.opening.orphanage":["ai",1,1],"encounter.opening.lumberjack:lost":["idle",2,1],"encounter.opening.lumberjack":["ai",2,2],"encounter.opening.bridge":["ai",3,6],"encounter.opening.cavern-trail":["ai",4,5],"encounter.opening.gates":["ai",5,4],"encounter.opening.cathedral:lost":["idle",6,1],"encounter.opening.cathedral":["ai",6,9]}
offers: battle 1, draft 1: Crimson Sorceress / Dwarven Brawler / Skullplate Veteran -> Dwarven Brawler; battle 2, draft 1: The Serpent / Hunter / The Raven -> The Serpent; battle 3, draft 1: Battle Chaplain / Rune-Marked Ascetic / Barefoot Mendicant -> Rune-Marked Ascetic; battle 4, draft 1: Forest Fey / Emberwright / Forest Elf -> Forest Elf; battle 5, draft 1: Dawnblade / Black Oath / Crimson Sorceress -> Dawnblade; battle 6, draft 1: Archive Scholar / Emberwright / Crimson Sorceress -> Crimson Sorceress
drafted with: Dwarven Brawler: leadership, huge, +2 maxHp, +1 toughness (not fielded), +1 itemSlots (on the hero, its item slots); The Serpent: mystic, +5 accuracy, +2 crit; Rune-Marked Ascetic: spiritual, hardy; Forest Elf: dim-sighted, +1 precision, +1 resist; Dawnblade: warded, thick-skinned; Crimson Sorceress: winded, reckless, +2 luck, +1 strength, -2 maxHp
 ❯ test/opening-recap-civilians.test.ts (6 tests | 5 failed) 16236ms
     × the civilians are read from the battle's own result — the hero-side units that are not roster heroes — each unhurt, wounded or dead 7ms
     × after the Orphanage the victory screen shows the first hero and, set apart, the Orphan Child and the School Teacher, each marked as the battle left them 133ms
     × "Decisive Victory — No wounds sustained" is said only when no hero and no civilian was wounded or killed 44ms
     × after the Lumberjack House it shows the Lumberjack and his Wife the same way; a civilian with no portrait is shown by name, never with another's face 131ms
     × the pages: a card for every player-side unit on every victory screen, the civilians set apart and marked, and the mark of a civilian who died 14359ms

⎯⎯⎯⎯⎯⎯⎯ Failed Tests 5 ⎯⎯⎯⎯⎯⎯⎯

 FAIL  test/opening-recap-civilians.test.ts > kingdom.opening-recap-civilians — the victory screen shows the civilians who fought > the civilians are read from the battle's own result — the hero-side units that are not roster heroes — each unhurt, wounded or dead
AssertionError: view/civilians.ts listBattleCivilians: expected 'undefined' to be 'function' // Object.is equality

Expected: "function"
Received: "undefined"

 ❯ test/opening-recap-civilians.test.ts:93:81
     91|
     92|   it('the civilians are read from the battle\'s own result — the hero-…
     93|     expect(typeof listBattleCivilians, 'view/civilians.ts listBattleCi…
       |                                                                                 ^
     94|     const { playedOut } = await driver()
     95|     const ctx = makeCtx(makeNewCampaign(11)), won = playedOut(field(ct…

⎯⎯⎯⎯⎯⎯⎯⎯⎯⎯⎯⎯⎯⎯⎯⎯⎯⎯⎯⎯⎯⎯⎯⎯[1/5]⎯

 FAIL  test/opening-recap-civilians.test.ts > kingdom.opening-recap-civilians — the victory screen shows the civilians who fought > after the Orphanage the victory screen shows the first hero and, set apart, the Orphan Child and the School Teacher, each marked as the battle left them
AssertionError: the civilians have a row of their own: expected -1 to be greater than 315
 ❯ test/opening-recap-civilians.test.ts:125:88
    123|     expect(imagesIn(faces[0]!.slice(0, faces[0]!.indexOf('party-name')…
    124|     // set apart: a row of its own, after the heroes', under its own h…
    125|     expect(html.indexOf('id="rc-civilians"'), 'the civilians have a ro…
       |                                                                                        ^
    126|     expect(html.slice(html.indexOf('id="rc-party"'), html.indexOf('id=…
    127|     expect(html.slice(html.indexOf('id="rc-civilians"'))).toMatch(/Civ…

⎯⎯⎯⎯⎯⎯⎯⎯⎯⎯⎯⎯⎯⎯⎯⎯⎯⎯⎯⎯⎯⎯⎯⎯[2/5]⎯

 FAIL  test/opening-recap-civilians.test.ts > kingdom.opening-recap-civilians — the victory screen shows the civilians who fought > "Decisive Victory — No wounds sustained" is said only when no hero and no civilian was wounded or killed
AssertionError: expected [] to deeply equal [ 'unhurt', 'unhurt' ]

- Expected
+ Received

- [
-   "unhurt",
-   "unhurt",
- ]
+ []

 ❯ test/opening-recap-civilians.test.ts:158:58
    156|     const clean = say({ [CHILD]: 'unhurt', [TEACHER]: 'unhurt' })
    157|     expect(clean.report).toContain('Decisive Victory — No wounds susta…
    158|     expect(clean.cards.map((x) => attr(x, 'data-fate'))).toEqual(['unh…
       |                                                          ^
    159|     for (const x of clean.cards) { expect(x).toMatch(/>Unhurt/); expec…
    160|     for (const fates of [{ [CHILD]: 'wounded', [TEACHER]: 'unhurt' }, …

⎯⎯⎯⎯⎯⎯⎯⎯⎯⎯⎯⎯⎯⎯⎯⎯⎯⎯⎯⎯⎯⎯⎯⎯[3/5]⎯

 FAIL  test/opening-recap-civilians.test.ts > kingdom.opening-recap-civilians — the victory screen shows the civilians who fought > after the Lumberjack House it shows the Lumberjack and his Wife the same way; a civilian with no portrait is shown by name, never with another's face
AssertionError: expected [] to deeply equal [ …(2) ]

- Expected
+ Received

- [
-   "hero.fixed.lumberjack-and-wife",
-   "hero.fixed.lumberjacks-wife",
- ]
+ []

 ❯ test/opening-recap-civilians.test.ts:176:59
    174|     expect(blocks(html, /<div class="party-member"/g).length, 'the two…
    175|     const cards = civiliansOn(html)
    176|     expect(cards.map((x) => attr(x, 'data-unit')).sort()).toEqual([LUM…
       |                                                           ^
    177|     const man = cards.find((x) => attr(x, 'data-unit') === LUMBERJACK_…
    178|     expect([attr(man, 'data-fate'), attr(wife, 'data-fate')]).toEqual(…

⎯⎯⎯⎯⎯⎯⎯⎯⎯⎯⎯⎯⎯⎯⎯⎯⎯⎯⎯⎯⎯⎯⎯⎯[4/5]⎯

 FAIL  test/opening-recap-civilians.test.ts > kingdom.opening-recap-civilians — the victory screen shows the civilians who fought > the pages: a card for every player-side unit on every victory screen, the civilians set apart and marked, and the mark of a civilian who died
AssertionError: expected 'opening run six: six battles from the…' to match /the victory screens showed the civili…/

- Expected:
/the victory screens showed the civilians who fought, set apart from the heroes and marked unhurt, wounded or dead \(the Orphanage: [^;)]+; the Lumberjack House: [^;)]+\); a civilian who died \([^)]+\) was marked dead and did not join/

+ Received:
"opening run six: six battles from the map, never the kingdom map (Week 0); one draft before every battle (1, 1, 1, 1, 1, 1): a party of 1, 2, 3, 4, 5, 6 at battles 1 to 6; six drafts of three, no class twice, Rogues and Mages offered; three specialties of its own class offered at every specialty choice (5 choices), one taken each time; the page closed on the choice and opened again showed the same three; the first hero chosen by description only and given Leadership, a positive badge and +2 Health; every later draft shown with its rolled modifiers, kept in every battle and to the end of the run, the same after the page is closed and reopened; the party six, one of each class (mage, paladin, priest, ranger, rogue, warrior); four deploy — with five or more free to fight the run asked who goes (battle 5: home Dawnblade; battle 6: home Dawnblade, Rune-Marked Ascetic, Forest Elf, The Serpent, Dwarven Brawler; battle 6 again: home Crimson Sorceress, Dawnblade), the four chosen on Equip and on the board, whoever stayed home unharmed and unpaid, the choice kept when the page is closed on it, and asked again for a lost battle; base heroes left out for no kit: none; card art on every hero card (draft 18, whoGoes 22, equip 21, victory 18, rewards 19, carrier 1, levelUp 10; heroes with no art on disk, shown blank: none); item card art: 13 reward cards — 1 showed their item's card art, 12 plain and named in itemsMissing; 51 items on Equip — 8 with art, 43 plain and named in itemsMissing; the Flaming Longsword's reward card showed its card art; party Crimson Sorceress L2, Dawnblade L1, Rune-Marked Ascetic L3, Forest Elf L2, The Serpent L3, Dwarven Brawler L5; closed after battle 3 and reopened at battle 4 with the same party, items, XP and levels; battle 2 lost and offered again with the same party; a run left mid-battle (battle 4) reopens on that battle; the Bridge's item.soaked-plate.runed kept passed
"

 ❯ test/opening-recap-civilians.test.ts:195:17


⎯⎯⎯⎯⎯⎯⎯⎯⎯⎯⎯⎯⎯⎯⎯⎯⎯⎯⎯⎯⎯⎯⎯⎯[5/5]⎯


 Test Files  1 failed (1)
      Tests  5 failed | 1 passed (6)
   Start at  02:48:01
   Duration  21.35s (transform 3.75s, setup 0ms, import 4.97s, tests 16.24s, environment 0ms)

