
 RUN  v4.1.11 C:/Users/aring/Desktop/HBT-worker-kingdom/kingdom

battle 1: sent Dwarven Brawler L1; at home nobody
settled battle 1: the strong party, the engine's AI — heroClear on Turn 8, the Engagement's own seed 1
battle 1: the strong party stood idle until a civilian had fallen, and the engine's AI played from there (kingdom.opening-recap-civilians)
battle 2: sent The Serpent L1, Dwarven Brawler L2; at home nobody
settled battle 2 lost: the party held idle, cut at Turn 1 — capped on Turn 1, the Engagement's own seed 2
settled battle 2 won: the strong party, the engine's AI — heroClear on Turn 2, the Engagement's own seed 2
battle 3: sent Rune-Marked Ascetic L1, The Serpent L2, Dwarven Brawler L3; at home nobody
settled battle 3: the strong party, the engine's AI — heroClear on Turn 6, the Engagement's own seed 3
battle 4: sent Rune-Marked Ascetic L1, Forest Elf L1, The Serpent L3, Dwarven Brawler L3; at home nobody
settled battle 4: the strong party, the engine's AI — heroClear on Turn 5, the Engagement's own seed 4
battle 5: asked who goes — sent Rune-Marked Ascetic, Forest Elf, The Serpent, Dwarven Brawler; home Dawnblade
battle 5: sent Rune-Marked Ascetic L2, Forest Elf L2, The Serpent L3, Dwarven Brawler L4; at home Dawnblade alive
settled battle 5: the strong party, the engine's AI — heroClear on Turn 4, the Engagement's own seed 5
battle 6: asked who goes — sent Crimson Sorceress; home Dawnblade, Rune-Marked Ascetic, Forest Elf, The Serpent, Dwarven Brawler
battle 6: sent Crimson Sorceress L1; at home Dawnblade alive, Rune-Marked Ascetic alive, Forest Elf alive, The Serpent alive, Dwarven Brawler alive
settled battle 6 lost: the party held idle, cut at Turn 1 — capped on Turn 1, the Engagement's own seed 6
battle 6 again: asked who goes — sent Rune-Marked Ascetic, Forest Elf, The Serpent, Dwarven Brawler; home Crimson Sorceress, Dawnblade
settled battle 6 won: the strong party, the engine's AI — heroClear on Turn 8, the Engagement's own seed 6
settled by: {"encounter.opening.orphanage":["civilian-falls",1,8],"encounter.opening.lumberjack:lost":["idle",2,1],"encounter.opening.lumberjack":["ai",2,2],"encounter.opening.bridge":["ai",3,6],"encounter.opening.cavern-trail":["ai",4,5],"encounter.opening.gates":["ai",5,4],"encounter.opening.cathedral:lost":["idle",6,1],"encounter.opening.cathedral":["ai",6,8]}
offers: battle 1, draft 1: Crimson Sorceress / Dwarven Brawler / Skullplate Veteran -> Dwarven Brawler; battle 2, draft 1: The Serpent / Hunter / The Raven -> The Serpent; battle 3, draft 1: Battle Chaplain / Rune-Marked Ascetic / Barefoot Mendicant -> Rune-Marked Ascetic; battle 4, draft 1: Forest Fey / Emberwright / Forest Elf -> Forest Elf; battle 5, draft 1: Dawnblade / Black Oath / Crimson Sorceress -> Dawnblade; battle 6, draft 1: Archive Scholar / Emberwright / Crimson Sorceress -> Crimson Sorceress
drafted with: Dwarven Brawler: leadership, huge, +2 maxHp, +1 toughness (not fielded), +1 itemSlots (on the hero, its item slots); The Serpent: mystic, +5 accuracy, +2 crit; Rune-Marked Ascetic: spiritual, hardy; Forest Elf: dim-sighted, +1 precision, +1 resist; Dawnblade: warded, thick-skinned; Crimson Sorceress: winded, reckless, +2 luck, +1 strength, -2 maxHp
 ❯ test/opening-replay-rules.test.ts (5 tests | 5 failed) 10427ms
     × a lost Orphanage leaves the hero's XP where it was and offers the replay; a won Orphanage pays 20 83ms
     × a lost battle with no fixed XP pays none either — not the formula's, no MVP — and the wounds it left are kept 84ms
     × a replayed battle is fielded on new dice: its seed takes the replay's count with the battle's number, and the two battles' logs differ 1ms
     × a replay reopened from the save is byte-identical to itself — named streams, no clock; and another run's replay is another battle 10ms
     × the pages: a lost battle left every hero's XP where it was and was offered again; the replay was on new dice and reopened as itself; a won Orphanage paid 20 9154ms

⎯⎯⎯⎯⎯⎯⎯ Failed Tests 5 ⎯⎯⎯⎯⎯⎯⎯

 FAIL  test/opening-replay-rules.test.ts > kingdom.opening-replay-rules — a lost opening battle pays no XP; a replay rolls new dice > a lost Orphanage leaves the hero's XP where it was and offers the replay; a won Orphanage pays 20
AssertionError: a lost battle proposes no XP and no MVP: expected [ [ 20, false ] ] to deeply equal [ [ +0, false ] ]

- Expected
+ Received

  [
    [
-     0,
+     20,
      false,
    ],
  ]

 ❯ test/opening-replay-rules.test.ts:71:91
     69|     const k = write(ctx, lost)
     70|     expect(k.won).toBe(false)
     71|     expect(k.heroes.map((h) => [h.xp, h.mvp]), 'a lost battle proposes…
       |                                                                                           ^
     72|     expect(c.roster[hero]!.xp, 'the hero\'s XP is where it was').toBe(…
     73|     expect(ctx.events.filter((e) => e.type === 'xp.gained')).toEqual([…

⎯⎯⎯⎯⎯⎯⎯⎯⎯⎯⎯⎯⎯⎯⎯⎯⎯⎯⎯⎯⎯⎯⎯⎯[1/5]⎯

 FAIL  test/opening-replay-rules.test.ts > kingdom.opening-replay-rules — a lost opening battle pays no XP; a replay rolls new dice > a lost battle with no fixed XP pays none either — not the formula's, no MVP — and the wounds it left are kept
AssertionError: expected [ 30, 14 ] to deeply equal [ +0, +0 ]

- Expected
+ Received

  [
-   0,
-   0,
+   30,
+   14,
  ]

 ❯ test/opening-replay-rules.test.ts:101:39
     99|     const hurt: EngagementResult = { ...r, units: r.units.map((u) => u…
    100|     const k = write(ctx, hurt)
    101|     expect(k.heroes.map((h) => h.xp)).toEqual(party.map(() => 0))
       |                                       ^
    102|     expect(k.heroes.some((h) => h.mvp)).toBe(false)
    103|     expect(xpOf(ctx), 'nobody\'s XP moved').toEqual(before)

⎯⎯⎯⎯⎯⎯⎯⎯⎯⎯⎯⎯⎯⎯⎯⎯⎯⎯⎯⎯⎯⎯⎯⎯[2/5]⎯

 FAIL  test/opening-replay-rules.test.ts > kingdom.opening-replay-rules — a lost opening battle pays no XP; a replay rolls new dice > a replayed battle is fielded on new dice: its seed takes the replay's count with the battle's number, and the two battles' logs differ
AssertionError: core/opening.ts openingBattleSeedOf: expected 'undefined' to be 'function' // Object.is equality

Expected: "function"
Received: "undefined"

 ❯ test/opening-replay-rules.test.ts:109:66
    107|
    108|   it('a replayed battle is fielded on new dice: its seed takes the rep…
    109|     expect(typeof seedOf, 'core/opening.ts openingBattleSeedOf').toBe(…
       |                                                                  ^
    110|     const { playedOut } = await driver()
    111|     const ctx = makeCtx(makeNewCampaign(11)), c = ctx.campaign

⎯⎯⎯⎯⎯⎯⎯⎯⎯⎯⎯⎯⎯⎯⎯⎯⎯⎯⎯⎯⎯⎯⎯⎯[3/5]⎯

 FAIL  test/opening-replay-rules.test.ts > kingdom.opening-replay-rules — a lost opening battle pays no XP; a replay rolls new dice > a replay reopened from the save is byte-identical to itself — named streams, no clock; and another run's replay is another battle
Error: performFieldOpeningBattle refused: the cursor is at 'levelUp'
 ❯ performFieldOpeningBattle src/core/opening.ts:241:39
    239|   if (c.ended) throw new Error('performFieldOpeningBattle refused: the…
    240|   if (c.cursor.prologue === null) throw new Error('performFieldOpening…
    241|   if (c.cursor.step !== 'open') throw new Error(`performFieldOpeningBa…
       |                                       ^
    242|   if (draftsOwedOf(c) > 0) throw new Error(`performFieldOpeningBattle …
    243|   const n = c.cursor.prologue
 ❯ field test/opening-replay-rules.test.ts:40:3
 ❯ test/opening-replay-rules.test.ts:145:18

⎯⎯⎯⎯⎯⎯⎯⎯⎯⎯⎯⎯⎯⎯⎯⎯⎯⎯⎯⎯⎯⎯⎯⎯[4/5]⎯

 FAIL  test/opening-replay-rules.test.ts > kingdom.opening-replay-rules — a lost opening battle pays no XP; a replay rolls new dice > the pages: a lost battle left every hero's XP where it was and was offered again; the replay was on new dice and reopened as itself; a won Orphanage paid 20
AssertionError: expected 'opening run six: six battles from the…' to match /a lost battle paid no XP \(the Orphan…/

- Expected:
/a lost battle paid no XP \(the Orphanage, the Lumberjack House and the Cathedral, each lost first: every hero's XP where it was\) and was offered again on new dice \([^)]+\); a replay left mid-battle reopened as the same battle to the byte; the Orphanage won paid its 20/

+ Received:
"opening run six: six battles from the map, never the kingdom map (Week 0); one draft before every battle (1, 1, 1, 1, 1, 1): a party of 1, 2, 3, 4, 5, 6 at battles 1 to 6; six drafts of three, no class twice, Rogues and Mages offered; three specialties of its own class offered at every specialty choice (5 choices), one taken each time; the page closed on the choice and opened again showed the same three; the first hero chosen by description only and given Leadership, a positive badge and +2 Health; every later draft shown with its rolled modifiers, kept in every battle and to the end of the run, the same after the page is closed and reopened; the party six, one of each class (mage, paladin, priest, ranger, rogue, warrior); four deploy — with five or more free to fight the run asked who goes (battle 5: home Dawnblade; battle 6: home Dawnblade, Rune-Marked Ascetic, Forest Elf, The Serpent, Dwarven Brawler; battle 6 again: home Crimson Sorceress, Dawnblade), the four chosen on Equip and on the board, whoever stayed home unharmed and unpaid, the choice kept when the page is closed on it, and asked again for a lost battle; base heroes left out for no kit: none; card art on every hero card (draft 18, whoGoes 22, equip 21, victory 18, rewards 19, carrier 1, levelUp 10; heroes with no art on disk, shown blank: none); the victory screens showed the civilians who fought, set apart from the heroes and marked unhurt, wounded or dead (the Orphanage: Orphan Child dead, School Teacher dead; the Lumberjack House: Lumberjack unhurt, joins, Lumberjack's Wife unhurt, joins); a civilian who died (Orphan Child, School Teacher) was marked dead and did not join; an idol kept as a battle reward (Finger of Saint Aldwyn, 1 faith outside the opening) went onto Rune-Marked Ascetic at Equip free — shown as free to equip, nothing taken from the purse — and was fielded in the next battle; an idol kept as a battle reward (Finger of Saint Aldwyn, 1 faith outside the opening) went onto Crimson Sorceress at Equip free — shown as free to equip, nothing taken from the purse — and was fielded in the next battle; item card art: 13 reward cards — 1 showed their item's card art, 12 plain and named in itemsMissing; 50 items on Equip — 8 with art, 42 plain and named in itemsMissing; the Flaming Longsword's reward card showed its card art; party Crimson Sorceress L2, Dawnblade L1, Rune-Marked Ascetic L3, Forest Elf L2, The Serpent L3, Dwarven Brawler L5; closed after battle 3 and reopened at battle 4 with the same party, items, XP and levels; battle 2 lost and offered again with the same party; a run left mid-battle (battle 4) reopens on that battle; the Bridge's item.soaked-plate.runed kept passed
"

 ❯ test/opening-replay-rules.test.ts:163:17


⎯⎯⎯⎯⎯⎯⎯⎯⎯⎯⎯⎯⎯⎯⎯⎯⎯⎯⎯⎯⎯⎯⎯⎯[5/5]⎯


 Test Files  1 failed (1)
      Tests  5 failed (5)
   Start at  03:18:21
   Duration  14.61s (transform 3.14s, setup 0ms, import 4.06s, tests 10.43s, environment 0ms)

