
[1m[30m[46m RUN [49m[39m[22m [36mv4.1.11 [39m[90m/sessions/rcw-01cr2k84pcwwcrs8vbwlz64b/mnt/Heroes of Blight and Tragic/kingdom[39m

 [31m❯[39m test/sandbox-prop-attack.test.ts [2m([22m[2m3 tests[22m[2m | [22m[31m2 failed[39m[2m)[22m[32m 55[2mms[22m[39m
[31m     [31m×[31m offers the engine-valid prop hexes, each a { hex } action with no forecast[39m[32m 28[2mms[22m[39m
[31m     [31m×[31m issuing it strikes through the engine: prop.struck, the barrels gone, the slot spent[39m[32m 11[2mms[22m[39m
     [32m✓[39m no prop in reach, no hex aim; an attack without Destroy never offers one[32m 14[2mms[22m[39m

[31m⎯⎯⎯⎯⎯⎯⎯[39m[1m[41m Failed Tests 2 [49m[22m[31m⎯⎯⎯⎯⎯⎯⎯[39m

[41m[1m FAIL [22m[49m test/sandbox-prop-attack.test.ts[2m > [22msandbox — an attack with Destroy aimed at a prop[2m > [22moffers the engine-valid prop hexes, each a { hex } action with no forecast
[31m[1mAssertionError[22m: expected [] to deeply equal [ [ …(3) ], [ …(3) ] ][39m

[32m- Expected[39m
[31m+ Received[39m

[32m- [[39m
[32m-   [[39m
[32m-     "attack.test-destroy.chop",[39m
[32m-     10,[39m
[32m-     "movement",[39m
[32m-   ],[39m
[32m-   [[39m
[32m-     "attack.test-destroy.chop",[39m
[32m-     10,[39m
[32m-     "primary",[39m
[32m-   ],[39m
[32m- ][39m
[31m+ [][39m

[36m [2m❯[22m test/sandbox-prop-attack.test.ts:[2m28:103[22m[39m
    [90m 26|[39m     [35mconst[39m aims [33m=[39m [34mhexAims[39m(s)
    [90m 27|[39m     // an attack is authored 'either' by default, so both open slots a…
    [90m 28|[39m     expect(aims.map((c) => [c.command.actionId, (c.command as { hex: n…
    [90m   |[39m                                                                                                       [31m^[39m
    [90m 29|[39m     [35mfor[39m ([35mconst[39m c [35mof[39m aims) {
    [90m 30|[39m       expect(c.command).toEqual({ kind: 'action', actor, actionId: CHO…

[31m[2m⎯⎯⎯⎯⎯⎯⎯⎯⎯⎯⎯⎯⎯⎯⎯⎯⎯⎯⎯⎯⎯⎯⎯⎯[1/2]⎯[22m[39m

[41m[1m FAIL [22m[49m test/sandbox-prop-attack.test.ts[2m > [22msandbox — an attack with Destroy aimed at a prop[2m > [22missuing it strikes through the engine: prop.struck, the barrels gone, the slot spent
[31m[1mTypeError[22m: Cannot read properties of undefined (reading 'command')[39m
[36m [2m❯[22m test/sandbox-prop-attack.test.ts:[2m38:43[22m[39m
    [90m 36|[39m     const { s } = acting([{ id: 'prop.test.barrels', height: 'low', ma…
    [90m 37|[39m     [35mconst[39m n [33m=[39m s[33m.[39mctx[33m.[39mevents[33m.[39mlength
    [90m 38|[39m     expect(commandSandbox(s, hexAims(s)[0]!.command)).toEqual({ ok: tr…
    [90m   |[39m                                           [31m^[39m
    [90m 39|[39m     [35mconst[39m after [33m=[39m s[33m.[39mctx[33m.[39mevents[33m.[39m[34mslice[39m(n)[33m.[39m[34mmap[39m((e) [33m=>[39m e[33m.[39mtype)
    [90m 40|[39m     [34mexpect[39m(after)[33m.[39m[34mtoContain[39m([32m'prop.struck'[39m)

[31m[2m⎯⎯⎯⎯⎯⎯⎯⎯⎯⎯⎯⎯⎯⎯⎯⎯⎯⎯⎯⎯⎯⎯⎯⎯[2/2]⎯[22m[39m


[2m Test Files [22m [1m[31m1 failed[39m[22m[90m (1)[39m
[2m      Tests [22m [1m[31m2 failed[39m[22m[2m | [22m[1m[32m1 passed[39m[22m[90m (3)[39m
[2m   Start at [22m 20:15:16
[2m   Duration [22m 4.44s[2m (transform 2.68s, setup 0ms, import 3.11s, tests 55ms, environment 0ms)[22m

