✖ copies resolved expenditure flags for paid, free and reaction facts (1.9972ms)
✖ only real activation and Surge boundaries reset slots; every seek equals stepping (0.3657ms)
ℹ tests 2
ℹ suites 0
ℹ pass 0
ℹ fail 2
ℹ cancelled 0
ℹ skipped 0
ℹ todo 0
ℹ duration_ms 58.6155

✖ failing tests:

test at tools\action-spent.test.mjs:7:1
✖ copies resolved expenditure flags for paid, free and reaction facts (1.9972ms)
  AssertionError [ERR_ASSERTION]: Expected values to be strictly deep-equal:
  + actual - expected
  
    [
  +   undefined,
  +   undefined
  -   false,
  -   false
    ]
  
      at TestContext.<anonymous> (file:///C:/Users/aring/Desktop/Heroes%20of%20Blight%20and%20Tragic/viewer/tools/action-spent.test.mjs:9:10)
      at Test.runInAsyncScope (node:async_hooks:214:14)
      at Test.run (node:internal/test_runner/test:1106:25)
      at Test.start (node:internal/test_runner/test:1003:17)
      at startSubtestAfterBootstrap (node:internal/test_runner/harness:358:17) {
    generatedMessage: true,
    code: 'ERR_ASSERTION',
    actual: [ undefined, undefined ],
    expected: [ false, false ],
    operator: 'deepStrictEqual',
    diff: 'simple'
  }

test at tools\action-spent.test.mjs:15:1
✖ only real activation and Surge boundaries reset slots; every seek equals stepping (0.3657ms)
  AssertionError [ERR_ASSERTION]: Expected values to be strictly deep-equal:
  + actual - expected
  
    [
  +   undefined,
  +   undefined
  -   true,
  -   true
    ]
  
      at TestContext.<anonymous> (file:///C:/Users/aring/Desktop/Heroes%20of%20Blight%20and%20Tragic/viewer/tools/action-spent.test.mjs:21:42)
      at Test.runInAsyncScope (node:async_hooks:214:14)
      at Test.run (node:internal/test_runner/test:1106:25)
      at Test.processPendingSubtests (node:internal/test_runner/test:788:18)
      at Test.postRun (node:internal/test_runner/test:1235:19)
      at Test.run (node:internal/test_runner/test:1163:12)
      at async startSubtestAfterBootstrap (node:internal/test_runner/harness:358:3) {
    generatedMessage: true,
    code: 'ERR_ASSERTION',
    actual: [ undefined, undefined ],
    expected: [ true, true ],
    operator: 'deepStrictEqual',
    diff: 'simple'
  }
