door probe: only src/engine.ts imports the engine
laws 5 and 6: no mode below the intent layer, no status hue outside theme.js
typecheck (the door, the sheet, the .mts tools — the .js is not typed): clean
✔ actual browser entry emits no catalog loader or gameplay modules (85.7618ms)
✔ guard distinguishes emitted bytes from parsed or tree-shaken inputs (0.4393ms)
✔ normal static generator still validates and exports identical data (281.5609ms)
✔ normal static generator rejects malformed catalog before writing (104.3767ms)
ℹ tests 4
ℹ suites 0
ℹ pass 4
ℹ fail 0
ℹ cancelled 0
ℹ skipped 0
ℹ todo 0
ℹ duration_ms 538.849
maps: 22 in the engine, all in both dumps
passive runtime modules: ../engine/src/core/hex.ts, ../engine/src/core/types.ts, ../engine/src/core/props.ts, ../engine/src/content/disable.ts, ../engine/src/content/terrain.ts, ../engine/src/view/field.ts
OK — 23 battles fold end to end · pure fold == pumped fold · icons 4 used · rows damaging=645 plain=3651
✔ actual drop uses unknown initial geometry and preserves every event (622.5587ms)
✔ actual drop uses resized initial geometry and preserves every event (629.1285ms)
✔ actual drop uses changed initial geometry and preserves every event (516.8343ms)
✔ malformed dropped initial facts leave current viewer intact (492.6201ms)
✔ component requires initial facts before mutating its host (151.2791ms)
✔ component rejects a pushed map that differs from prepared initial facts (492.5618ms)
✔ live component preserves early events, splits, ownership and seek/step on same-ID maps (979.3491ms)
✔ actual proving exporter map envelope mounts without an invented mapId (536.742ms)
✔ preparation-only thin field has exact engine distances without a stale static table (515.5592ms)
✔ custom-map timed pump drains with setup equipment/layers and matches seek (573.6363ms)
✔ pushed initial facts ignore object key insertion order without dropping fields (493.2465ms)
✔ pushed sparse extensions of terrain or footprint reject without consuming a batch (520.5887ms)
ℹ tests 12
ℹ suites 0
ℹ pass 12
ℹ fail 0
ℹ cancelled 0
ℹ skipped 0
ℹ todo 0
ℹ duration_ms 6616.6216
built C:\Users\aring\Desktop\Heroes of Blight and Tragic\viewer\BATTLE-VIEWER.html · 9.1 MB · viewer aa0c508 · engine 0bfa0c9 · sheets 0bfa0c9 · fields 0bfa0c9 · 23 battles
fresh: Horde 24×24 — the river — byte-identical events (0bfa0c9 → 0bfa0c9)
fresh: Supper (seed 5) — byte-identical events (0bfa0c9 → 0bfa0c9)
fresh: Embers — byte-identical events (0bfa0c9 → 0bfa0c9)
fresh: Showcase — byte-identical events (0bfa0c9 → 0bfa0c9)
fresh: Flanks — byte-identical events (0bfa0c9 → 0bfa0c9)
fresh: Thicket — byte-identical events (0bfa0c9 → 0bfa0c9)
fresh: Field — byte-identical events (0bfa0c9 → 0bfa0c9)
fresh: Highlands — byte-identical events (0bfa0c9 → 0bfa0c9)
fresh: Civilians — byte-identical events (0bfa0c9 → 0bfa0c9)
fresh: Hunter Alone — byte-identical events (0bfa0c9 → 0bfa0c9)
fresh: Prologue Bestiary — byte-identical events (0bfa0c9 → 0bfa0c9)
fresh: Beasts — byte-identical events (0bfa0c9 → 0bfa0c9)
fresh: Alpha Team — byte-identical events (0bfa0c9 → 0bfa0c9)
fresh: Item Powers — byte-identical events (0bfa0c9 → 0bfa0c9)
fresh: Arc Golem — byte-identical events (0bfa0c9 → 0bfa0c9)
fresh: The Kiln — byte-identical events (0bfa0c9 → 0bfa0c9)
fresh: Horrors of the Night — byte-identical events (0bfa0c9 → 0bfa0c9)
fresh: Surrounded (seed 3) — byte-identical events (0bfa0c9 → 0bfa0c9)
fresh: Assembled Party — byte-identical events (0bfa0c9 → 0bfa0c9)
fresh: Dungeon 16×8 (heroes west) — byte-identical events (0bfa0c9 → 0bfa0c9)
fresh: Duel 8×8 — byte-identical events (0bfa0c9 → 0bfa0c9)
fresh: Rime — repeated affliction — byte-identical events (0bfa0c9 → 0bfa0c9)
fresh: Ranged-only reaction — no melee attack — byte-identical events (0bfa0c9 → 0bfa0c9)
GATE OK
