✖ actual browser entry emits no catalog loader or gameplay modules (84.5439ms)
ℹ tests 1
ℹ suites 0
ℹ pass 0
ℹ fail 1
ℹ cancelled 0
ℹ skipped 0
ℹ todo 0
ℹ duration_ms 146.2202

✖ failing tests:

test at tools\runtime-metadata.test.mjs:7:1
✖ actual browser entry emits no catalog loader or gameplay modules (84.5439ms)
  AssertionError [ERR_ASSERTION]: Expected values to be strictly deep-equal:
  + actual - expected
  
  + [
  +   '../engine/src/content/generated/pack.ts',
  +   '../engine/src/core/rng.ts',
  +   '../engine/src/content/maps.ts',
  +   '../engine/src/core/mutate.ts',
  +   '../engine/src/core/status.ts',
  +   '../engine/src/core/trigger.ts',
  +   '../engine/src/content/pack.ts',
  +   '../engine/src/content/moves.ts',
  +   '../engine/src/content/index.ts',
  +   '../engine/src/content/statuses.ts'
  + ]
  - []
  
      at TestContext.<anonymous> (file:///C:/Users/aring/Desktop/Heroes%20of%20Blight%20and%20Tragic/viewer/tools/runtime-metadata.test.mjs:14:10)
      at Test.runInAsyncScope (node:async_hooks:214:14)
      at Test.run (node:internal/test_runner/test:1106:25)
      at Test.start (node:internal/test_runner/test:1003:17)
      at startSubtestAfterBootstrap (node:internal/test_runner/harness:358:17) {
    generatedMessage: true,
    code: 'ERR_ASSERTION',
    actual: [ '../engine/src/content/generated/pack.ts', '../engine/src/core/rng.ts', '../engine/src/content/maps.ts', '../engine/src/core/mutate.ts', '../engine/src/core/status.ts', '../engine/src/core/trigger.ts', '../engine/src/content/pack.ts', '../engine/src/content/moves.ts', '../engine/src/content/index.ts', '../engine/src/content/statuses.ts' ],
    expected: [],
    operator: 'deepStrictEqual',
    diff: 'simple'
  }
