map_horde-24_s3.json: 2690 events, engine 0bfa0c9
showcase.supper-s5.json: 2018 events, engine 0bfa0c9
test_map_embers_s0.json: 627 events, engine 0bfa0c9
test_map_showcase_s0.json: 693 events, engine 0bfa0c9
map_flanks_s2.json: 528 events, engine 0bfa0c9
map_thicket_s0.json: 738 events, engine 0bfa0c9
map_field_s3.json: 799 events, engine 0bfa0c9
map_highlands_s1.json: 618 events, engine 0bfa0c9
showcase.civilians.json: 286 events, engine 0bfa0c9
showcase.prologue-party.json: 248 events, engine 0bfa0c9
showcase.prologue-enemies.json: 1827 events, engine 0bfa0c9
showcase.beasts.json: 163 events, engine 0bfa0c9
showcase.alpha-team.json: 1022 events, engine 0bfa0c9
showcase.item-powers.json: 147 events, engine 0bfa0c9
showcase.arc-variant.json: 253 events, engine 0bfa0c9
showcase.kiln.json: 1271 events, engine 0bfa0c9
showcase.horrors.json: 2952 events, engine 0bfa0c9
showcase.surrounded.json: 680 events, engine 0bfa0c9
showcase.assembled-party.json: 720 events, engine 0bfa0c9
map_dungeon-16x8_s1.json: 708 events, engine 0bfa0c9
map_duel-8_s1.json: 154 events, engine 0bfa0c9
showcase.rime-s1.json: 1860 events, engine 0bfa0c9
test.props-viewer-ranged-zoc.json: 136 events, engine 0bfa0c9
