== viewer tools/swap-button-rearranges.test.mjs on the landed BATTLE-VIEWER.html (viewer 3ae6ac3) ==
✖ one button that reads Swap, with the engine's cost; the gear panel is an element, hidden until it is pressed (1274.2001ms)
✖ pressing Swap opens the panel on what the unit carries: its hands, what is stowed, and nothing else; nothing is offered yet (225.5663ms)
✖ an item pressed moves across; an arrangement the engine takes shows its cost and Confirm sends it (207.5628ms)
✖ Cancel and Esc change nothing; the panel opens again on what is held (199.6531ms)
✖ an arrangement the engine refuses says why in one line, and cannot be confirmed (211.4091ms)
✖ with no arrangement the engine would take, the button still reads Swap beside the reason, and the panel says it for every arrangement (241.8693ms)
✖ the panel stands only while the host offers that unit's swap; a malformed swap fact is the host's error (217.9015ms)
ℹ tests 7
ℹ pass 0
ℹ fail 7
✖ failing tests:
✖ one button that reads Swap, with the engine's cost; the gear panel is an element, hidden until it is pressed (1274.2001ms)
  Error: invalid play facts: swap must carry exactly cost, choices, why
✖ pressing Swap opens the panel on what the unit carries: its hands, what is stowed, and nothing else; nothing is offered yet (225.5663ms)
  Error: invalid play facts: swap must carry exactly cost, choices, why
✖ an item pressed moves across; an arrangement the engine takes shows its cost and Confirm sends it (207.5628ms)
  Error: invalid play facts: swap must carry exactly cost, choices, why
✖ Cancel and Esc change nothing; the panel opens again on what is held (199.6531ms)
  Error: invalid play facts: swap must carry exactly cost, choices, why
✖ an arrangement the engine refuses says why in one line, and cannot be confirmed (211.4091ms)
  Error: invalid play facts: swap must carry exactly cost, choices, why
✖ with no arrangement the engine would take, the button still reads Swap beside the reason, and the panel says it for every arrangement (241.8693ms)
  Error: invalid play facts: swap must carry exactly cost, choices, why
✖ the panel stands only while the host offers that unit's swap; a malformed swap fact is the host's error (217.9015ms)
  Error: invalid play facts: swap must carry exactly cost, choices, why

== kingdom tools/swap-button-rearranges.verify.mjs on the built BATTLE-SANDBOX.html (kingdom 7584916) ==
node:internal/modules/run_main:107
    triggerUncaughtException(
    ^
AssertionError [ERR_ASSERTION]: one button, reading Swap
+ actual - expected
  [
+   'Nothing in hand',
+   'Tower Shield',
+   'War Axe'
-   'Swap'

== kingdom test/swap-button-rearranges.test.ts ==
     × the fact names everything the unit carries — its hands, then what is stowed — and nothing else 87ms
     × every arrangement of what it carries is either a hand list the engine takes, or refused with the engine's reason 27ms
     × confirming an arrangement is the engine's swap, by the index of the hand list; the fact then shows the new hands, and why no more 18ms
     × a unit that carries nothing to swap has no swap fact; nobody acting has none 12ms
⎯⎯⎯⎯⎯⎯⎯ Failed Tests 4 ⎯⎯⎯⎯⎯⎯⎯
 FAIL  test/swap-button-rearranges.test.ts > the swap button opens a rearranging of the unit's gear > the fact names everything the unit carries — its hands, then what is stowed — and nothing else
AssertionError: expected undefined to deeply equal [ { instance: '100/1', …(3) }, …(1) ]
 FAIL  test/swap-button-rearranges.test.ts > the swap button opens a rearranging of the unit's gear > every arrangement of what it carries is either a hand list the engine takes, or refused with the engine's reason
TypeError: Cannot read properties of undefined (reading 'length')
 FAIL  test/swap-button-rearranges.test.ts > the swap button opens a rearranging of the unit's gear > confirming an arrangement is the engine's swap, by the index of the hand list; the fact then shows the new hands, and why no more
TypeError: Cannot read properties of undefined (reading '0')
 FAIL  test/swap-button-rearranges.test.ts > the swap button opens a rearranging of the unit's gear > a unit that carries nothing to swap has no swap fact; nobody acting has none
TypeError: sandboxSwapRefusals is not a function
      Tests  4 failed (4)
