
> test
> vitest run


 RUN  v4.1.11 C:/Users/aring/Desktop/Heroes of Blight and Tragic/engine

 ❯ test/battle-cursor.test.ts (36 tests | 3 failed) 2196ms
     × preserves historical events/state/RNG/result: showcase.horrors 227ms
     × preserves historical events/state/RNG/result: showcase.rime 54ms
     × preserves historical events/state/RNG/result: showcase.waystation 62ms
 ❯ test/proving-rank.test.ts (1 test | 1 failed) 6125ms
     × ranks the smoke plan: one row per unit subject, ladders, the columns, the findings, the document 6123ms
C:\Users\aring\AppData\Local\Temp\replay-test.html — seed 0 map.thicket · engine 6577a7b · 723 events · heroClear in 6 turns
 ❯ test/audit.test.ts (3 tests | 1 failed) 13859ms
     × observed hit rates converge on the declared accuracies 7045ms
 ❯ test/proving-page.test.ts (2 tests | 1 failed) 17458ms
     × writes one self-contained page: the ranking embedded, every unit row, the panels, the findings, a script that parses 8162ms
C:\Users\aring\AppData\Local\Temp\replay-showcase.html — seed 0 test.map.showcase · engine 6577a7b · 981 events · heroClear in 7 turns
 ❯ test/additions.test.ts (23 tests | 2 failed) 23397ms
     × a ranged hero never ends its move inside a melee threat range it could have avoided 7462ms
     × runs clean on every map with no invalid runs 10710ms
C:\Users\aring\AppData\Local\Temp\replay-sh-a.html — seed 0 test.map.showcase · engine 6577a7b · 981 events · heroClear in 7 turns
C:\Users\aring\AppData\Local\Temp\replay-sh-b.html — seed 0 test.map.showcase · engine 6577a7b · 981 events · heroClear in 7 turns
C:\Users\aring\AppData\Local\Temp\replay-a.html — seed 0 map.thicket · engine 6577a7b · 723 events · heroClear in 6 turns
C:\Users\aring\AppData\Local\Temp\replay-b.html — seed 0 map.thicket · engine 6577a7b · 723 events · heroClear in 6 turns
 ❯ test/replay.test.ts (18 tests | 1 failed) 30424ms
     × two showcase builds are byte-identical — the geometry path is deterministic too 6431ms

⎯⎯⎯⎯⎯⎯⎯ Failed Tests 9 ⎯⎯⎯⎯⎯⎯⎯

 FAIL  test/additions.test.ts > pass 2 — hills > a ranged hero never ends its move inside a melee threat range it could have avoided
Error: Test timed out in 5000ms.
If this is a long-running test, pass a timeout value as the last argument or configure it globally with "testTimeout".
 ❯ test/additions.test.ts:99:3
     97|     expect(took).toBeGreaterThan(0)
     98|   })
     99|   it('a ranged hero never ends its move inside a melee threat range it…
       |   ^
    100|     // Weaker property: it prefers safety, so unsafe endings should be…
    101|     // LAW 10 — 2026-09-02 (content.alpha-flip): the ranger is the Alp…

⎯⎯⎯⎯⎯⎯⎯⎯⎯⎯⎯⎯⎯⎯⎯⎯⎯⎯⎯⎯⎯⎯⎯⎯[1/9]⎯

 FAIL  test/additions.test.ts > everything together > runs clean on every map with no invalid runs
Error: Test timed out in 5000ms.
If this is a long-running test, pass a timeout value as the last argument or configure it globally with "testTimeout".
 ❯ test/additions.test.ts:243:3
    241| // ─── all four together ─────────────────────────────────────────────…
    242| describe('everything together', () => {
    243|   it('runs clean on every map with no invalid runs', () => {
       |   ^
    244|     for (const mapId of MAPS_ALL)
    245|       for (let r = 0; r < 40; r++) {

⎯⎯⎯⎯⎯⎯⎯⎯⎯⎯⎯⎯⎯⎯⎯⎯⎯⎯⎯⎯⎯⎯⎯⎯[2/9]⎯

 FAIL  test/audit.test.ts > independent audit of logged battles > observed hit rates converge on the declared accuracies
Error: Test timed out in 5000ms.
If this is a long-running test, pass a timeout value as the last argument or configure it globally with "testTimeout".
 ❯ test/audit.test.ts:413:3
    411|   })
    412|
    413|   it('observed hit rates converge on the declared accuracies', () => {
       |   ^
    414|     const tally: Record<string, { swings: number; hits: number }> = {}
    415|     for (let r = 0; r < 400; r++) {

⎯⎯⎯⎯⎯⎯⎯⎯⎯⎯⎯⎯⎯⎯⎯⎯⎯⎯⎯⎯⎯⎯⎯⎯[3/9]⎯

 FAIL  test/battle-cursor.test.ts > resumable battle cursor > preserves historical events/state/RNG/result: showcase.horrors
AssertionError: events: expected '76086714711882ad2a91140054368c489426b…' to be 'a2b299c8c5cb85251e17b71e18e857acc084a…' // Object.is equality

Expected: "a2b299c8c5cb85251e17b71e18e857acc084a0a6c96927f4aa3c9bbff3a95ecd"
Received: "76086714711882ad2a91140054368c489426b1e15cb08f9f927fc43e70a6d8b4"

 ❯ test/battle-cursor.test.ts:108:44
    106|         } else result = battle.runBattle(ctx)
    107|         expected ??= { events: hash(ctx.events), state: hash(ctx.state…
    108|         expect(hash(ctx.events), 'events').toBe(expected.events)
       |                                            ^
    109|         expect(hash(ctx.state), 'state').toBe(expected.state)
    110|         expect(hash(ctx.rng.log), 'RNG draws').toBe(expected.rng)

⎯⎯⎯⎯⎯⎯⎯⎯⎯⎯⎯⎯⎯⎯⎯⎯⎯⎯⎯⎯⎯⎯⎯⎯[4/9]⎯

 FAIL  test/battle-cursor.test.ts > resumable battle cursor > preserves historical events/state/RNG/result: showcase.rime
AssertionError: events: expected '55b71128d67b179450e74427fb0594c2b553a…' to be '9e3574df7f0d44f6bf2d76210c6dfceb5622b…' // Object.is equality

Expected: "9e3574df7f0d44f6bf2d76210c6dfceb5622bc93915b4d8ecc18431d927094f7"
Received: "55b71128d67b179450e74427fb0594c2b553a58a5dee47f92922aae7493d6013"

 ❯ test/battle-cursor.test.ts:108:44
    106|         } else result = battle.runBattle(ctx)
    107|         expected ??= { events: hash(ctx.events), state: hash(ctx.state…
    108|         expect(hash(ctx.events), 'events').toBe(expected.events)
       |                                            ^
    109|         expect(hash(ctx.state), 'state').toBe(expected.state)
    110|         expect(hash(ctx.rng.log), 'RNG draws').toBe(expected.rng)

⎯⎯⎯⎯⎯⎯⎯⎯⎯⎯⎯⎯⎯⎯⎯⎯⎯⎯⎯⎯⎯⎯⎯⎯[5/9]⎯

 FAIL  test/battle-cursor.test.ts > resumable battle cursor > preserves historical events/state/RNG/result: showcase.waystation
AssertionError: events: expected '9429bd2c9227df715f4e8f6867780960a4aaa…' to be 'ac696636b62992219036881865799da585b38…' // Object.is equality

Expected: "ac696636b62992219036881865799da585b389dfe393171f1d541b917f3299aa"
Received: "9429bd2c9227df715f4e8f6867780960a4aaaeb53404b001d1b85343af454012"

 ❯ test/battle-cursor.test.ts:108:44
    106|         } else result = battle.runBattle(ctx)
    107|         expected ??= { events: hash(ctx.events), state: hash(ctx.state…
    108|         expect(hash(ctx.events), 'events').toBe(expected.events)
       |                                            ^
    109|         expect(hash(ctx.state), 'state').toBe(expected.state)
    110|         expect(hash(ctx.rng.log), 'RNG draws').toBe(expected.rng)

⎯⎯⎯⎯⎯⎯⎯⎯⎯⎯⎯⎯⎯⎯⎯⎯⎯⎯⎯⎯⎯⎯⎯⎯[6/9]⎯

 FAIL  test/proving-page.test.ts > proving-page > writes one self-contained page: the ranking embedded, every unit row, the panels, the findings, a script that parses
Error: Test timed out in 5000ms.
If this is a long-running test, pass a timeout value as the last argument or configure it globally with "testTimeout".
 ❯ test/proving-page.test.ts:20:3
     18|
     19| describe('proving-page', () => {
     20|   it('writes one self-contained page: the ranking embedded, every unit…
       |   ^
     21|     const state = mkdtempSync(join(tmpdir(), 'proving-page-'))
     22|     run(['src/cli/proving.ts', 'test/proving/smoke.json', '--out', sta…

⎯⎯⎯⎯⎯⎯⎯⎯⎯⎯⎯⎯⎯⎯⎯⎯⎯⎯⎯⎯⎯⎯⎯⎯[7/9]⎯

 FAIL  test/proving-rank.test.ts > proving-rank > ranks the smoke plan: one row per unit subject, ladders, the columns, the findings, the document
Error: Test timed out in 5000ms.
If this is a long-running test, pass a timeout value as the last argument or configure it globally with "testTimeout".
 ❯ test/proving-rank.test.ts:20:3
     18|
     19| describe('proving-rank', () => {
     20|   it('ranks the smoke plan: one row per unit subject, ladders, the col…
       |   ^
     21|     const state = mkdtempSync(join(tmpdir(), 'proving-rank-'))
     22|     run(['src/cli/proving.ts', 'test/proving/smoke.json', '--out', sta…

⎯⎯⎯⎯⎯⎯⎯⎯⎯⎯⎯⎯⎯⎯⎯⎯⎯⎯⎯⎯⎯⎯⎯⎯[8/9]⎯

 FAIL  test/replay.test.ts > the showcase build — engine-derived geometry, never the wrong painting > two showcase builds are byte-identical — the geometry path is deterministic too
Error: Test timed out in 5000ms.
If this is a long-running test, pass a timeout value as the last argument or configure it globally with "testTimeout".
 ❯ test/replay.test.ts:159:3
    157|     }
    158|   })
    159|   it('two showcase builds are byte-identical — the geometry path is de…
       |   ^
    160|     const a = tmp('replay-sh-a.html'), b = tmp('replay-sh-b.html')
    161|     execSync(`node tools/build-replay.mjs "${SHOWCASE_BATTLE}" "${a}"`)

⎯⎯⎯⎯⎯⎯⎯⎯⎯⎯⎯⎯⎯⎯⎯⎯⎯⎯⎯⎯⎯⎯⎯⎯[9/9]⎯


 Test Files  6 failed | 109 passed (115)
      Tests  9 failed | 934 passed | 1 todo (944)
   Start at  00:19:39
   Duration  53.59s (transform 12.41s, setup 0ms, import 42.49s, tests 207.28s, environment 12ms)

