
 RUN  v4.1.11 C:/Users/aring/Desktop/Heroes of Blight and Tragic/engine

 ❯ test/battle-cursor.test.ts (36 tests | 3 failed) 525ms
     × preserves historical events/state/RNG/result: showcase.horrors 32ms
     × preserves historical events/state/RNG/result: showcase.rime 21ms
     × preserves historical events/state/RNG/result: showcase.waystation 23ms

⎯⎯⎯⎯⎯⎯⎯ Failed Tests 3 ⎯⎯⎯⎯⎯⎯⎯

 FAIL  test/battle-cursor.test.ts > resumable battle cursor > preserves historical events/state/RNG/result: showcase.horrors
AssertionError: events: expected '0076d855d22d50c82aeb8d78ac434b6f5d2eb…' to be 'a2b299c8c5cb85251e17b71e18e857acc084a…' // Object.is equality

Expected: "a2b299c8c5cb85251e17b71e18e857acc084a0a6c96927f4aa3c9bbff3a95ecd"
Received: "0076d855d22d50c82aeb8d78ac434b6f5d2eb66594e8e13f6f4278b790db710e"

 ❯ test/battle-cursor.test.ts:108:44
    106|         } else result = battle.runBattle(ctx)
    107|         expected ??= { events: hash(ctx.events), state: hash(ctx.state…
    108|         expect(hash(ctx.events), 'events').toBe(expected.events)
       |                                            ^
    109|         expect(hash(ctx.state), 'state').toBe(expected.state)
    110|         expect(hash(ctx.rng.log), 'RNG draws').toBe(expected.rng)

⎯⎯⎯⎯⎯⎯⎯⎯⎯⎯⎯⎯⎯⎯⎯⎯⎯⎯⎯⎯⎯⎯⎯⎯[1/3]⎯

 FAIL  test/battle-cursor.test.ts > resumable battle cursor > preserves historical events/state/RNG/result: showcase.rime
AssertionError: events: expected '55b71128d67b179450e74427fb0594c2b553a…' to be '9e3574df7f0d44f6bf2d76210c6dfceb5622b…' // Object.is equality

Expected: "9e3574df7f0d44f6bf2d76210c6dfceb5622bc93915b4d8ecc18431d927094f7"
Received: "55b71128d67b179450e74427fb0594c2b553a58a5dee47f92922aae7493d6013"

 ❯ test/battle-cursor.test.ts:108:44
    106|         } else result = battle.runBattle(ctx)
    107|         expected ??= { events: hash(ctx.events), state: hash(ctx.state…
    108|         expect(hash(ctx.events), 'events').toBe(expected.events)
       |                                            ^
    109|         expect(hash(ctx.state), 'state').toBe(expected.state)
    110|         expect(hash(ctx.rng.log), 'RNG draws').toBe(expected.rng)

⎯⎯⎯⎯⎯⎯⎯⎯⎯⎯⎯⎯⎯⎯⎯⎯⎯⎯⎯⎯⎯⎯⎯⎯[2/3]⎯

 FAIL  test/battle-cursor.test.ts > resumable battle cursor > preserves historical events/state/RNG/result: showcase.waystation
AssertionError: events: expected '9429bd2c9227df715f4e8f6867780960a4aaa…' to be 'ac696636b62992219036881865799da585b38…' // Object.is equality

Expected: "ac696636b62992219036881865799da585b389dfe393171f1d541b917f3299aa"
Received: "9429bd2c9227df715f4e8f6867780960a4aaaeb53404b001d1b85343af454012"

 ❯ test/battle-cursor.test.ts:108:44
    106|         } else result = battle.runBattle(ctx)
    107|         expected ??= { events: hash(ctx.events), state: hash(ctx.state…
    108|         expect(hash(ctx.events), 'events').toBe(expected.events)
       |                                            ^
    109|         expect(hash(ctx.state), 'state').toBe(expected.state)
    110|         expect(hash(ctx.rng.log), 'RNG draws').toBe(expected.rng)

⎯⎯⎯⎯⎯⎯⎯⎯⎯⎯⎯⎯⎯⎯⎯⎯⎯⎯⎯⎯⎯⎯⎯⎯[3/3]⎯


 Test Files  1 failed | 2 passed (3)
      Tests  3 failed | 49 passed (52)
   Start at  00:18:17
   Duration  1.15s (transform 1.02s, setup 0ms, import 1.37s, tests 1.14s, environment 0ms)

