
content-check — 10 SETTLED files, 49 ids in the engine

PUBLISHED and built .......... 6
  ok        terrain.burning            ..\5-GROUND-SETTLED.md
  ok        terrain.poisoned           ..\5-GROUND-SETTLED.md
  ok        trigger.green-drake.venom-breath ..\6-BESTIARY-SETTLED.md
  ok        trigger.green-drake.venom-snap ..\6-BESTIARY-SETTLED.md
  ok        trigger.shadow-hound-puppy.worry ..\6-BESTIARY-SETTLED.md
  ok        trigger.spirit-snake.venom ..\6-BESTIARY-SETTLED.md

MENTIONED but not published ... 7   <- in a design doc, not in a SETTLED file
  context   attack.drake.poison-breath engine:src\content\index.ts  doc:..\6-BESTIARY-SETTLED.md
  context   attack.drake.snap          engine:src\content\index.ts  doc:..\6-BESTIARY-SETTLED.md
  context   terrain.forest             engine:src\content\maps.ts  doc:..\GROUND-VFX.md
  context   terrain.hills              engine:src\content\maps.ts  doc:..\GLOSSARY.md
  context   terrain.open               engine:src\content\maps.ts  doc:..\GROUND-VFX.md
  context   terrain.rocky              engine:src\content\maps.ts  doc:..\GROUND-VFX.md
  context   terrain.water              engine:src\content\maps.ts  doc:..\GROUND-VFX.md

TESTING lane .................. 5   <- marked test.*, never ships
  test      test.map.duel-8            src\content\maps.ts
  test      test.map.dungeon-16x8      src\content\maps.ts
  test      test.map.embers            src\content\maps.ts
  test      test.map.horde-24          src\content\maps.ts
  test      test.map.showcase          src\content\maps.ts

INVENTED ...................... 31   <- no design source anywhere
  INVENTED  baseline.6v4               src\content\index.ts
  INVENTED  showcase.alpha-team        src\content\scenarios.ts
  INVENTED  showcase.arc-variant       src\content\scenarios.ts
  INVENTED  showcase.assembled-party   src\content\scenarios.ts
  INVENTED  showcase.authored-slots    src\content\scenarios.ts
  INVENTED  showcase.badged            src\content\scenarios.ts
  INVENTED  showcase.beasts            src\content\scenarios.ts
  INVENTED  showcase.civilians         src\content\scenarios.ts
  INVENTED  showcase.eve-24-a          src\content\scenarios.ts
  INVENTED  showcase.eve-24-b          src\content\scenarios.ts
  INVENTED  showcase.farmers-grown     src\content\scenarios.ts
  INVENTED  showcase.flight-bonuses    src\content\scenarios.ts
  INVENTED  showcase.gash-variant      src\content\scenarios.ts
  INVENTED  showcase.horrors           src\content\scenarios.ts
  INVENTED  showcase.item-powers       src\content\scenarios.ts
  INVENTED  showcase.kiln              src\content\scenarios.ts
  INVENTED  showcase.knockback-two     src\content\scenarios.ts
  INVENTED  showcase.mirror-zombies    src\content\scenarios.ts
  INVENTED  showcase.movement-bonuses  src\content\scenarios.ts
  INVENTED  showcase.ordered-power-preview src\content\scenarios.ts
  INVENTED  showcase.prologue-enemies  src\content\scenarios.ts
  INVENTED  showcase.prologue-party    src\content\scenarios.ts
  INVENTED  showcase.rime              src\content\scenarios.ts
  INVENTED  showcase.supper            src\content\scenarios.ts
  INVENTED  showcase.surge-flight-ladder src\content\scenarios.ts
  INVENTED  showcase.surrounded        src\content\scenarios.ts
  INVENTED  showcase.two-zombies-and-a-child src\content\scenarios.ts
  INVENTED  showcase.waystation        src\content\scenarios.ts
  INVENTED  showcase.wounded-entry     src\content\scenarios.ts
  INVENTED  terrain.obstacle           src\content\maps.ts
  INVENTED  terrain.rocky-hills        src\content\maps.ts

PUBLISHED but not built ....... 291
  todo      ai.json                    ..\9-PROVING-SETTLED.md
  todo      attack.breath.hiss         ..\6-BESTIARY-SETTLED.md
  todo      attack.fangs.bite          ..\6-BESTIARY-SETTLED.md
  todo      badge.dedicated            ..\SKELETON-SETTLED.md
  todo      badge.exe                  ..\SKELETON-SETTLED.md
  todo      badge.fatigue              ..\SKELETON-SETTLED.md
  todo      badge.inferiority-complex  ..\SKELETON-SETTLED.md
  todo      badge.lazy                 ..\SKELETON-SETTLED.md
  todo      badge.leader               ..\SKELETON-SETTLED.md
  todo      badge.responsible          ..\SKELETON-SETTLED.md
  todo      badge.withdrawn            ..\SKELETON-SETTLED.md
  todo      building.academy           ..\7-KINGDOM-SETTLED.md
  todo      building.beacon            ..\7-KINGDOM-SETTLED.md
  todo      building.chapel            ..\7-KINGDOM-SETTLED.md
  todo      building.forge             ..\7-KINGDOM-SETTLED.md
  todo      building.memorial          ..\7-KINGDOM-SETTLED.md
  todo      building.mystic-caverns    ..\7-KINGDOM-SETTLED.md
  todo      building.siege-workshop    ..\7-KINGDOM-SETTLED.md
  todo      building.war-room          ..\7-KINGDOM-SETTLED.md
  todo      building.waystation        ..\7-KINGDOM-SETTLED.md
  todo      civilians.json             ..\9-PROVING-SETTLED.md
  todo      controls.json              ..\9-PROVING-SETTLED.md
  todo      currency.faith             ..\7-KINGDOM-SETTLED.md
  todo      currency.mana              ..\7-KINGDOM-SETTLED.md
  todo      currency.salvage           ..\7-KINGDOM-SETTLED.md
  todo      currency.supplies          ..\7-KINGDOM-SETTLED.md
  todo      hero.fixed.apothecary-wren ..\3-UNITS-SETTLED.md
  todo      hero.fixed.archer-mabb     ..\3-UNITS-SETTLED.md
  todo      hero.fixed.archivist-perrin ..\3-UNITS-SETTLED.md
  todo      hero.fixed.farmhand-reed   ..\3-UNITS-SETTLED.md
  todo      hero.fixed.militia-tam     ..\3-UNITS-SETTLED.md
  todo      hero.fixed.old-reaper-mattick ..\3-UNITS-SETTLED.md
  todo      hero.fixed.ploughman-corbin ..\3-UNITS-SETTLED.md
  todo      hero.fixed.porter-halloway ..\3-UNITS-SETTLED.md
  todo      hero.fixed.remembrancer-idris ..\3-UNITS-SETTLED.md
  todo      hero.fixed.sage-orla       ..\3-UNITS-SETTLED.md
  todo      hero.fixed.torchbearer-cass ..\3-UNITS-SETTLED.md
  todo      hero.fixed.trickster-fen   ..\3-UNITS-SETTLED.md
  todo      initiative.json            ..\9-PROVING-SETTLED.md
  todo      item.ancient-tome.cursed-skull ..\2-ACTIONS-SETTLED.md
  todo      item.ancient-tome.eternal-ice ..\2-ACTIONS-SETTLED.md
  todo      item.ancient-tome.lightning ..\2-ACTIONS-SETTLED.md
  todo      item.apprentice-wand.cursed-skull ..\2-ACTIONS-SETTLED.md
  todo      item.apprentice-wand.eternal-ice ..\2-ACTIONS-SETTLED.md
  todo      item.apprentice-wand.lightning ..\2-ACTIONS-SETTLED.md
  todo      item.bane-blade.demon-slayer ..\2-ACTIONS-SETTLED.md
  todo      item.bane-blade.holy-water ..\2-ACTIONS-SETTLED.md
  todo      item.bane-blade.sacrifice  ..\2-ACTIONS-SETTLED.md
  todo      item.bane-blade.undead-slayer ..\2-ACTIONS-SETTLED.md
  todo      item.barbarian-bow.fire    ..\2-ACTIONS-SETTLED.md
  todo      item.barbarian-bow.giant-slayer ..\2-ACTIONS-SETTLED.md
  todo      item.barbarian-bow.hunting ..\2-ACTIONS-SETTLED.md
  todo      item.barbarian-bow.recklessness ..\2-ACTIONS-SETTLED.md
  todo      item.barbarian-bow.rooting ..\2-ACTIONS-SETTLED.md
  todo      item.barbarian-hide.regeneration ..\2-ACTIONS-SETTLED.md
  todo      item.barbarian-hide.silkweave ..\2-ACTIONS-SETTLED.md
  todo      item.barbarian-hide.stormward ..\2-ACTIONS-SETTLED.md
  todo      item.barbarian-hide.tainted-blood ..\2-ACTIONS-SETTLED.md
  todo      item.barbarian-hide.thorned ..\2-ACTIONS-SETTLED.md
  todo      item.brutes-harness.might  ..\2-ACTIONS-SETTLED.md
  todo      item.brutes-harness.regeneration ..\2-ACTIONS-SETTLED.md
  todo      item.brutes-harness.stormward ..\2-ACTIONS-SETTLED.md
  todo      item.brutes-harness.tainted-blood ..\2-ACTIONS-SETTLED.md
  todo      item.brutes-harness.thorned ..\2-ACTIONS-SETTLED.md
  todo      item.buckler.riposte       ..\2-ACTIONS-SETTLED.md
  todo      item.creature-hide.enduring ..\2-ACTIONS-SETTLED.md
  todo      item.creature-hide.regeneration ..\2-ACTIONS-SETTLED.md
  todo      item.creature-hide.scalding-ward ..\2-ACTIONS-SETTLED.md
  todo      item.creature-hide.stormward ..\2-ACTIONS-SETTLED.md
  todo      item.creature-hide.tainted-blood ..\2-ACTIONS-SETTLED.md
  todo      item.crippling-whip.death  ..\2-ACTIONS-SETTLED.md
  todo      item.crippling-whip.frost  ..\2-ACTIONS-SETTLED.md
  todo      item.crippling-whip.shadow-touched ..\2-ACTIONS-SETTLED.md
  todo      item.crossbow.abundant     ..\2-ACTIONS-SETTLED.md
  todo      item.crossbow.gale         ..\2-ACTIONS-SETTLED.md
  todo      item.crossbow.giant-slayer ..\2-ACTIONS-SETTLED.md
  todo      item.crossbow.goading      ..\2-ACTIONS-SETTLED.md
  todo      item.crossbow.hunting      ..\2-ACTIONS-SETTLED.md
  todo      item.crossbow.magic        ..\2-ACTIONS-SETTLED.md
  todo      item.crossbow.venomous     ..\2-ACTIONS-SETTLED.md
  todo      item.daggers.addling       ..\2-ACTIONS-SETTLED.md
  todo      item.daggers.bloodletting  ..\2-ACTIONS-SETTLED.md
  todo      item.daggers.death         ..\2-ACTIONS-SETTLED.md
  todo      item.daggers.hobbling      ..\2-ACTIONS-SETTLED.md
  todo      item.daggers.shadow-touched ..\2-ACTIONS-SETTLED.md
  todo      item.daggers.venomous      ..\2-ACTIONS-SETTLED.md
  todo      item.duel-runeblades.bloodletting ..\2-ACTIONS-SETTLED.md
  todo      item.duel-runeblades.frost ..\2-ACTIONS-SETTLED.md
  todo      item.duel-runeblades.lightning ..\2-ACTIONS-SETTLED.md
  todo      item.duel-runeblades.sacrifice ..\2-ACTIONS-SETTLED.md
  todo      item.earth-staff.cursed-skull ..\2-ACTIONS-SETTLED.md
  todo      item.earth-staff.eternal-ice ..\2-ACTIONS-SETTLED.md
  todo      item.earth-staff.maddening ..\2-ACTIONS-SETTLED.md
  todo      item.elfbow.fire           ..\2-ACTIONS-SETTLED.md
  todo      item.elfbow.gale           ..\2-ACTIONS-SETTLED.md
  todo      item.elfbow.magic          ..\2-ACTIONS-SETTLED.md
  todo      item.elfbow.rooting        ..\2-ACTIONS-SETTLED.md
  todo      item.elfbow.shadow-touched ..\2-ACTIONS-SETTLED.md
  todo      item.fire-staff.bewildering ..\2-ACTIONS-SETTLED.md
  todo      item.fire-staff.cursed-skull ..\2-ACTIONS-SETTLED.md
  todo      item.fire-staff.lightning  ..\2-ACTIONS-SETTLED.md
  todo      item.fire-staff.maddening  ..\2-ACTIONS-SETTLED.md
  todo      item.force-staff.bewildering ..\2-ACTIONS-SETTLED.md
  todo      item.force-staff.cursed-skull ..\2-ACTIONS-SETTLED.md
  todo      item.force-staff.eternal-ice ..\2-ACTIONS-SETTLED.md
  todo      item.force-staff.lightning ..\2-ACTIONS-SETTLED.md
  todo      item.frost-staff.bewildering ..\2-ACTIONS-SETTLED.md
  todo      item.frost-staff.cursed-skull ..\2-ACTIONS-SETTLED.md
  todo      item.frost-staff.eternal-ice ..\2-ACTIONS-SETTLED.md
  todo      item.glaive.bloodletting   ..\2-ACTIONS-SETTLED.md
  todo      item.glaive.death          ..\2-ACTIONS-SETTLED.md
  todo      item.glaive.dragon-slayer  ..\2-ACTIONS-SETTLED.md
  todo      item.glaive.giant-slayer   ..\2-ACTIONS-SETTLED.md
  todo      item.glaive.taunting       ..\2-ACTIONS-SETTLED.md
  todo      item.grappling-harpoon.dragon-slayer ..\2-ACTIONS-SETTLED.md
  todo      item.grappling-harpoon.frost ..\2-ACTIONS-SETTLED.md
  todo      item.grappling-harpoon.giant-slayer ..\2-ACTIONS-SETTLED.md
  todo      item.grappling-harpoon.hunting ..\2-ACTIONS-SETTLED.md
  todo      item.greatsword.bloodletting ..\2-ACTIONS-SETTLED.md
  todo      item.greatsword.demon-slayer ..\2-ACTIONS-SETTLED.md
  todo      item.greatsword.destroying ..\2-ACTIONS-SETTLED.md
  todo      item.greatsword.sacrifice  ..\2-ACTIONS-SETTLED.md
  todo      item.greatsword.soul-reaper ..\2-ACTIONS-SETTLED.md
  todo      item.greatsword.the-master ..\2-ACTIONS-SETTLED.md
  todo      item.guardians-mail.ancient-ward ..\2-ACTIONS-SETTLED.md
  todo      item.guardians-mail.divine-protection ..\2-ACTIONS-SETTLED.md
  todo      item.guardians-mail.durable ..\2-ACTIONS-SETTLED.md
  todo      item.guardians-mail.enduring ..\2-ACTIONS-SETTLED.md
  todo      item.guardians-mail.runed  ..\2-ACTIONS-SETTLED.md
  todo      item.guardians-mail.white-steel ..\2-ACTIONS-SETTLED.md
  todo      item.halberd.bloodletting  ..\2-ACTIONS-SETTLED.md
  todo      item.halberd.death         ..\2-ACTIONS-SETTLED.md
  todo      item.halberd.destroying    ..\2-ACTIONS-SETTLED.md
  todo      item.halberd.giant-slayer  ..\2-ACTIONS-SETTLED.md
  todo      item.halberd.taunting      ..\2-ACTIONS-SETTLED.md
  todo      item.hand-crossbow.abundant ..\2-ACTIONS-SETTLED.md
  todo      item.hand-crossbow.hunting ..\2-ACTIONS-SETTLED.md
  todo      item.hand-crossbow.magic   ..\2-ACTIONS-SETTLED.md
  todo      item.hand-crossbow.venomous ..\2-ACTIONS-SETTLED.md
  todo      item.heavy-chain.durable   ..\2-ACTIONS-SETTLED.md
  todo      item.heavy-chain.enduring  ..\2-ACTIONS-SETTLED.md
  todo      item.heavy-chain.might     ..\2-ACTIONS-SETTLED.md
  todo      item.heavy-chain.runed     ..\2-ACTIONS-SETTLED.md
  todo      item.heavy-chain.warded    ..\2-ACTIONS-SETTLED.md
  todo      item.heavy-leather.durable ..\2-ACTIONS-SETTLED.md
  todo      item.heavy-leather.fire-ward ..\2-ACTIONS-SETTLED.md
  todo      item.heavy-leather.silkweave ..\2-ACTIONS-SETTLED.md
  todo      item.heavy-leather.thorned ..\2-ACTIONS-SETTLED.md
  todo      item.heavy-leather.warded  ..\2-ACTIONS-SETTLED.md
  todo      item.holy-symbol.bewildering ..\2-ACTIONS-SETTLED.md
  todo      item.holy-symbol.cursed-skull ..\2-ACTIONS-SETTLED.md
  todo      item.holy-symbol.holy-water ..\2-ACTIONS-SETTLED.md
  todo      item.holy-symbol.undead-slayer ..\2-ACTIONS-SETTLED.md
  todo      item.holy-texts.demon-slayer ..\2-ACTIONS-SETTLED.md
  todo      item.holy-texts.heavens-edge ..\2-ACTIONS-SETTLED.md
  todo      item.holy-texts.holy-water ..\2-ACTIONS-SETTLED.md
  todo      item.holy-texts.undead-slayer ..\2-ACTIONS-SETTLED.md
  todo      item.hunting-spear.dragon-slayer ..\2-ACTIONS-SETTLED.md
  todo      item.hunting-spear.giant-slayer ..\2-ACTIONS-SETTLED.md
  todo      item.hunting-spear.hunting ..\2-ACTIONS-SETTLED.md
  todo      item.hunting-spear.venomous ..\2-ACTIONS-SETTLED.md
  todo      item.iron-claws.bloodletting ..\2-ACTIONS-SETTLED.md
  todo      item.iron-claws.bloodthirsty ..\2-ACTIONS-SETTLED.md
  todo      item.iron-claws.venomous   ..\2-ACTIONS-SETTLED.md
  todo      item.iron-claws.werewolf-bane ..\2-ACTIONS-SETTLED.md
  todo      item.iron-mace.heavens-edge ..\2-ACTIONS-SETTLED.md
  todo      item.iron-mace.holy-water  ..\2-ACTIONS-SETTLED.md
  todo      item.iron-mace.ironbane    ..\2-ACTIONS-SETTLED.md
  todo      item.iron-mace.undead-slayer ..\2-ACTIONS-SETTLED.md
  todo      item.javelin.frost         ..\2-ACTIONS-SETTLED.md
  todo      item.javelin.giant-slayer  ..\2-ACTIONS-SETTLED.md
  todo      item.javelin.hunting       ..\2-ACTIONS-SETTLED.md
  todo      item.javelin.venomous      ..\2-ACTIONS-SETTLED.md
  todo      item.knight-shield.riposte ..\2-ACTIONS-SETTLED.md
  todo      item.lightning-staff.bewildering ..\2-ACTIONS-SETTLED.md
  todo      item.lightning-staff.lightning ..\2-ACTIONS-SETTLED.md
  todo      item.lightning-staff.maddening ..\2-ACTIONS-SETTLED.md
  todo      item.longbow.dragon-slayer ..\2-ACTIONS-SETTLED.md
  todo      item.longbow.frost         ..\2-ACTIONS-SETTLED.md
  todo      item.longbow.gale          ..\2-ACTIONS-SETTLED.md
  todo      item.longbow.goading       ..\2-ACTIONS-SETTLED.md
  todo      item.longbow.hunting       ..\2-ACTIONS-SETTLED.md
  todo      item.longbow.magic         ..\2-ACTIONS-SETTLED.md
  todo      item.longbow.rooting       ..\2-ACTIONS-SETTLED.md
  todo      item.longbow.venomous      ..\2-ACTIONS-SETTLED.md
  todo      item.longsword.bloodletting ..\2-ACTIONS-SETTLED.md
  todo      item.longsword.demon-slayer ..\2-ACTIONS-SETTLED.md
  todo      item.longsword.destroying  ..\2-ACTIONS-SETTLED.md
  todo      item.longsword.taunting    ..\2-ACTIONS-SETTLED.md
  todo      item.longsword.the-master  ..\2-ACTIONS-SETTLED.md
  todo      item.longsword.undead-slayer ..\2-ACTIONS-SETTLED.md
  todo      item.longsword.werewolf-bane ..\2-ACTIONS-SETTLED.md
  todo      item.mismatched-armor.damned ..\2-ACTIONS-SETTLED.md
  todo      item.mismatched-armor.durable ..\2-ACTIONS-SETTLED.md
  todo      item.mismatched-armor.regeneration ..\2-ACTIONS-SETTLED.md
  todo      item.mismatched-armor.tainted-blood ..\2-ACTIONS-SETTLED.md
  todo      item.mismatched-armor.thorned ..\2-ACTIONS-SETTLED.md
  todo      item.obsidian-fang-dagger.addling ..\2-ACTIONS-SETTLED.md
  todo      item.obsidian-fang-dagger.bloodletting ..\2-ACTIONS-SETTLED.md
  todo      item.obsidian-fang-dagger.hobbling ..\2-ACTIONS-SETTLED.md
  todo      item.obsidian-fang-dagger.shadow-touched ..\2-ACTIONS-SETTLED.md
  todo      item.obsidian-fang-dagger.venomous ..\2-ACTIONS-SETTLED.md
  todo      item.obsidian-fang-dagger.werewolf-bane ..\2-ACTIONS-SETTLED.md
  todo      item.plated-armor.ancient-ward ..\2-ACTIONS-SETTLED.md
  todo      item.plated-armor.durable  ..\2-ACTIONS-SETTLED.md
  todo      item.plated-armor.might    ..\2-ACTIONS-SETTLED.md
  todo      item.plated-armor.runed    ..\2-ACTIONS-SETTLED.md
  todo      item.plated-armor.thorned  ..\2-ACTIONS-SETTLED.md
  todo      item.plated-armor.white-steel ..\2-ACTIONS-SETTLED.md
  todo      item.poison-stars.frost    ..\2-ACTIONS-SETTLED.md
  todo      item.poison-stars.hunting  ..\2-ACTIONS-SETTLED.md
  todo      item.poison-stars.venomous ..\2-ACTIONS-SETTLED.md
  todo      item.priest-chain.demon-slayer ..\2-ACTIONS-SETTLED.md
  todo      item.priest-chain.heavens-edge ..\2-ACTIONS-SETTLED.md
  todo      item.priest-chain.holy-water ..\2-ACTIONS-SETTLED.md
  todo      item.priest-chain.undead-slayer ..\2-ACTIONS-SETTLED.md
  todo      item.raiders-cutlass.bloodletting ..\2-ACTIONS-SETTLED.md
  todo      item.raiders-cutlass.bloodthirsty ..\2-ACTIONS-SETTLED.md
  todo      item.raiders-cutlass.death ..\2-ACTIONS-SETTLED.md
  todo      item.raiders-cutlass.werewolf-bane ..\2-ACTIONS-SETTLED.md
  todo      item.rapier.death          ..\2-ACTIONS-SETTLED.md
  todo      item.rapier.frost          ..\2-ACTIONS-SETTLED.md
  todo      item.rapier.shadow-touched ..\2-ACTIONS-SETTLED.md
  todo      item.rapier.the-master     ..\2-ACTIONS-SETTLED.md
  todo      item.reflective-armor.cursed-skull ..\2-ACTIONS-SETTLED.md
  todo      item.reflective-armor.damned ..\2-ACTIONS-SETTLED.md
  todo      item.reflective-armor.divine-protection ..\2-ACTIONS-SETTLED.md
  todo      item.reflective-armor.fire-ward ..\2-ACTIONS-SETTLED.md
  todo      item.reflective-armor.warded ..\2-ACTIONS-SETTLED.md
  todo      item.shepherds-sling.abundant ..\2-ACTIONS-SETTLED.md
  todo      item.shepherds-sling.gale  ..\2-ACTIONS-SETTLED.md
  todo      item.shepherds-sling.hunting ..\2-ACTIONS-SETTLED.md
  todo      item.shepherds-sling.magic ..\2-ACTIONS-SETTLED.md
  todo      item.shepherds-sling.venomous ..\2-ACTIONS-SETTLED.md
  todo      item.shortbow.abundant     ..\2-ACTIONS-SETTLED.md
  todo      item.shortbow.fire         ..\2-ACTIONS-SETTLED.md
  todo      item.shortbow.goading      ..\2-ACTIONS-SETTLED.md
  todo      item.shortbow.hunting      ..\2-ACTIONS-SETTLED.md
  todo      item.shortbow.rooting      ..\2-ACTIONS-SETTLED.md
  todo      item.shortbow.venomous     ..\2-ACTIONS-SETTLED.md
  todo      item.silkweave-armor.blessed ..\2-ACTIONS-SETTLED.md
  todo      item.silkweave-armor.charmed ..\2-ACTIONS-SETTLED.md
  todo      item.silkweave-armor.fire-ward ..\2-ACTIONS-SETTLED.md
  todo      item.silkweave-armor.scalding-ward ..\2-ACTIONS-SETTLED.md
  todo      item.silkweave-armor.stormward ..\2-ACTIONS-SETTLED.md
  todo      item.soaked-plate.ancient-ward ..\2-ACTIONS-SETTLED.md
  todo      item.soaked-plate.damned   ..\2-ACTIONS-SETTLED.md
  todo      item.soaked-plate.enduring ..\2-ACTIONS-SETTLED.md
  todo      item.soaked-plate.might    ..\2-ACTIONS-SETTLED.md
  todo      item.soaked-plate.runed    ..\2-ACTIONS-SETTLED.md
  todo      item.soaked-plate.white-steel ..\2-ACTIONS-SETTLED.md
  todo      item.studded-leather.blessed ..\2-ACTIONS-SETTLED.md
  todo      item.studded-leather.charmed ..\2-ACTIONS-SETTLED.md
  todo      item.studded-leather.scalding-ward ..\2-ACTIONS-SETTLED.md
  todo      item.studded-leather.silkweave ..\2-ACTIONS-SETTLED.md
  todo      item.studded-leather.stormward ..\2-ACTIONS-SETTLED.md
  todo      item.sword-of-the-fallen.heavens-edge ..\2-ACTIONS-SETTLED.md
  todo      item.sword-of-the-fallen.holy-water ..\2-ACTIONS-SETTLED.md
  todo      item.sword-of-the-fallen.soul-reaper ..\2-ACTIONS-SETTLED.md
  todo      item.sword-of-the-fallen.undead-slayer ..\2-ACTIONS-SETTLED.md
  todo      item.throwing-knives.gale  ..\2-ACTIONS-SETTLED.md
  todo      item.throwing-knives.hunting ..\2-ACTIONS-SETTLED.md
  todo      item.throwing-knives.venomous ..\2-ACTIONS-SETTLED.md
  todo      item.throwing-knives.werewolf-bane ..\2-ACTIONS-SETTLED.md
  todo      item.tower-shield.riposte  ..\2-ACTIONS-SETTLED.md
  todo      item.war-axe.bloodletting  ..\2-ACTIONS-SETTLED.md
  todo      item.war-axe.bloodthirsty  ..\2-ACTIONS-SETTLED.md
  todo      item.war-axe.death         ..\2-ACTIONS-SETTLED.md
  todo      item.war-axe.ironbane      ..\2-ACTIONS-SETTLED.md
  todo      item.war-axe.taunting      ..\2-ACTIONS-SETTLED.md
  todo      item.war-hammer.destroying ..\2-ACTIONS-SETTLED.md
  todo      item.war-hammer.frost      ..\2-ACTIONS-SETTLED.md
  todo      item.war-hammer.ironbane   ..\2-ACTIONS-SETTLED.md
  todo      item.war-hammer.recklessness ..\2-ACTIONS-SETTLED.md
  todo      item.war-hammer.taunting   ..\2-ACTIONS-SETTLED.md
  todo      levels.json                ..\9-PROVING-SETTLED.md
  todo      power.leader.motivate      ..\SKELETON-SETTLED.md
  todo      specialties.json           ..\9-PROVING-SETTLED.md
  todo      status.bleed               ..\1-EFFECTS-SETTLED.md
  todo      status.burn                ..\1-EFFECTS-SETTLED.md
  todo      status.poison              ..\1-EFFECTS-SETTLED.md
  todo      status.protection          ..\1-EFFECTS-SETTLED.md
  todo      status.regeneration        ..\1-EFFECTS-SETTLED.md
  todo      status.slow                ..\1-EFFECTS-SETTLED.md
  todo      status.stun                ..\1-EFFECTS-SETTLED.md
  todo      status.weak                ..\1-EFFECTS-SETTLED.md
  todo      trigger.zombie-burning.sear ..\6-BESTIARY-SETTLED.md
  todo      unit.green-drake           ..\6-BESTIARY-SETTLED.md
  todo      unit.shadow-hound-puppy    ..\6-BESTIARY-SETTLED.md
  todo      unit.spirit-snake          ..\6-BESTIARY-SETTLED.md
  todo      unit.zombie-burning        ..\6-BESTIARY-SETTLED.md

