test/authored-geometry.test.ts(74,218): error TS2345: Argument of type '(vertices: number[]) => void' is not assignable to parameter of type '(...args: [number[], number[]] | [number[], number[], number[]] | [number[], number[], number[], number[]] | [number[], number[], number[], number[], number[]]) => Awaitable<void>'.
  Types of parameters 'vertices' and 'args' are incompatible.
    Type '[number[], number[]] | [number[], number[], number[]] | [number[], number[], number[], number[]] | [number[], number[], number[], number[], number[]]' is not assignable to type '[vertices: number[]]'.
      Type '[number[], number[]]' is not assignable to type '[vertices: number[]]'.
        Source has 2 element(s) but target allows only 1.
test/authored-geometry.test.ts(75,32): error TS2345: Argument of type 'number[]' is not assignable to parameter of type 'number[][]'.
  Type 'number' is not assignable to type 'number[]'.
test/authored-props.test.ts(30,35): error TS2339: Property 'hexes' does not exist on type 'PolygonFootprint | { kind: "hex"; hexes: number[]; }'.
  Property 'hexes' does not exist on type 'PolygonFootprint'.
test/authored-props.test.ts(42,59): error TS2339: Property 'hexes' does not exist on type '{ readonly kind: "hex"; readonly hexes: readonly number[]; } | { readonly kind: "polygon"; readonly vertices: readonly (readonly [number, number])[]; readonly movementPadding: number; }'.
  Property 'hexes' does not exist on type '{ readonly kind: "polygon"; readonly vertices: readonly (readonly [number, number])[]; readonly movementPadding: number; }'.
test/authored-props.test.ts(95,35): error TS2339: Property 'hexes' does not exist on type 'PolygonFootprint | { kind: "hex"; hexes: number[]; }'.
  Property 'hexes' does not exist on type 'PolygonFootprint'.
test/authored-props.test.ts(135,31): error TS2339: Property 'hexes' does not exist on type 'PolygonFootprint | { kind: "hex"; hexes: number[]; }'.
  Property 'hexes' does not exist on type 'PolygonFootprint'.
test/prop-fixtures.ts(5,109): error TS2339: Property 'hexes' does not exist on type 'PolygonFootprint | { kind: "hex"; hexes: number[]; }'.
  Property 'hexes' does not exist on type 'PolygonFootprint'.
test/prop-fixtures.ts(5,122): error TS7006: Parameter 'h' implicitly has an 'any' type.
test/prop-fixtures.ts(8,109): error TS2339: Property 'hexes' does not exist on type 'PolygonFootprint | { kind: "hex"; hexes: number[]; }'.
  Property 'hexes' does not exist on type 'PolygonFootprint'.
test/scenario.test.ts(176,55): error TS2339: Property 'hexes' does not exist on type 'PolygonFootprint | { kind: "hex"; hexes: number[]; }'.
  Property 'hexes' does not exist on type 'PolygonFootprint'.
