
> hobat-content@1.0.0 test
> node --test test/*.test.mjs

✔ compiler preserves movement through all TEST action families and authored movement (153.9422ms)
✔ compiler preserves primary through all TEST action families and authored movement (143.485ms)
✔ compiler preserves either through all TEST action families and authored movement (152.2723ms)
✔ authored movement preserves free without weakening slot transport (349.6358ms)
✔ authored movement rejects a nonboolean free flag (140.0454ms)
✔ compiler rejects invalid attacks slot before producing output (123.7226ms)
✔ compiler rejects invalid abilities slot before producing output (121.4633ms)
✔ compiler rejects invalid moves slot before producing output (126.1386ms)
✔ compiler rejects invalid settled slot before producing output (103.1388ms)
✔ compiler publishes both actual TEST encounters with map dimensions intact (171.0336ms)
✔ assembler accepts 20x10 map and encounter (135.5304ms)
✔ compiler transports 20x10 shipping map, TEST map and encounter (195.6396ms)
✔ assembler accepts 40x40 map and encounter (287.0043ms)
✔ compiler transports 40x40 shipping map, TEST map and encounter (216.6822ms)
✔ assembler rejects malformed map {"id":["map.dimension-probe"]} (124.2946ms)
✔ compiler rejects malformed map {"id":["map.dimension-probe"]} (195.3955ms)
✔ assembler rejects malformed map {"name":""} (113.9584ms)
✔ compiler rejects malformed map {"name":""} (161.4154ms)
✔ assembler rejects malformed map {"name":null} (120.6505ms)
✔ compiler rejects malformed map {"name":null} (148.1762ms)
✔ assembler rejects malformed map {"rows":[]} (169.9133ms)
✔ compiler rejects malformed map {"rows":[]} (153.99ms)
✔ assembler rejects malformed map {"rows":[""]} (114.8025ms)
✔ compiler rejects malformed map {"rows":[""]} (143.8456ms)
✔ assembler rejects malformed map {"rows":[null]} (111.595ms)
✔ compiler rejects malformed map {"rows":[null]} (146.8858ms)
✔ assembler rejects malformed map {"rows":[5]} (111.1101ms)
✔ compiler rejects malformed map {"rows":[5]} (145.8578ms)
✔ assembler rejects malformed map {"rows":[{"length":20}]} (112.9639ms)
✔ compiler rejects malformed map {"rows":[{"length":20}]} (151.3524ms)
✔ assembler rejects malformed map {"rows":["..","."]} (134.1302ms)
✔ compiler rejects malformed map {"rows":["..","."]} (160.3802ms)
✔ assembler rejects malformed map {"board":{"width":9007199254740992,"height":1}} (117.0972ms)
✔ compiler rejects malformed map {"board":{"width":9007199254740992,"height":1}} (154.5109ms)
✔ assembler rejects malformed map {"board":null} (501.9419ms)
✔ compiler rejects malformed map {"board":null} (665.1723ms)
✔ assembler rejects malformed map {"format":"16x16"} (499.2619ms)
✔ compiler rejects malformed map {"format":"16x16"} (157.3079ms)
✔ assembler rejects malformed map {"format":null} (120.6386ms)
✔ compiler rejects malformed map {"format":null} (150.2788ms)
✔ assembler rejects malformed map {"rows":["....................................................... (119.4447ms)
✔ compiler rejects malformed map {"rows":["....................................................... (153.3851ms)
✔ assembler rejects malformed map {"deploy":{"hero":"top","enemy":"east"}} (115.6131ms)
✔ compiler rejects malformed map {"deploy":{"hero":"top","enemy":"east"}} (153.9319ms)
✔ assembler rejects malformed map {"deploy":{"hero":"west","enemy":"west"}} (118.4416ms)
✔ compiler rejects malformed map {"deploy":{"hero":"west","enemy":"west"}} (154.6742ms)
✔ assembler rejects malformed map {"deploy":{"hero":"west","enemy":"east"}} (118.488ms)
✔ compiler rejects malformed map {"deploy":{"hero":"west","enemy":"east"}} (161.898ms)
✔ assembler rejects malformed map {"deploy":null} (123.3903ms)
✔ compiler rejects malformed map {"deploy":null} (152.7111ms)
✔ compiler accepts the exact10000-cell ceiling without allocating battle geometry (174.7165ms)
✔ assembler rejects invalid encounter board or coordinates {"board":{"width":9007199254740992,"height":1}} (118.1253ms)
✔ assembler rejects invalid encounter board or coordinates {"board":{"width":10001,"height":1}} (113.7214ms)
✔ assembler rejects invalid encounter board or coordinates {"board":{"width":20,"height":10}} (118.7413ms)
✔ assembler rejects invalid encounter board or coordinates {"setup":[{"unit":"unit.zombie","at":{"col":0.5,"row":2}}]} (131.4379ms)
✔ assembler rejects invalid encounter board or coordinates {"setup":[{"unit":"unit.zombie","at":{"col":"1","row":2}}]} (550.1719ms)
✔ assembler rejects invalid encounter board or coordinates {"paint":[{"layer":"terrain.burning","hexes":[0.5]}]} (516.5022ms)
✔ compiler rejects invalid encounter board or coordinates {"board":{"width":9007199254740992,"height":1}} (149.9625ms)
✔ compiler rejects invalid encounter board or coordinates {"board":{"width":10001,"height":1}} (134.2227ms)
✔ compiler rejects invalid encounter board or coordinates {"board":{"width":20,"height":10}} (138.8423ms)
✔ compiler rejects invalid encounter board or coordinates {"setup":[{"unit":"unit.zombie","at":{"col":0.5,"row":2}}]} (140.6671ms)
✔ compiler rejects invalid encounter board or coordinates {"setup":[{"unit":"unit.zombie","at":{"col":"1","row":2}}]} (140.9024ms)
✔ compiler rejects invalid encounter board or coordinates {"paint":[{"layer":"terrain.burning","hexes":[0.5]}]} (141.4032ms)
✔ invalid assembly fails and preserves the last assembled content (849.7476ms)
✔ dry publication builds and validates without changing live outputs (8822.012ms)
✔ dry publication rejects an artifact that the actual engine cannot load (9083.7215ms)
✔ failed publication preserves every output, including the stamp (1981.0848ms)
✔ dry publication rejects a successful no-op mkenginepack.mjs (8018.2478ms)
✔ dry publication rejects a successful no-op mkcodexmd.mjs (9077.7709ms)
✔ candidate rejects cohort hero without plain movement (8317.4383ms)
✔ candidate rejects unknown badge on a non-default unit (8921.189ms)
✔ late replacement failure restores old bytes and removes newly created outputs (1338.9656ms)
✔ successful publication writes a candidate that can itself pass another dry run (16418.7609ms)
ℹ tests 73
ℹ suites 0
ℹ pass 73
ℹ fail 0
ℹ cancelled 0
ℹ skipped 0
ℹ todo 0
ℹ duration_ms 72899.3512
