{
  "board": "40x40",
  "blockers": 600,
  "results": [
    {
      "label": "038304f",
      "setupMs": 3015.7378,
      "sidestep100Ms": 122.44779999999992,
      "path100Ms": 0.5203000000001339,
      "stats": {
        "pairCellTests": 767520000,
        "changedPairs": 0,
        "reverseEntries": 12548301,
        "bytes": 50396736,
        "cacheHit": false,
        "sharedBytes": 50396736
      }
    },
    {
      "label": "canonical-props",
      "setupMs": 3059.0164999999997,
      "sidestep100Ms": 105.97339999999986,
      "path100Ms": 3.5572999999994863,
      "stats": {
        "pairCellTests": 767520000,
        "changedPairs": 0,
        "reverseEntries": 12548301,
        "bytes": 50396736,
        "cacheHit": false,
        "sharedBytes": 50396736
      }
    }
  ]
}
