
 RUN  v4.1.11 C:/Users/aring/Desktop/Heroes of Blight and Tragic/engine

 × test/authored-geometry.test.ts > terrain.authored-geometry > test.geometry-corridor runs real pure-data geometry 3ms
   → unknown scenario 'test.geometry-corridor' — scenarios are an explicit registry, known ids: test.direct-map-journey, test.direct-map-authored, test.props-viewer-ranged-zoc, test.board-journey, test.board-authored, test.authored-slots, showcase.flight-bonuses, showcase.surge-flight-ladder, showcase.movement-bonuses, showcase.ordered-power-preview, showcase.beasts, showcase.prologue-enemies, showcase.prologue-party, showcase.alpha-team, showcase.arc-variant, showcase.item-powers, showcase.civilians, showcase.eve-24-a, showcase.eve-24-b, showcase.gash-variant, showcase.surrounded, showcase.two-zombies-and-a-child, showcase.supper, showcase.kiln, showcase.rime, showcase.horrors, showcase.waystation, showcase.farmers-grown, showcase.badged, showcase.mirror-zombies, showcase.wounded-entry, showcase.knockback-two, showcase.assembled-party
 × test/authored-geometry.test.ts > terrain.authored-geometry > test.geometry-diagonal runs real pure-data geometry 0ms
   → unknown scenario 'test.geometry-diagonal' — scenarios are an explicit registry, known ids: test.direct-map-journey, test.direct-map-authored, test.props-viewer-ranged-zoc, test.board-journey, test.board-authored, test.authored-slots, showcase.flight-bonuses, showcase.surge-flight-ladder, showcase.movement-bonuses, showcase.ordered-power-preview, showcase.beasts, showcase.prologue-enemies, showcase.prologue-party, showcase.alpha-team, showcase.arc-variant, showcase.item-powers, showcase.civilians, showcase.eve-24-a, showcase.eve-24-b, showcase.gash-variant, showcase.surrounded, showcase.two-zombies-and-a-child, showcase.supper, showcase.kiln, showcase.rime, showcase.horrors, showcase.waystation, showcase.farmers-grown, showcase.badged, showcase.mirror-zombies, showcase.wounded-entry, showcase.knockback-two, showcase.assembled-party
 × test/authored-geometry.test.ts > terrain.authored-geometry > blocks a finite wall between open centers without blocking an unrelated ray 2ms
   → props: unsupported field or accessor
 × test/authored-geometry.test.ts > terrain.authored-geometry > keeps absent floor out of LOS while rejecting every destination consumer 0ms
   → maps: unsupported field 'floor'
 × test/authored-geometry.test.ts > terrain.authored-geometry > padding changes movement but not physical LOS; weighted metric respects x anisotropy 0ms
   → props: unsupported field or accessor
 × test/authored-geometry.test.ts > terrain.authored-geometry > rejects a walking command across the wall atomically, but flight keeps destination-only semantics 0ms
   → props: unsupported field or accessor
 × test/authored-geometry.test.ts > terrain.authored-geometry > knockback stops at the thin physical wall even though target center is open 0ms
   → props: unsupported field or accessor
 × test/authored-geometry.test.ts > terrain.authored-geometry > detaches initial facts and observes polygon replacement/in-place edits across forks and restore 0ms
   → props: unsupported field or accessor
 × test/authored-geometry.test.ts > terrain.authored-geometry > transports floor/physical polygon through JSON and exact passive field preparation 0ms
   → maps: unsupported field 'floor'
 ✓ test/authored-geometry.test.ts > terrain.authored-geometry > rejects invalid finite convex vertices [0,0] 1ms
 ✓ test/authored-geometry.test.ts > terrain.authored-geometry > rejects invalid finite convex vertices [0,0] 0ms
 ✓ test/authored-geometry.test.ts > terrain.authored-geometry > rejects invalid finite convex vertices [0,0] 0ms
 ✓ test/authored-geometry.test.ts > terrain.authored-geometry > rejects invalid finite convex vertices [0,0] 0ms
 ✓ test/authored-geometry.test.ts > terrain.authored-geometry > rejects invalid finite convex vertices [0,0] 0ms
 ✓ test/authored-geometry.test.ts > terrain.authored-geometry > rejects invalid finite convex vertices [0,0] 0ms
 ✓ test/authored-geometry.test.ts > terrain.authored-geometry > rejects invalid finite convex vertices [0,0] 0ms
 ✓ test/authored-geometry.test.ts > terrain.authored-geometry > rejects invalid floor null 0ms
 ✓ test/authored-geometry.test.ts > terrain.authored-geometry > rejects invalid floor undefined 0ms
 ✓ test/authored-geometry.test.ts > terrain.authored-geometry > rejects invalid floor true 0ms
 ✓ test/authored-geometry.test.ts > terrain.authored-geometry > rejects invalid floor 1 0ms

⎯⎯⎯⎯⎯⎯⎯ Failed Tests 9 ⎯⎯⎯⎯⎯⎯⎯

 FAIL  test/authored-geometry.test.ts > terrain.authored-geometry > test.geometry-corridor runs real pure-data geometry
Error: unknown scenario 'test.geometry-corridor' — scenarios are an explicit registry, known ids: test.direct-map-journey, test.direct-map-authored, test.props-viewer-ranged-zoc, test.board-journey, test.board-authored, test.authored-slots, showcase.flight-bonuses, showcase.surge-flight-ladder, showcase.movement-bonuses, showcase.ordered-power-preview, showcase.beasts, showcase.prologue-enemies, showcase.prologue-party, showcase.alpha-team, showcase.arc-variant, showcase.item-powers, showcase.civilians, showcase.eve-24-a, showcase.eve-24-b, showcase.gash-variant, showcase.surrounded, showcase.two-zombies-and-a-child, showcase.supper, showcase.kiln, showcase.rime, showcase.horrors, showcase.waystation, showcase.farmers-grown, showcase.badged, showcase.mirror-zombies, showcase.wounded-entry, showcase.knockback-two, showcase.assembled-party
 ❯ scenarioDef src/content/scenarios.ts:510:11
    508|   const s = SCENARIOS[id]
    509|   if (!s) {
    510|     throw new Error(
       |           ^
    511|       `unknown scenario '${id}' — scenarios are an explicit registry, `
    512|       + `known ids: ${Object.keys(SCENARIOS).join(', ') || '(none)'}`,
 ❯ test/authored-geometry.test.ts:20:42

⎯⎯⎯⎯⎯⎯⎯⎯⎯⎯⎯⎯⎯⎯⎯⎯⎯⎯⎯⎯⎯⎯⎯⎯[1/9]⎯

 FAIL  test/authored-geometry.test.ts > terrain.authored-geometry > test.geometry-diagonal runs real pure-data geometry
Error: unknown scenario 'test.geometry-diagonal' — scenarios are an explicit registry, known ids: test.direct-map-journey, test.direct-map-authored, test.props-viewer-ranged-zoc, test.board-journey, test.board-authored, test.authored-slots, showcase.flight-bonuses, showcase.surge-flight-ladder, showcase.movement-bonuses, showcase.ordered-power-preview, showcase.beasts, showcase.prologue-enemies, showcase.prologue-party, showcase.alpha-team, showcase.arc-variant, showcase.item-powers, showcase.civilians, showcase.eve-24-a, showcase.eve-24-b, showcase.gash-variant, showcase.surrounded, showcase.two-zombies-and-a-child, showcase.supper, showcase.kiln, showcase.rime, showcase.horrors, showcase.waystation, showcase.farmers-grown, showcase.badged, showcase.mirror-zombies, showcase.wounded-entry, showcase.knockback-two, showcase.assembled-party
 ❯ scenarioDef src/content/scenarios.ts:510:11
    508|   const s = SCENARIOS[id]
    509|   if (!s) {
    510|     throw new Error(
       |           ^
    511|       `unknown scenario '${id}' — scenarios are an explicit registry, `
    512|       + `known ids: ${Object.keys(SCENARIOS).join(', ') || '(none)'}`,
 ❯ test/authored-geometry.test.ts:20:42

⎯⎯⎯⎯⎯⎯⎯⎯⎯⎯⎯⎯⎯⎯⎯⎯⎯⎯⎯⎯⎯⎯⎯⎯[2/9]⎯

 FAIL  test/authored-geometry.test.ts > terrain.authored-geometry > blocks a finite wall between open centers without blocking an unrelated ray
Error: props: unsupported field or accessor
 ❯ plain src/core/props.ts:6:165

 ❯ decodeProps src/core/props.ts:24:5
 ❯ mapBoardOf src/content/pack.ts:461:32
 ❯ decodeMap src/content/maps.ts:144:17
 ❯ createBattle src/core/setup.ts:181:19
 ❯ setup test/authored-geometry.test.ts:17:59
 ❯ test/authored-geometry.test.ts:24:13

⎯⎯⎯⎯⎯⎯⎯⎯⎯⎯⎯⎯⎯⎯⎯⎯⎯⎯⎯⎯⎯⎯⎯⎯[3/9]⎯

 FAIL  test/authored-geometry.test.ts > terrain.authored-geometry > keeps absent floor out of LOS while rejecting every destination consumer
Error: maps: unsupported field 'floor'
 ❯ mapRecord src/content/pack.ts:441:128
    439|   if (!value || typeof value !== 'object' || Array.isArray(value) || !…
    440|   for (const key of Reflect.ownKeys(value)) {
    441|     if (typeof key !== 'string' || !allowed.includes(key) || !('value'…
       |                                                                                                                                ^
    442|   }
    443| }
 ❯ mapBoardOf src/content/pack.ts:446:3
 ❯ decodeMap src/content/maps.ts:144:17
 ❯ createBattle src/core/setup.ts:181:19
 ❯ setup test/authored-geometry.test.ts:17:59
 ❯ test/authored-geometry.test.ts:32:61

⎯⎯⎯⎯⎯⎯⎯⎯⎯⎯⎯⎯⎯⎯⎯⎯⎯⎯⎯⎯⎯⎯⎯⎯[4/9]⎯

 FAIL  test/authored-geometry.test.ts > terrain.authored-geometry > padding changes movement but not physical LOS; weighted metric respects x anisotropy
Error: props: unsupported field or accessor
 ❯ plain src/core/props.ts:6:165

 ❯ decodeProps src/core/props.ts:24:5
 ❯ mapBoardOf src/content/pack.ts:461:32
 ❯ decodeMap src/content/maps.ts:144:17
 ❯ createBattle src/core/setup.ts:181:19
 ❯ setup test/authored-geometry.test.ts:17:59
 ❯ test/authored-geometry.test.ts:41:13

⎯⎯⎯⎯⎯⎯⎯⎯⎯⎯⎯⎯⎯⎯⎯⎯⎯⎯⎯⎯⎯⎯⎯⎯[5/9]⎯

 FAIL  test/authored-geometry.test.ts > terrain.authored-geometry > rejects a walking command across the wall atomically, but flight keeps destination-only semantics
Error: props: unsupported field or accessor
 ❯ plain src/core/props.ts:6:165

 ❯ decodeProps src/core/props.ts:24:5
 ❯ mapBoardOf src/content/pack.ts:461:32
 ❯ decodeMap src/content/maps.ts:144:17
 ❯ createBattle src/core/setup.ts:181:19
 ❯ setup test/authored-geometry.test.ts:17:59
 ❯ test/authored-geometry.test.ts:47:13

⎯⎯⎯⎯⎯⎯⎯⎯⎯⎯⎯⎯⎯⎯⎯⎯⎯⎯⎯⎯⎯⎯⎯⎯[6/9]⎯

 FAIL  test/authored-geometry.test.ts > terrain.authored-geometry > knockback stops at the thin physical wall even though target center is open
Error: props: unsupported field or accessor
 ❯ plain src/core/props.ts:6:165

 ❯ decodeProps src/core/props.ts:24:5
 ❯ mapBoardOf src/content/pack.ts:461:32
 ❯ decodeMap src/content/maps.ts:144:17
 ❯ createBattle src/core/setup.ts:181:19
 ❯ setup test/authored-geometry.test.ts:17:59
 ❯ test/authored-geometry.test.ts:55:13

⎯⎯⎯⎯⎯⎯⎯⎯⎯⎯⎯⎯⎯⎯⎯⎯⎯⎯⎯⎯⎯⎯⎯⎯[7/9]⎯

 FAIL  test/authored-geometry.test.ts > terrain.authored-geometry > detaches initial facts and observes polygon replacement/in-place edits across forks and restore
Error: props: unsupported field or accessor
 ❯ plain src/core/props.ts:6:165

 ❯ decodeProps src/core/props.ts:24:5
 ❯ mapBoardOf src/content/pack.ts:461:32
 ❯ decodeMap src/content/maps.ts:144:17
 ❯ createBattle src/core/setup.ts:181:19
 ❯ setup test/authored-geometry.test.ts:17:59
 ❯ test/authored-geometry.test.ts:59:31

⎯⎯⎯⎯⎯⎯⎯⎯⎯⎯⎯⎯⎯⎯⎯⎯⎯⎯⎯⎯⎯⎯⎯⎯[8/9]⎯

 FAIL  test/authored-geometry.test.ts > terrain.authored-geometry > transports floor/physical polygon through JSON and exact passive field preparation
Error: maps: unsupported field 'floor'
 ❯ mapRecord src/content/pack.ts:441:128
    439|   if (!value || typeof value !== 'object' || Array.isArray(value) || !…
    440|   for (const key of Reflect.ownKeys(value)) {
    441|     if (typeof key !== 'string' || !allowed.includes(key) || !('value'…
       |                                                                                                                                ^
    442|   }
    443| }
 ❯ mapBoardOf src/content/pack.ts:446:3
 ❯ decodeMap src/content/maps.ts:144:17
 ❯ createBattle src/core/setup.ts:181:19
 ❯ setup test/authored-geometry.test.ts:17:59
 ❯ test/authored-geometry.test.ts:68:61

⎯⎯⎯⎯⎯⎯⎯⎯⎯⎯⎯⎯⎯⎯⎯⎯⎯⎯⎯⎯⎯⎯⎯⎯[9/9]⎯


 Test Files  1 failed (1)
      Tests  9 failed | 11 passed (20)
   Start at  21:25:06
   Duration  1.07s (transform 444ms, setup 0ms, import 571ms, tests 10ms, environment 0ms)

