✖ compiler publishes both actual TEST encounters with map dimensions intact (142.8175ms)
ℹ tests 1
ℹ suites 0
ℹ pass 0
ℹ fail 1
ℹ cancelled 0
ℹ skipped 0
ℹ todo 0
ℹ duration_ms 193.7828

✖ failing tests:

test at test\authored-boards.test.mjs:34:1
✖ compiler publishes both actual TEST encounters with map dimensions intact (142.8175ms)
  AssertionError [ERR_ASSERTION]: journey-20x10
      at TestContext.<anonymous> (file:///C:/Users/aring/Desktop/Heroes%20of%20Blight%20and%20Tragic/content/test/authored-boards.test.mjs:39:12)
      at Test.runInAsyncScope (node:async_hooks:214:14)
      at Test.run (node:internal/test_runner/test:1106:25)
      at Test.start (node:internal/test_runner/test:1003:17)
      at startSubtestAfterBootstrap (node:internal/test_runner/harness:358:17) {
    generatedMessage: false,
    code: 'ERR_ASSERTION',
    actual: undefined,
    expected: true,
    operator: '==',
    diff: 'simple'
  }
