
 RUN  v4.1.11 C:/Users/aring/Desktop/Heroes of Blight and Tragic/engine

 ❯ test/authored-props.test.ts (3 tests | 3 failed) 9ms
     × normalizes x once into OPEN ground and a stable high prop 5ms
     × preserves ground while blocking ordinary and reaction shots and reachable cells 3ms
     × detaches caller footprints and authoritative initial facts across save/restore 0ms

⎯⎯⎯⎯⎯⎯⎯ Failed Tests 3 ⎯⎯⎯⎯⎯⎯⎯

 FAIL  test/authored-props.test.ts > canonical authored high props > normalizes x once into OPEN ground and a stable high prop
AssertionError: expected [ +0, 6, +0 ] to deeply equal [ +0, +0, +0 ]

- Expected
+ Received

  [
    0,
-   0,
+   6,
    0,
  ]

 ❯ test/authored-props.test.ts:15:29
     13|   it('normalizes x once into OPEN ground and a stable high prop', () =…
     14|     const decoded = decodeMap({ id: 'test.map.shorthand', name: 'Short…
     15|     expect(decoded.terrain).toEqual([0, 0, 0])
       |                             ^
     16|     expect(decoded.props).toEqual([{ id: 'prop.obstacle.1', height: 'h…
     17|     expect(terrainOf('map.thicket')).not.toContain(6)

⎯⎯⎯⎯⎯⎯⎯⎯⎯⎯⎯⎯⎯⎯⎯⎯⎯⎯⎯⎯⎯⎯⎯⎯[1/3]⎯

 FAIL  test/authored-props.test.ts > canonical authored high props > preserves ground while blocking ordinary and reaction shots and reachable cells
Error: maps: unsupported field 'props'
 ❯ mapRecord src/content/pack.ts:437:128
    435|   if (!value || typeof value !== 'object' || Array.isArray(value) || !…
    436|   for (const key of Reflect.ownKeys(value)) {
    437|     if (typeof key !== 'string' || !allowed.includes(key) || !('value'…
       |                                                                                                                                ^
    438|   }
    439| }
 ❯ mapBoardOf src/content/pack.ts:442:3
 ❯ decodeMap src/content/maps.ts:158:17
 ❯ createBattle src/core/setup.ts:180:19
 ❯ setup test/authored-props.test.ts:10:32
 ❯ test/authored-props.test.ts:20:17

⎯⎯⎯⎯⎯⎯⎯⎯⎯⎯⎯⎯⎯⎯⎯⎯⎯⎯⎯⎯⎯⎯⎯⎯[2/3]⎯

 FAIL  test/authored-props.test.ts > canonical authored high props > detaches caller footprints and authoritative initial facts across save/restore
Error: maps: unsupported field 'props'
 ❯ mapRecord src/content/pack.ts:437:128
    435|   if (!value || typeof value !== 'object' || Array.isArray(value) || !…
    436|   for (const key of Reflect.ownKeys(value)) {
    437|     if (typeof key !== 'string' || !allowed.includes(key) || !('value'…
       |                                                                                                                                ^
    438|   }
    439| }
 ❯ mapBoardOf src/content/pack.ts:442:3
 ❯ decodeMap src/content/maps.ts:158:17
 ❯ createBattle src/core/setup.ts:180:19
 ❯ setup test/authored-props.test.ts:10:32
 ❯ test/authored-props.test.ts:28:32

⎯⎯⎯⎯⎯⎯⎯⎯⎯⎯⎯⎯⎯⎯⎯⎯⎯⎯⎯⎯⎯⎯⎯⎯[3/3]⎯


 Test Files  1 failed (1)
      Tests  3 failed (3)
   Start at  16:09:01
   Duration  615ms (transform 377ms, setup 0ms, import 480ms, tests 9ms, environment 0ms)

