✔ compiler preserves movement through all TEST action families and authored movement (140.7827ms)
✔ compiler preserves primary through all TEST action families and authored movement (134.9853ms)
✔ compiler preserves either through all TEST action families and authored movement (131.0757ms)
✔ authored movement preserves free without weakening slot transport (127.4407ms)
✔ authored movement rejects a nonboolean free flag (85.2138ms)
✔ compiler rejects invalid attacks slot before producing output (132.674ms)
✔ compiler rejects invalid abilities slot before producing output (114.2394ms)
✔ compiler rejects invalid moves slot before producing output (115.8303ms)
✔ compiler rejects invalid settled slot before producing output (86.2247ms)
✔ compiler publishes both actual TEST encounters with map dimensions intact (146.4763ms)
✔ assembler accepts 20x10 map and encounter (122.3106ms)
✔ compiler transports 20x10 shipping map, TEST map and encounter (158.6296ms)
✔ assembler accepts 40x40 map and encounter (119.7436ms)
✔ compiler transports 40x40 shipping map, TEST map and encounter (156.0586ms)
✔ assembler rejects malformed map {"id":["map.dimension-probe"]} (109.4881ms)
✔ compiler rejects malformed map {"id":["map.dimension-probe"]} (151.0195ms)
✔ assembler rejects malformed map {"name":""} (109.9565ms)
✔ compiler rejects malformed map {"name":""} (140.1046ms)
✔ assembler rejects malformed map {"name":null} (118.3678ms)
✔ compiler rejects malformed map {"name":null} (140.0211ms)
✔ assembler rejects malformed map {"rows":[]} (584.363ms)
✔ compiler rejects malformed map {"rows":[]} (470.0047ms)
✔ assembler rejects malformed map {"rows":[""]} (105.1832ms)
✔ compiler rejects malformed map {"rows":[""]} (137.5942ms)
✔ assembler rejects malformed map {"rows":[null]} (105.4697ms)
✔ compiler rejects malformed map {"rows":[null]} (142.1206ms)
✔ assembler rejects malformed map {"rows":[5]} (110.0803ms)
✔ compiler rejects malformed map {"rows":[5]} (142.1966ms)
✔ assembler rejects malformed map {"rows":[{"length":20}]} (106.9584ms)
✔ compiler rejects malformed map {"rows":[{"length":20}]} (143.1967ms)
✔ assembler rejects malformed map {"rows":["..","."]} (107.3138ms)
✔ compiler rejects malformed map {"rows":["..","."]} (144.1734ms)
✔ assembler rejects malformed map {"board":{"width":9007199254740992,"height":1}} (110.9283ms)
✔ compiler rejects malformed map {"board":{"width":9007199254740992,"height":1}} (142.3149ms)
✔ assembler rejects malformed map {"board":null} (107.3269ms)
✔ compiler rejects malformed map {"board":null} (148.4601ms)
✔ assembler rejects malformed map {"format":"16x16"} (116.2175ms)
✔ compiler rejects malformed map {"format":"16x16"} (144.6724ms)
✔ assembler rejects malformed map {"format":null} (110.3675ms)
✔ compiler rejects malformed map {"format":null} (144.3952ms)
✔ assembler rejects malformed map {"rows":["....................................................... (624.5298ms)
✔ compiler rejects malformed map {"rows":["....................................................... (148.9977ms)
✔ assembler rejects malformed map {"deploy":{"hero":"top","enemy":"east"}} (107.0489ms)
✔ compiler rejects malformed map {"deploy":{"hero":"top","enemy":"east"}} (142.7994ms)
✔ assembler rejects malformed map {"deploy":{"hero":"west","enemy":"west"}} (109.2533ms)
✔ compiler rejects malformed map {"deploy":{"hero":"west","enemy":"west"}} (144.1061ms)
✔ assembler rejects malformed map {"deploy":null} (107.4222ms)
✔ compiler rejects malformed map {"deploy":null} (142.3616ms)
✔ compiler accepts the exact10000-cell ceiling without allocating battle geometry (154.9789ms)
✔ assembler rejects invalid encounter board or coordinates {"board":{"width":9007199254740992,"height":1}} (106.6828ms)
✔ assembler rejects invalid encounter board or coordinates {"board":{"width":10001,"height":1}} (106.9998ms)
✔ assembler rejects invalid encounter board or coordinates {"board":{"width":20,"height":10}} (107.0298ms)
✔ assembler rejects invalid encounter board or coordinates {"setup":[{"unit":"unit.zombie","at":{"col":0.5,"row":2}}]} (107.5112ms)
✔ assembler rejects invalid encounter board or coordinates {"setup":[{"unit":"unit.zombie","at":{"col":"1","row":2}}]} (107.7497ms)
✔ assembler rejects invalid encounter board or coordinates {"paint":[{"layer":"terrain.burning","hexes":[0.5]}]} (109.8606ms)
✔ compiler rejects invalid encounter board or coordinates {"board":{"width":9007199254740992,"height":1}} (468.4986ms)
✔ compiler rejects invalid encounter board or coordinates {"board":{"width":10001,"height":1}} (252.746ms)
✔ compiler rejects invalid encounter board or coordinates {"board":{"width":20,"height":10}} (123.3924ms)
✔ compiler rejects invalid encounter board or coordinates {"setup":[{"unit":"unit.zombie","at":{"col":0.5,"row":2}}]} (126.4062ms)
✔ compiler rejects invalid encounter board or coordinates {"setup":[{"unit":"unit.zombie","at":{"col":"1","row":2}}]} (123.0079ms)
✔ compiler rejects invalid encounter board or coordinates {"paint":[{"layer":"terrain.burning","hexes":[0.5]}]} (128.2159ms)
ℹ tests 61
ℹ suites 0
ℹ pass 61
ℹ fail 0
ℹ cancelled 0
ℹ skipped 0
ℹ todo 0
ℹ duration_ms 8419.938
