
 RUN  v4.1.11 C:/Users/aring/Desktop/HBT-worker-engine/engine

 ❯ test/computer-reaches-class-power.test.ts (6 tests | 3 failed) 490ms
     × a hero with the shield: Arrow Wall first, though Brace is listed first; while Arrow Wall cools down, Brace; then Arrow Wall again 20ms
     × an enemy handed the same two powers chooses the same way — the rule is the computer's, not a side's 3ms
     × the Paladin uses Aegis and still raises his shield on other Activations; the Priest uses Circle of Healing 463ms

⎯⎯⎯⎯⎯⎯⎯ Failed Tests 3 ⎯⎯⎯⎯⎯⎯⎯

 FAIL  test/computer-reaches-class-power.test.ts > the computer tries its power with the longest cooldown first > a hero with the shield: Arrow Wall first, though Brace is listed first; while Arrow Wall cools down, Brace; then Arrow Wall again
AssertionError: expected [ Array(3) ] to deeply equal [ …(3) ]

- Expected
+ Received

  [
    [
-     "power.tower-shield.arrow-wall",
+     "power.tower-shield.brace",
    ],
    [
      "power.tower-shield.brace",
    ],
    [
-     "power.tower-shield.arrow-wall",
+     "power.tower-shield.brace",
    ],
  ]

 ❯ test/computer-reaches-class-power.test.ts:62:18
     60|     const { ctx, u } = idle('hero')
     61|     const used = activationsOf(ctx, u.id, 3)
     62|     expect(used).toEqual([[WALL], [BRACE], [WALL]])
       |                  ^
     63|   })
     64|

⎯⎯⎯⎯⎯⎯⎯⎯⎯⎯⎯⎯⎯⎯⎯⎯⎯⎯⎯⎯⎯⎯⎯⎯[1/3]⎯

 FAIL  test/computer-reaches-class-power.test.ts > the computer tries its power with the longest cooldown first > an enemy handed the same two powers chooses the same way — the rule is the computer's, not a side's
AssertionError: expected [ Array(3) ] to deeply equal [ …(3) ]

- Expected
+ Received

  [
    [
-     "power.tower-shield.arrow-wall",
+     "power.tower-shield.brace",
    ],
    [
      "power.tower-shield.brace",
    ],
    [
-     "power.tower-shield.arrow-wall",
+     "power.tower-shield.brace",
    ],
  ]

 ❯ test/computer-reaches-class-power.test.ts:68:18
     66|     const { ctx, u } = idle('enemy')
     67|     const used = activationsOf(ctx, u.id, 3)
     68|     expect(used).toEqual([[WALL], [BRACE], [WALL]])
       |                  ^
     69|   })
     70|

⎯⎯⎯⎯⎯⎯⎯⎯⎯⎯⎯⎯⎯⎯⎯⎯⎯⎯⎯⎯⎯⎯⎯⎯[2/3]⎯

 FAIL  test/computer-reaches-class-power.test.ts > a computer-played hero with a shield reaches its class powers — the assembled party, with its full kits > the Paladin uses Aegis and still raises his shield on other Activations; the Priest uses Circle of Healing
AssertionError: power.kite-shield.cover-ally: expected false to be true // Object.is equality

- Expected
+ Received

- true
+ false

 ❯ test/computer-reaches-class-power.test.ts:100:57
     98|     const used = played(6)
     99|     const paladin = used.get('hero.base.paladin-hunk') ?? new Set(), p…
    100|     expect(paladin.has(AEGIS), [...paladin].join(', ')).toBe(true)
       |                                                         ^
    101|     expect([...paladin].some((p) => p.startsWith('power.kite-shield.')…
    102|     expect(priest.has(CIRCLE), [...priest].join(', ')).toBe(true)

⎯⎯⎯⎯⎯⎯⎯⎯⎯⎯⎯⎯⎯⎯⎯⎯⎯⎯⎯⎯⎯⎯⎯⎯[3/3]⎯


 Test Files  1 failed (1)
      Tests  3 failed | 3 passed (6)
   Start at  23:39:23
   Duration  1.91s (transform 1.06s, setup 0ms, import 1.27s, tests 490ms, environment 0ms)

