
 RUN  v4.1.11 C:/Users/aring/Desktop/Heroes of Blight and Tragic/engine

 ❯ test/direct-map.test.ts (35 tests | 34 failed) 64ms
     × test.map.journey-20x10 uses the published row directly, emits exact replay facts and runs 7ms
     × test.map.authored-40x40 uses the published row directly, emits exact replay facts and runs 1ms
     × unknown same-ID boards remain independent, never mutate the registry, and detach caller arrays/metadata 8ms
     × direct input wins over a same-ID registry entry without modifying it 1ms
     × rejects malformed/unsupported authored data null 1ms
     × rejects malformed/unsupported authored data false 0ms
     × rejects malformed/unsupported authored data [] 0ms
     × rejects malformed/unsupported authored data {} 0ms
     × rejects malformed/unsupported authored data { id: 'map.open', …(2) } 0ms
     × rejects malformed/unsupported authored data { id: 'map.open', …(2) } 0ms
     × rejects malformed/unsupported authored data { id: 'map.open', …(2) } 0ms
     × rejects malformed/unsupported authored data { id: 'map.open', …(2) } 0ms
     × rejects malformed/unsupported authored data { id: 'map.open', …(2) } 0ms
     × rejects malformed/unsupported authored data { id: [ 'map.open' ], …(2) } 0ms
     × rejects malformed/unsupported authored data { id: ' ', …(2) } 0ms
     × rejects malformed/unsupported authored data { id: 'map.open', name: '', …(1) } 0ms
     × rejects malformed/unsupported authored data { id: 'map.open', …(3) } 0ms
     × rejects malformed/unsupported authored data { id: 'map.open', …(3) } 0ms
     × rejects malformed/unsupported authored data { id: 'map.open', …(3) } 0ms
     × rejects malformed/unsupported authored data { id: 'map.open', …(3) } 0ms
     × rejects malformed/unsupported authored data { id: 'map.open', …(3) } 0ms
     × rejects malformed/unsupported authored data { id: 'map.open', …(3) } 0ms
     × rejects malformed/unsupported authored data { id: 'map.open', …(3) } 0ms
     × rejects malformed/unsupported authored data { id: 'map.open', …(3) } 0ms
     × rejects malformed/unsupported authored data { id: 'map.open', …(3) } 0ms
     × rejects malformed/unsupported authored data { id: 'map.open', …(3) } 0ms
     × rejects malformed/unsupported authored data { id: 'map.open', …(3) } 0ms
     × rejects malformed/unsupported authored data { id: 'map.open', …(2) } 0ms
     × rejects explicit map ID mismatch and encounter identity/board mismatch 0ms
     × honors every supported glyph exactly and refuses explicit positions in obstacles 1ms
     × reserves an explicit enemy before rolling heroes 1ms
     × reserves an explicit hero before rolling enemies 0ms
     × two opposing edge rolls on a one-column map use different hexes 0ms
     × spilling enemies skip occupied/blocked lines and fail loudly when the board is full 0ms

⎯⎯⎯⎯⎯⎯ Failed Tests 34 ⎯⎯⎯⎯⎯⎯⎯

 FAIL  test/direct-map.test.ts > production direct authored maps > test.map.journey-20x10 uses the published row directly, emits exact replay facts and runs
AssertionError: expected 'map.open' to be 'test.map.journey-20x10' // Object.is equality

Expected: "test.map.journey-20x10"
Received: "map.open"

 ❯ test/direct-map.test.ts:26:31
     24|       expect(map).toBeDefined()
     25|       const ctx = battle(map)
     26|       expect(ctx.state.mapId).toBe(id)
       |                               ^
     27|       expect(ctx.state.terrain).toEqual(terrainOf(id))
     28|       expect(ctx.state.board).toEqual({ width: map.rows[0]!.length, he…

⎯⎯⎯⎯⎯⎯⎯⎯⎯⎯⎯⎯⎯⎯⎯⎯⎯⎯⎯⎯⎯⎯⎯[1/34]⎯

 FAIL  test/direct-map.test.ts > production direct authored maps > test.map.authored-40x40 uses the published row directly, emits exact replay facts and runs
AssertionError: expected 'map.open' to be 'test.map.authored-40x40' // Object.is equality

Expected: "test.map.authored-40x40"
Received: "map.open"

 ❯ test/direct-map.test.ts:26:31
     24|       expect(map).toBeDefined()
     25|       const ctx = battle(map)
     26|       expect(ctx.state.mapId).toBe(id)
       |                               ^
     27|       expect(ctx.state.terrain).toEqual(terrainOf(id))
     28|       expect(ctx.state.board).toEqual({ width: map.rows[0]!.length, he…

⎯⎯⎯⎯⎯⎯⎯⎯⎯⎯⎯⎯⎯⎯⎯⎯⎯⎯⎯⎯⎯⎯⎯[2/34]⎯

 FAIL  test/direct-map.test.ts > production direct authored maps > unknown same-ID boards remain independent, never mutate the registry, and detach caller arrays/metadata
AssertionError: expected { width: 16, height: 16 } to deeply equal { width: 4, height: 3 }

- Expected
+ Received

  {
-   "height": 3,
-   "width": 4,
+   "height": 16,
+   "width": 16,
  }

 ❯ test/direct-map.test.ts:46:27
     44|     const a = battle(input), saved = saveBattle(a)
     45|     const b = battle(authored(input.id, 5, 2))
     46|     expect(a.state.board).toEqual({ width: 4, height: 3 }); expect(b.s…
       |                           ^
     47|     input.rows[0] = 'xxxx'; input.rows[1] = 'xxxx'; input.board.width …
     48|     expect(saveBattle(a)).toBe(saved)

⎯⎯⎯⎯⎯⎯⎯⎯⎯⎯⎯⎯⎯⎯⎯⎯⎯⎯⎯⎯⎯⎯⎯[3/34]⎯

 FAIL  test/direct-map.test.ts > production direct authored maps > direct input wins over a same-ID registry entry without modifying it
AssertionError: expected { width: 16, height: 16 } to deeply equal { width: 4, height: 3 }

- Expected
+ Received

  {
-   "height": 3,
-   "width": 4,
+   "height": 16,
+   "width": 16,
  }

 ❯ test/direct-map.test.ts:61:29
     59|     const original = terrainOf('map.open')
     60|     const ctx = battle(authored('map.open'))
     61|     expect(ctx.state.board).toEqual({ width: 4, height: 3 })
       |                             ^
     62|     expect(terrainOf('map.open')).toEqual(original)
     63|   })

⎯⎯⎯⎯⎯⎯⎯⎯⎯⎯⎯⎯⎯⎯⎯⎯⎯⎯⎯⎯⎯⎯⎯[4/34]⎯

 FAIL  test/direct-map.test.ts > production direct authored maps > rejects malformed/unsupported authored data null
 FAIL  test/direct-map.test.ts > production direct authored maps > rejects malformed/unsupported authored data false
 FAIL  test/direct-map.test.ts > production direct authored maps > rejects malformed/unsupported authored data []
 FAIL  test/direct-map.test.ts > production direct authored maps > rejects malformed/unsupported authored data {}
 FAIL  test/direct-map.test.ts > production direct authored maps > rejects malformed/unsupported authored data { id: 'map.open', …(2) }
 FAIL  test/direct-map.test.ts > production direct authored maps > rejects malformed/unsupported authored data { id: 'map.open', …(2) }
 FAIL  test/direct-map.test.ts > production direct authored maps > rejects malformed/unsupported authored data { id: 'map.open', …(2) }
 FAIL  test/direct-map.test.ts > production direct authored maps > rejects malformed/unsupported authored data { id: 'map.open', …(2) }
 FAIL  test/direct-map.test.ts > production direct authored maps > rejects malformed/unsupported authored data { id: 'map.open', …(2) }
 FAIL  test/direct-map.test.ts > production direct authored maps > rejects malformed/unsupported authored data { id: [ 'map.open' ], …(2) }
 FAIL  test/direct-map.test.ts > production direct authored maps > rejects malformed/unsupported authored data { id: ' ', …(2) }
 FAIL  test/direct-map.test.ts > production direct authored maps > rejects malformed/unsupported authored data { id: 'map.open', name: '', …(1) }
 FAIL  test/direct-map.test.ts > production direct authored maps > rejects malformed/unsupported authored data { id: 'map.open', …(3) }
 FAIL  test/direct-map.test.ts > production direct authored maps > rejects malformed/unsupported authored data { id: 'map.open', …(3) }
 FAIL  test/direct-map.test.ts > production direct authored maps > rejects malformed/unsupported authored data { id: 'map.open', …(3) }
 FAIL  test/direct-map.test.ts > production direct authored maps > rejects malformed/unsupported authored data { id: 'map.open', …(3) }
 FAIL  test/direct-map.test.ts > production direct authored maps > rejects malformed/unsupported authored data { id: 'map.open', …(3) }
 FAIL  test/direct-map.test.ts > production direct authored maps > rejects malformed/unsupported authored data { id: 'map.open', …(3) }
 FAIL  test/direct-map.test.ts > production direct authored maps > rejects malformed/unsupported authored data { id: 'map.open', …(3) }
 FAIL  test/direct-map.test.ts > production direct authored maps > rejects malformed/unsupported authored data { id: 'map.open', …(3) }
 FAIL  test/direct-map.test.ts > production direct authored maps > rejects malformed/unsupported authored data { id: 'map.open', …(3) }
 FAIL  test/direct-map.test.ts > production direct authored maps > rejects malformed/unsupported authored data { id: 'map.open', …(3) }
 FAIL  test/direct-map.test.ts > production direct authored maps > rejects malformed/unsupported authored data { id: 'map.open', …(3) }
 FAIL  test/direct-map.test.ts > production direct authored maps > rejects malformed/unsupported authored data { id: 'map.open', …(2) }
AssertionError: expected [Function] to throw an error

- Expected:
null

+ Received:
undefined

 ❯ test/direct-map.test.ts:94:31
     92|     { ...authored('map.open'), rows: Array(101).fill('.'.repeat(100)) …
     93|   ].map(map => ({ map })))('rejects malformed/unsupported authored dat…
     94|     expect(() => battle(map)).toThrow(/map/i)
       |                               ^
     95|   })
     96|

⎯⎯⎯⎯⎯⎯⎯⎯⎯⎯⎯⎯⎯⎯⎯⎯⎯⎯⎯⎯⎯⎯⎯[5/34]⎯

 FAIL  test/direct-map.test.ts > production direct authored maps > rejects explicit map ID mismatch and encounter identity/board mismatch
AssertionError: expected [Function] to throw an error

- Expected:
null

+ Received:
undefined

 ❯ test/direct-map.test.ts:100:54
     98|     const map = copy(MAPS.find(m => m.id === 'test.map.journey-20x10')…
     99|     const enc = copy(ENCOUNTERS['test.encounter.journey-20x10']!)
    100|     expect(() => battle(map, { mapId: 'map.open' })).toThrow(/map/i)
       |                                                      ^
    101|     expect(() => battle(map, { encounter: { ...enc, mapId: 'map.open' …
    102|     expect(() => battle(map, { encounter: { ...enc, board: { width: 10…

⎯⎯⎯⎯⎯⎯⎯⎯⎯⎯⎯⎯⎯⎯⎯⎯⎯⎯⎯⎯⎯⎯⎯[6/34]⎯

 FAIL  test/direct-map.test.ts > production direct authored maps > honors every supported glyph exactly and refuses explicit positions in obstacles
AssertionError: expected [ +0, +0, +0, +0, +0, +0, +0, …(249) ] to deeply equal [ +0, 1, 2, 3, 4, 5, 6, 7, 8, +0 ]

- Expected
+ Received

  [
    0,
-   1,
-   2,
-   3,
-   4,
-   5,
-   6,
-   7,
-   8,
+   0,
+   0,
+   0,
+   0,
+   0,
+   0,
+   0,
+   0,
+   0,
+   0,
+   0,
+   0,
+   0,
+   0,
+   0,
+   0,
+   0,
+   0,
+   0,
+   0,
+   0,
+   0,
+   0,
+   0,
+   0,
+   0,
+   0,
+   0,
+   0,
+   0,
+   0,
+   0,
+   0,
+   0,
+   0,
+   0,
+   0,
+   0,
+   0,
+   0,
+   0,
+   0,
+   0,
+   0,
+   0,
+   0,
+   0,
+   0,
+   0,
+   0,
+   0,
+   0,
+   0,
+   0,
+   0,
+   0,
+   0,
+   0,
+   0,
+   0,
+   0,
+   0,
+   0,
+   0,
+   0,
+   0,
+   0,
+   0,
+   0,
+   0,
+   0,
+   0,
+   0,
+   0,
+   0,
+   0,
+   0,
+   0,
+   0,
+   0,
+   0,
+   0,
+   0,
+   0,
+   0,
+   0,
+   0,
+   0,
+   0,
+   0,
+   0,
+   0,
+   0,
+   0,
+   0,
+   0,
+   0,
+   0,
+   0,
+   0,
+   0,
+   0,
+   0,
+   0,
+   0,
+   0,
+   0,
+   0,
+   0,
+   0,
+   0,
+   0,
+   0,
+   0,
+   0,
+   0,
+   0,
+   0,
+   0,
+   0,
+   0,
+   0,
+   0,
+   0,
+   0,
+   0,
+   0,
+   0,
+   0,
+   0,
+   0,
+   0,
+   0,
+   0,
+   0,
+   0,
+   0,
+   0,
+   0,
+   0,
+   0,
+   0,
+   0,
+   0,
+   0,
+   0,
+   0,
+   0,
+   0,
+   0,
+   0,
+   0,
+   0,
+   0,
+   0,
+   0,
+   0,
+   0,
+   0,
+   0,
+   0,
+   0,
+   0,
+   0,
+   0,
+   0,
+   0,
+   0,
+   0,
+   0,
+   0,
+   0,
+   0,
+   0,
+   0,
+   0,
+   0,
+   0,
+   0,
+   0,
+   0,
+   0,
+   0,
+   0,
+   0,
+   0,
+   0,
+   0,
+   0,
+   0,
+   0,
+   0,
+   0,
+   0,
+   0,
+   0,
+   0,
+   0,
+   0,
+   0,
+   0,
+   0,
+   0,
+   0,
+   0,
+   0,
+   0,
+   0,
+   0,
+   0,
+   0,
+   0,
+   0,
+   0,
+   0,
+   0,
+   0,
+   0,
+   0,
+   0,
+   0,
+   0,
+   0,
+   0,
+   0,
+   0,
+   0,
+   0,
+   0,
+   0,
+   0,
+   0,
+   0,
+   0,
+   0,
+   0,
+   0,
+   0,
+   0,
+   0,
+   0,
+   0,
+   0,
+   0,
+   0,
+   0,
+   0,
+   0,
+   0,
+   0,
+   0,
+   0,
+   0,
+   0,
    0,
  ]

 ❯ test/direct-map.test.ts:110:31
    108|     const map = { ...authored(), rows: ['.hfrR', 'wxbp.'] }
    109|     const ctx = battle(map, { heroHexes: [0], enemyHexes: [9] })
    110|     expect(ctx.state.terrain).toEqual(map.rows.join('').split('').map(…
       |                               ^
    111|     expect(() => battle(map, { heroHexes: [6], enemyHexes: [9] })).toT…
    112|   })

⎯⎯⎯⎯⎯⎯⎯⎯⎯⎯⎯⎯⎯⎯⎯⎯⎯⎯⎯⎯⎯⎯⎯[7/34]⎯

 FAIL  test/direct-map.test.ts > mixed and tiny-map initial deployment > reserves an explicit enemy before rolling heroes
AssertionError: expected 1 to be 2 // Object.is equality

- Expected
+ Received

- 2
+ 1

 ❯ unique test/direct-map.test.ts:15:112
     13| const battle = (map: unknown, extra: Partial<BattleOptions> = {}) => c…
     14| const loaded = (ctx: ReturnType<typeof createBattle>) => ctx.events.fi…
     15| const unique = (ctx: ReturnType<typeof createBattle>) => expect(new Se…
       |                                                                                                                ^
     16|
     17| describe('production direct authored maps', () => {
 ❯ test/direct-map.test.ts:119:50

⎯⎯⎯⎯⎯⎯⎯⎯⎯⎯⎯⎯⎯⎯⎯⎯⎯⎯⎯⎯⎯⎯⎯[8/34]⎯

 FAIL  test/direct-map.test.ts > mixed and tiny-map initial deployment > reserves an explicit hero before rolling enemies
AssertionError: expected 1 to be 2 // Object.is equality

- Expected
+ Received

- 2
+ 1

 ❯ unique test/direct-map.test.ts:15:112
     13| const battle = (map: unknown, extra: Partial<BattleOptions> = {}) => c…
     14| const loaded = (ctx: ReturnType<typeof createBattle>) => ctx.events.fi…
     15| const unique = (ctx: ReturnType<typeof createBattle>) => expect(new Se…
       |                                                                                                                ^
     16|
     17| describe('production direct authored maps', () => {
 ❯ test/direct-map.test.ts:124:50

⎯⎯⎯⎯⎯⎯⎯⎯⎯⎯⎯⎯⎯⎯⎯⎯⎯⎯⎯⎯⎯⎯⎯[9/34]⎯

 FAIL  test/direct-map.test.ts > mixed and tiny-map initial deployment > two opposing edge rolls on a one-column map use different hexes
AssertionError: expected { width: 16, height: 16 } to deeply equal { width: 1, height: 2 }

- Expected
+ Received

  {
-   "height": 2,
-   "width": 1,
+   "height": 16,
+   "width": 16,
  }

 ❯ test/direct-map.test.ts:128:29
    126|   it('two opposing edge rolls on a one-column map use different hexes'…
    127|     const ctx = battle(authored('test.map.tiny', 1, 2))
    128|     expect(ctx.state.board).toEqual({ width: 1, height: 2 }); unique(c…
       |                             ^
    129|     expect(ctx.state.units.map(u => u.hex).sort()).toEqual([0, 1])
    130|   })

⎯⎯⎯⎯⎯⎯⎯⎯⎯⎯⎯⎯⎯⎯⎯⎯⎯⎯⎯⎯⎯⎯[10/34]⎯

 FAIL  test/direct-map.test.ts > mixed and tiny-map initial deployment > spilling enemies skip occupied/blocked lines and fail loudly when the board is full
AssertionError: expected [Function] to throw an error

- Expected:
null

+ Received:
undefined

 ❯ test/direct-map.test.ts:135:74
    133|     const ctx = battle(map, { enemies: Array(5).fill('test-zombie') })
    134|     unique(ctx); expect(ctx.state.units.length).toBe(6)
    135|     expect(() => battle(map, { enemies: Array(6).fill('test-zombie') }…
       |                                                                          ^
    136|     expect(() => battle(authored('test.map.tiny', 1, 1))).toThrow(/can…
    137|   })

⎯⎯⎯⎯⎯⎯⎯⎯⎯⎯⎯⎯⎯⎯⎯⎯⎯⎯⎯⎯⎯⎯[11/34]⎯


 Test Files  1 failed (1)
      Tests  34 failed | 1 passed (35)
   Start at  11:16:38
   Duration  695ms (transform 396ms, setup 0ms, import 502ms, tests 64ms, environment 0ms)

