map.open d3dd199c
map.ridge 9682f247
map.flanks 61ace08f
map.highlands da12b28b
map.field 7bd80468
map.thicket 722010e7
map.proving.open 329c5b7b
map.proving.ridge 3f59720e
map.proving.ford 6369de94
map.proving.copse d61a82db
map.proving.ruin 6b32d8f3
map.courtyard d631fa0b
map.floodplain c007e843
test.map.embers 0a1b56d0
test.map.showcase d5f8136f
test.map.duel-8 3afa813b
test.map.dungeon-16x8 717a0446
test.map.horde-24 7f4e7bda
test.map.journey-20x10 dc798a4e
test.map.authored-40x40 3d7f4f24
