
 RUN  v4.1.11 C:/Users/aring/Desktop/Heroes of Blight and Tragic/engine

 ❯ test/high-cell-los.test.ts (13 tests | 1 failed | 12 skipped) 7ms
     × new blocker hits are ORed once, without history-dependent retracing 6ms

⎯⎯⎯⎯⎯⎯⎯ Failed Tests 1 ⎯⎯⎯⎯⎯⎯⎯

 FAIL  test/high-cell-los.test.ts > V2 high cell attack lines > new blocker hits are ORed once, without history-dependent retracing
AssertionError: expected 206 to be 153 // Object.is equality

- Expected
+ Received

- 153
+ 206

 ❯ test/high-cell-los.test.ts:102:33
    100|     const stats = attackLineStats(ctx)
    101|     expect(stats.cacheHit).toBe(false)
    102|     expect(stats.pairCellTests).toBe(18 * 17 / 2)
       |                                 ^
    103|     expect(attackLineClear(ctx, 6, 8)).toBe(false)
    104|   })

⎯⎯⎯⎯⎯⎯⎯⎯⎯⎯⎯⎯⎯⎯⎯⎯⎯⎯⎯⎯⎯⎯⎯⎯[1/1]⎯


 Test Files  1 failed (1)
      Tests  1 failed | 12 skipped (13)
   Start at  12:07:06
   Duration  641ms (transform 408ms, setup 0ms, import 517ms, tests 7ms, environment 0ms)

