{"replicate":0,"rolls":[{"roll":76,"chance":2,"fired":false},{"roll":72,"chance":2,"fired":false},{"roll":45,"chance":2,"fired":false},{"roll":12,"chance":2,"fired":false}],"gained":0}
{"replicate":1,"rolls":[{"roll":29,"chance":2,"fired":false},{"roll":70,"chance":2,"fired":false},{"roll":100,"chance":2,"fired":false},{"roll":12,"chance":2,"fired":false}],"gained":0}
{"replicate":2,"rolls":[{"roll":24,"chance":2,"fired":false},{"roll":82,"chance":2,"fired":false},{"roll":41,"chance":2,"fired":false},{"roll":89,"chance":2,"fired":false}],"gained":0}
{"replicate":3,"rolls":[{"roll":50,"chance":2,"fired":false},{"roll":60,"chance":2,"fired":false},{"roll":7,"chance":2,"fired":false},{"roll":13,"chance":2,"fired":false},{"roll":57,"chance":2,"fired":false}],"gained":0}
{"replicate":4,"rolls":[{"roll":60,"chance":2,"fired":false},{"roll":67,"chance":2,"fired":false},{"roll":85,"chance":2,"fired":false}],"gained":0}
{"replicate":5,"rolls":[],"gained":0}
{"replicate":6,"rolls":[{"roll":56,"chance":2,"fired":false},{"roll":54,"chance":2,"fired":false},{"roll":90,"chance":2,"fired":false},{"roll":10,"chance":2,"fired":false},{"roll":35,"chance":2,"fired":false}],"gained":0}
{"replicate":7,"rolls":[{"roll":65,"chance":2,"fired":false},{"roll":81,"chance":2,"fired":false},{"roll":95,"chance":2,"fired":false}],"gained":0}
{"replicate":8,"rolls":[{"roll":15,"chance":2,"fired":false},{"roll":72,"chance":2,"fired":false},{"roll":81,"chance":2,"fired":false},{"roll":34,"chance":2,"fired":false},{"roll":46,"chance":2,"fired":false}],"gained":0}
{"replicate":9,"rolls":[{"roll":21,"chance":2,"fired":false},{"roll":75,"chance":2,"fired":false},{"roll":52,"chance":2,"fired":false},{"roll":7,"chance":2,"fired":false}],"gained":0}
{"replicate":10,"rolls":[{"roll":94,"chance":2,"fired":false},{"roll":36,"chance":2,"fired":false},{"roll":51,"chance":2,"fired":false},{"roll":98,"chance":2,"fired":false}],"gained":0}
{"replicate":11,"rolls":[{"roll":82,"chance":2,"fired":false},{"roll":96,"chance":2,"fired":false},{"roll":78,"chance":2,"fired":false},{"roll":88,"chance":2,"fired":false}],"gained":0}
{"replicate":12,"rolls":[{"roll":21,"chance":2,"fired":false},{"roll":21,"chance":2,"fired":false}],"gained":0}
{"replicate":13,"rolls":[{"roll":97,"chance":2,"fired":false},{"roll":88,"chance":2,"fired":false},{"roll":30,"chance":2,"fired":false},{"roll":11,"chance":2,"fired":false},{"roll":22,"chance":2,"fired":false},{"roll":31,"chance":2,"fired":false}],"gained":0}
{"replicate":14,"rolls":[{"roll":21,"chance":2,"fired":false},{"roll":72,"chance":2,"fired":false},{"roll":34,"chance":2,"fired":false},{"roll":44,"chance":2,"fired":false}],"gained":0}
{"replicate":15,"rolls":[{"roll":91,"chance":2,"fired":false},{"roll":14,"chance":2,"fired":false},{"roll":64,"chance":2,"fired":false}],"gained":0}
{"replicate":16,"rolls":[{"roll":27,"chance":2,"fired":false},{"roll":31,"chance":2,"fired":false},{"roll":17,"chance":2,"fired":false},{"roll":78,"chance":2,"fired":false}],"gained":0}
{"replicate":17,"rolls":[{"roll":34,"chance":2,"fired":false},{"roll":30,"chance":2,"fired":false}],"gained":0}
{"replicate":18,"rolls":[{"roll":80,"chance":2,"fired":false},{"roll":36,"chance":2,"fired":false},{"roll":16,"chance":2,"fired":false},{"roll":15,"chance":2,"fired":false},{"roll":23,"chance":2,"fired":false},{"roll":65,"chance":2,"fired":false},{"roll":49,"chance":2,"fired":false},{"roll":85,"chance":2,"fired":false}],"gained":0}
{"replicate":19,"rolls":[{"roll":94,"chance":2,"fired":false},{"roll":17,"chance":2,"fired":false},{"roll":78,"chance":2,"fired":false}],"gained":0}
{"replicate":20,"rolls":[{"roll":43,"chance":2,"fired":false},{"roll":88,"chance":2,"fired":false}],"gained":0}
{"replicate":21,"rolls":[{"roll":34,"chance":2,"fired":false},{"roll":95,"chance":2,"fired":false},{"roll":42,"chance":2,"fired":false}],"gained":0}
{"replicate":22,"rolls":[{"roll":54,"chance":2,"fired":false},{"roll":22,"chance":2,"fired":false},{"roll":40,"chance":2,"fired":false},{"roll":45,"chance":2,"fired":false},{"roll":51,"chance":2,"fired":false},{"roll":26,"chance":2,"fired":false},{"roll":38,"chance":2,"fired":false}],"gained":0}
{"replicate":23,"rolls":[{"roll":86,"chance":2,"fired":false},{"roll":13,"chance":2,"fired":false},{"roll":64,"chance":2,"fired":false}],"gained":0}
{"replicate":24,"rolls":[{"roll":29,"chance":2,"fired":false},{"roll":51,"chance":2,"fired":false},{"roll":37,"chance":2,"fired":false}],"gained":0}
{"replicate":25,"rolls":[{"roll":71,"chance":2,"fired":false},{"roll":78,"chance":2,"fired":false},{"roll":94,"chance":2,"fired":false},{"roll":83,"chance":2,"fired":false},{"roll":38,"chance":2,"fired":false},{"roll":52,"chance":2,"fired":false}],"gained":0}
{"replicate":26,"rolls":[{"roll":49,"chance":2,"fired":false},{"roll":44,"chance":2,"fired":false}],"gained":0}
{"replicate":27,"rolls":[{"roll":29,"chance":2,"fired":false},{"roll":95,"chance":2,"fired":false},{"roll":36,"chance":2,"fired":false},{"roll":87,"chance":2,"fired":false},{"roll":95,"chance":2,"fired":false},{"roll":54,"chance":2,"fired":false},{"roll":15,"chance":2,"fired":false},{"roll":65,"chance":2,"fired":false},{"roll":75,"chance":2,"fired":false},{"roll":91,"chance":2,"fired":false},{"roll":86,"chance":2,"fired":false},{"roll":21,"chance":2,"fired":false}],"gained":0}
{"replicate":28,"rolls":[{"roll":50,"chance":2,"fired":false},{"roll":26,"chance":2,"fired":false},{"roll":5,"chance":2,"fired":false},{"roll":98,"chance":2,"fired":false}],"gained":0}
{"replicate":29,"rolls":[{"roll":82,"chance":2,"fired":false},{"roll":1,"chance":2,"fired":true},{"roll":21,"chance":2,"fired":false}],"gained":1}
