high' || ![1, 2, 3].includes(p.material)) throw …
       |                                                                       ^
     25|     plain(p.footprint, ['kind', 'hexes', 'vertices', 'movementPadding'…
     26|     if (p.footprint.kind === 'polygon') {
 ❯ mapBoardOf src/content/pack.ts:462:32
 ❯ decodeMap src/content/maps.ts:144:17
 ❯ createBattle src/core/setup.ts:181:19
 ❯ setup test/low-cover.test.ts:20:48
 ❯ test/low-cover.test.ts:181:14

⎯⎯⎯⎯⎯⎯⎯⎯⎯⎯⎯⎯⎯⎯⎯⎯⎯⎯⎯⎯⎯⎯[22/23]⎯

 FAIL  test/low-cover.test.ts > terrain.low-cover > applies identical melee cover during reactions
Error: props: unsupported height or material
 ❯ decodeProps src/core/props.ts:24:71
     22|     if (typeof p.id !== 'string' || !/^prop\.[a-z0-9.-]+$/.test(p.id) …
     23|     ids.add(p.id)
     24|     if (p.height !== 'high' || ![1, 2, 3].includes(p.material)) throw …
       |                                                                       ^
     25|     plain(p.footprint, ['kind', 'hexes', 'vertices', 'movementPadding'…
     26|     if (p.footprint.kind === 'polygon') {
 ❯ mapBoardOf src/content/pack.ts:462:32
 ❯ decodeMap src/content/maps.ts:144:17
 ❯ createBattle src/core/setup.ts:181:19
 ❯ setup test/low-cover.test.ts:20:48
 ❯ test/low-cover.test.ts:190:23

⎯⎯⎯⎯⎯⎯⎯⎯⎯⎯⎯⎯⎯⎯⎯⎯⎯⎯⎯⎯⎯⎯[23/23]⎯


Expected pre-feature failure reproduced; no source file was replaced.
