
 RUN  v4.1.11 C:/Users/aring/Desktop/Heroes of Blight and Tragic/engine/.state/cover-red-mlzldJ

 × test/low-cover.test.ts > terrain.low-cover > test.cover-crates is live plain data 3ms
   → unknown scenario 'test.cover-crates' — scenarios are an explicit registry, known ids: test.direct-map-journey, test.direct-map-authored, test.props-viewer-ranged-zoc, test.board-journey, test.board-authored, test.authored-slots, showcase.flight-bonuses, showcase.surge-flight-ladder, showcase.movement-bonuses, showcase.ordered-power-preview, showcase.beasts, showcase.prologue-enemies, showcase.prologue-party, showcase.alpha-team, showcase.arc-variant, showcase.item-powers, showcase.civilians, showcase.eve-24-a, showcase.eve-24-b, showcase.gash-variant, showcase.surrounded, showcase.two-zombies-and-a-child, showcase.supper, showcase.kiln, showcase.rime, showcase.horrors, showcase.waystation, showcase.farmers-grown, showcase.badged, showcase.mirror-zombies, showcase.wounded-entry, showcase.knockback-two, showcase.assembled-party, test.geometry-corridor, test.geometry-diagonal
 × test/low-cover.test.ts > terrain.low-cover > test.cover-fence is live plain data 0ms
   → unknown scenario 'test.cover-fence' — scenarios are an explicit registry, known ids: test.direct-map-journey, test.direct-map-authored, test.props-viewer-ranged-zoc, test.board-journey, test.board-authored, test.authored-slots, showcase.flight-bonuses, showcase.surge-flight-ladder, showcase.movement-bonuses, showcase.ordered-power-preview, showcase.beasts, showcase.prologue-enemies, showcase.prologue-party, showcase.alpha-team, showcase.arc-variant, showcase.item-powers, showcase.civilians, showcase.eve-24-a, showcase.eve-24-b, showcase.gash-variant, showcase.surrounded, showcase.two-zombies-and-a-child, showcase.supper, showcase.kiln, showcase.rime, showcase.horrors, showcase.waystation, showcase.farmers-grown, showcase.badged, showcase.mirror-zombies, showcase.wounded-entry, showcase.knockback-two, showcase.assembled-party, test.geometry-corridor, test.geometry-diagonal
 × test/low-cover.test.ts > terrain.low-cover > low cells stay passable, do not block attack lines, and apply one capped cover instance 4ms
   → props: unsupported height or material
 × test/low-cover.test.ts > terrain.low-cover > excludes source-own and distant cover while using only the crossed target neighbor 1ms
   → props: unsupported height or material
 × test/low-cover.test.ts > terrain.low-cover > clips a long rotated polygon to the target end instead of counting its distant intersection 1ms
   → props: unsupported height or material
 × test/low-cover.test.ts > terrain.low-cover > keys cover on attack kind, not range, for melee reach 0ms
   → props: unsupported height or material
 × test/low-cover.test.ts > terrain.low-cover > keeps legacy area attacks unchanged 0ms
   → props: unsupported height or material
 × test/low-cover.test.ts > terrain.low-cover > charges only explicitly authored low edge crossings in planning and actual movement 0ms
   → props: unsupported field or accessor
 × test/low-cover.test.ts > terrain.low-cover > observes low prop edits, height swaps, forks and restore without changing initial facts 0ms
   → props: unsupported height or material
 × test/low-cover.test.ts > terrain.low-cover > all seeded actual hits agree with preview and emits a cover miss attribution 0ms
   → props: unsupported height or material
 ✓ test/low-cover.test.ts > terrain.low-cover > rejects illegal crossing-cost roles and preserves high schema 1ms
 × test/low-cover.test.ts > terrain.low-cover > matches an independent rational subdivision oracle in every direction and with reversed winding 0ms
   → props: unsupported height or material
 × test/low-cover.test.ts > terrain.low-cover > handles exact closed tangent, one-unit gap and source-boundary-only contact 0ms
   → props: unsupported height or material
 × test/low-cover.test.ts > terrain.low-cover > matches target-neighborhood hex rules for all ordered pairs including adjacent shooter-own cover 0ms
   → props: unsupported height or material
 × test/low-cover.test.ts > terrain.low-cover > keys padding, material, ID and dimensions completely without turning low padding into cover 0ms
   → props: unsupported height or material
 × test/low-cover.test.ts > terrain.low-cover > rejects malformed low data on setup and restore, including getters and invalid initial facts 1ms
   → props: unsupported height or material
 × test/low-cover.test.ts > terrain.low-cover > refuses excessive all-pair low geometry before its pair loop 2ms
   → expected [Function] to throw error matching /cover: geometry work limit/ but got 'props: unsupported height or material'
 × test/low-cover.test.ts > terrain.low-cover > reuses unchanged geometry and clears only affected cover pairs after removal 0ms
   → props: unsupported height or material
 × test/low-cover.test.ts > terrain.low-cover > sums explicit low edges, refreshes cost edits, and atomically refuses unaffordable paths 0ms
   → props: unsupported field or accessor
 × test/low-cover.test.ts > terrain.low-cover > captures props and edge costs once during path enumeration and detaches prepared lookups 0ms
   → props: unsupported field or accessor
 × test/low-cover.test.ts > terrain.low-cover > retains explicit sidestep, flight and forced-movement budget semantics 0ms
   → props: unsupported field or accessor
 × test/low-cover.test.ts > terrain.low-cover > subtracts one after multiple critical heads and before Protection/mitigation; powers retain their damage 0ms
   → props: unsupported height or material
 × test/low-cover.test.ts > terrain.low-cover > gives dodge priority within overlapping miss bands while preserving uncovered event shape 0ms
   → props: unsupported height or material
 × test/low-cover.test.ts > terrain.low-cover > applies identical melee cover during reactions 0ms
   → props: unsupported height or material

 Test Files  1 failed (1)
      Tests  23 failed | 1 passed (24)
   Start at  21:52:08
   Duration  838ms (transform 521ms, setup 0ms, import 639ms, tests 18ms, environment 0ms)


⎯⎯⎯⎯⎯⎯ Failed Tests 23 ⎯⎯⎯⎯⎯⎯⎯

 FAIL  test/low-cover.test.ts > terrain.low-cover > test.cover-crates is live plain data
Error: unknown scenario 'test.cover-crates' — scenarios are an explicit registry, known ids: test.direct-map-journey, test.direct-map-authored, test.props-viewer-ranged-zoc, test.board-journey, test.board-authored, test.authored-slots, showcase.flight-bonuses, showcase.surge-flight-ladder, showcase.movement-bonuses, showcase.ordered-power-preview, showcase.beasts, showcase.prologue-enemies, showcase.prologue-party, showcase.alpha-team, showcase.arc-variant, showcase.item-powers, showcase.civilians, showcase.eve-24-a, showcase.eve-24-b, showcase.gash-variant, showcase.surrounded, showcase.two-zombies-and-a-child, showcase.supper, showcase.kiln, showcase.rime, showcase.horrors, showcase.waystation, showcase.farmers-grown, showcase.badged, showcase.mirror-zombies, showcase.wounded-entry, showcase.knockback-two, showcase.assembled-party, test.geometry-corridor, test.geometry-diagonal
 ❯ scenarioDef src/content/scenarios.ts:520:11
    518|   const s = SCENARIOS[id]
    519|   if (!s) {
    520|     throw new Error(
       |           ^
    521|       `unknown scenario '${id}' — scenarios are an explicit registry, `
    522|       + `known ids: ${Object.keys(SCENARIOS).join(', ') || '(none)'}`,
 ❯ test/low-cover.test.ts:22:120

⎯⎯⎯⎯⎯⎯⎯⎯⎯⎯⎯⎯⎯⎯⎯⎯⎯⎯⎯⎯⎯⎯⎯[1/23]⎯

 FAIL  test/low-cover.test.ts > terrain.low-cover > test.cover-fence is live plain data
Error: unknown scenario 'test.cover-fence' — scenarios are an explicit registry, known ids: test.direct-map-journey, test.direct-map-authored, test.props-viewer-ranged-zoc, test.board-journey, test.board-authored, test.authored-slots, showcase.flight-bonuses, showcase.surge-flight-ladder, showcase.movement-bonuses, showcase.ordered-power-preview, showcase.beasts, showcase.prologue-enemies, showcase.prologue-party, showcase.alpha-team, showcase.arc-variant, showcase.item-powers, showcase.civilians, showcase.eve-24-a, showcase.eve-24-b, showcase.gash-variant, showcase.surrounded, showcase.two-zombies-and-a-child, showcase.supper, showcase.kiln, showcase.rime, showcase.horrors, showcase.waystation, showcase.farmers-grown, showcase.badged, showcase.mirror-zombies, showcase.wounded-entry, showcase.knockback-two, showcase.assembled-party, test.geometry-corridor, test.geometry-diagonal
 ❯ scenarioDef src/content/scenarios.ts:520:11
    518|   const s = SCENARIOS[id]
    519|   if (!s) {
    520|     throw new Error(
       |           ^
    521|       `unknown scenario '${id}' — scenarios are an explicit registry, `
    522|       + `known ids: ${Object.keys(SCENARIOS).join(', ') || '(none)'}`,
 ❯ test/low-cover.test.ts:22:120

⎯⎯⎯⎯⎯⎯⎯⎯⎯⎯⎯⎯⎯⎯⎯⎯⎯⎯⎯⎯⎯⎯⎯[2/23]⎯

 FAIL  test/low-cover.test.ts > terrain.low-cover > low cells stay passable, do not block attack lines, and apply one capped cover instance
Error: props: unsupported height or material
 ❯ decodeProps src/core/props.ts:24:71
     22|     if (typeof p.id !== 'string' || !/^prop\.[a-z0-9.-]+$/.test(p.id) …
     23|     ids.add(p.id)
     24|     if (p.height !== 'high' || ![1, 2, 3].includes(p.material)) throw …
       |                                                                       ^
     25|     plain(p.footprint, ['kind', 'hexes', 'vertices', 'movementPadding'…
     26|     if (p.footprint.kind === 'polygon') {
 ❯ mapBoardOf src/content/pack.ts:462:32
 ❯ decodeMap src/content/maps.ts:144:17
 ❯ createBattle src/core/setup.ts:181:19
 ❯ setup test/low-cover.test.ts:20:48
 ❯ test/low-cover.test.ts:24:32

⎯⎯⎯⎯⎯⎯⎯⎯⎯⎯⎯⎯⎯⎯⎯⎯⎯⎯⎯⎯⎯⎯⎯[3/23]⎯

 FAIL  test/low-cover.test.ts > terrain.low-cover > excludes source-own and distant cover while using only the crossed target neighbor
Error: props: unsupported height or material
 ❯ decodeProps src/core/props.ts:24:71
     22|     if (typeof p.id !== 'string' || !/^prop\.[a-z0-9.-]+$/.test(p.id) …
     23|     ids.add(p.id)
     24|     if (p.height !== 'high' || ![1, 2, 3].includes(p.material)) throw …
       |                                                                       ^
     25|     plain(p.footprint, ['kind', 'hexes', 'vertices', 'movementPadding'…
     26|     if (p.footprint.kind === 'polygon') {
 ❯ mapBoardOf src/content/pack.ts:462:32
 ❯ decodeMap src/content/maps.ts:144:17
 ❯ createBattle src/core/setup.ts:181:19
 ❯ setup test/low-cover.test.ts:20:48
 ❯ test/low-cover.test.ts:31:72

⎯⎯⎯⎯⎯⎯⎯⎯⎯⎯⎯⎯⎯⎯⎯⎯⎯⎯⎯⎯⎯⎯⎯[4/23]⎯

 FAIL  test/low-cover.test.ts > terrain.low-cover > clips a long rotated polygon to the target end instead of counting its distant intersection
Error: props: unsupported height or material
 ❯ decodeProps src/core/props.ts:24:71
     22|     if (typeof p.id !== 'string' || !/^prop\.[a-z0-9.-]+$/.test(p.id) …
     23|     ids.add(p.id)
     24|     if (p.height !== 'high' || ![1, 2, 3].includes(p.material)) throw …
       |                                                                       ^
     25|     plain(p.footprint, ['kind', 'hexes', 'vertices', 'movementPadding'…
     26|     if (p.footprint.kind === 'polygon') {
 ❯ mapBoardOf src/content/pack.ts:462:32
 ❯ decodeMap src/content/maps.ts:144:17
 ❯ createBattle src/core/setup.ts:181:19
 ❯ setup test/low-cover.test.ts:20:48
 ❯ test/low-cover.test.ts:37:18

⎯⎯⎯⎯⎯⎯⎯⎯⎯⎯⎯⎯⎯⎯⎯⎯⎯⎯⎯⎯⎯⎯⎯[5/23]⎯

 FAIL  test/low-cover.test.ts > terrain.low-cover > keys cover on attack kind, not range, for melee reach
Error: props: unsupported height or material
 ❯ decodeProps src/core/props.ts:24:71
     22|     if (typeof p.id !== 'string' || !/^prop\.[a-z0-9.-]+$/.test(p.id) …
     23|     ids.add(p.id)
     24|     if (p.height !== 'high' || ![1, 2, 3].includes(p.material)) throw …
       |                                                                       ^
     25|     plain(p.footprint, ['kind', 'hexes', 'vertices', 'movementPadding'…
     26|     if (p.footprint.kind === 'polygon') {
 ❯ mapBoardOf src/content/pack.ts:462:32
 ❯ decodeMap src/content/maps.ts:144:17
 ❯ createBattle src/core/setup.ts:181:19
 ❯ setup test/low-cover.test.ts:20:48
 ❯ test/low-cover.test.ts:41:23

⎯⎯⎯⎯⎯⎯⎯⎯⎯⎯⎯⎯⎯⎯⎯⎯⎯⎯⎯⎯⎯⎯⎯[6/23]⎯

 FAIL  test/low-cover.test.ts > terrain.low-cover > keeps legacy area attacks unchanged
Error: props: unsupported height or material
 ❯ decodeProps src/core/props.ts:24:71
     22|     if (typeof p.id !== 'string' || !/^prop\.[a-z0-9.-]+$/.test(p.id) …
     23|     ids.add(p.id)
     24|     if (p.height !== 'high' || ![1, 2, 3].includes(p.material)) throw …
       |                                                                       ^
     25|     plain(p.footprint, ['kind', 'hexes', 'vertices', 'movementPadding'…
     26|     if (p.footprint.kind === 'polygon') {
 ❯ mapBoardOf src/content/pack.ts:462:32
 ❯ decodeMap src/content/maps.ts:144:17
 ❯ createBattle src/core/setup.ts:181:19
 ❯ setup test/low-cover.test.ts:20:48
 ❯ test/low-cover.test.ts:45:23

⎯⎯⎯⎯⎯⎯⎯⎯⎯⎯⎯⎯⎯⎯⎯⎯⎯⎯⎯⎯⎯⎯⎯[7/23]⎯

 FAIL  test/low-cover.test.ts > terrain.low-cover > charges only explicitly authored low edge crossings in planning and actual movement
Error: props: unsupported field or accessor
 ❯ plain src/core/props.ts:7:165

 ❯ decodeProps src/core/props.ts:21:5
 ❯ mapBoardOf src/content/pack.ts:462:32
 ❯ decodeMap src/content/maps.ts:144:17
 ❯ createBattle src/core/setup.ts:181:19
 ❯ setup test/low-cover.test.ts:20:48
 ❯ test/low-cover.test.ts:49:82

⎯⎯⎯⎯⎯⎯⎯⎯⎯⎯⎯⎯⎯⎯⎯⎯⎯⎯⎯⎯⎯⎯⎯[8/23]⎯

 FAIL  test/low-cover.test.ts > terrain.low-cover > observes low prop edits, height swaps, forks and restore without changing initial facts
Error: props: unsupported height or material
 ❯ decodeProps src/core/props.ts:24:71
     22|     if (typeof p.id !== 'string' || !/^prop\.[a-z0-9.-]+$/.test(p.id) …
     23|     ids.add(p.id)
     24|     if (p.height !== 'high' || ![1, 2, 3].includes(p.material)) throw …
       |                                                                       ^
     25|     plain(p.footprint, ['kind', 'hexes', 'vertices', 'movementPadding'…
     26|     if (p.footprint.kind === 'polygon') {
 ❯ mapBoardOf src/content/pack.ts:462:32
 ❯ decodeMap src/content/maps.ts:144:17
 ❯ createBattle src/core/setup.ts:181:19
 ❯ setup test/low-cover.test.ts:20:48
 ❯ test/low-cover.test.ts:56:13

⎯⎯⎯⎯⎯⎯⎯⎯⎯⎯⎯⎯⎯⎯⎯⎯⎯⎯⎯⎯⎯⎯⎯[9/23]⎯

 FAIL  test/low-cover.test.ts > terrain.low-cover > all seeded actual hits agree with preview and emits a cover miss attribution
Error: props: unsupported height or material
 ❯ decodeProps src/core/props.ts:24:71
     22|     if (typeof p.id !== 'string' || !/^prop\.[a-z0-9.-]+$/.test(p.id) …
     23|     ids.add(p.id)
     24|     if (p.height !== 'high' || ![1, 2, 3].includes(p.material)) throw …
       |                                                                       ^
     25|     plain(p.footprint, ['kind', 'hexes', 'vertices', 'movementPadding'…
     26|     if (p.footprint.kind === 'polygon') {
 ❯ mapBoardOf src/content/pack.ts:462:32
 ❯ decodeMap src/content/maps.ts:144:17
 ❯ createBattle src/core/setup.ts:181:19
 ❯ setup test/low-cover.test.ts:20:48
 ❯ test/low-cover.test.ts:64:45

⎯⎯⎯⎯⎯⎯⎯⎯⎯⎯⎯⎯⎯⎯⎯⎯⎯⎯⎯⎯⎯⎯[10/23]⎯

 FAIL  test/low-cover.test.ts > terrain.low-cover > matches an independent rational subdivision oracle in every direction and with reversed winding
Error: props: unsupported height or material
 ❯ decodeProps src/core/props.ts:24:71
     22|     if (typeof p.id !== 'string' || !/^prop\.[a-z0-9.-]+$/.test(p.id) …
     23|     ids.add(p.id)
     24|     if (p.height !== 'high' || ![1, 2, 3].includes(p.material)) throw …
       |                                                                       ^
     25|     plain(p.footprint, ['kind', 'hexes', 'vertices', 'movementPadding'…
     26|     if (p.footprint.kind === 'polygon') {
 ❯ mapBoardOf src/content/pack.ts:462:32
 ❯ decodeMap src/content/maps.ts:144:17
 ❯ createBattle src/core/setup.ts:181:19
 ❯ setup test/low-cover.test.ts:20:48
 ❯ test/low-cover.test.ts:87:14

⎯⎯⎯⎯⎯⎯⎯⎯⎯⎯⎯⎯⎯⎯⎯⎯⎯⎯⎯⎯⎯⎯[11/23]⎯

 FAIL  test/low-cover.test.ts > terrain.low-cover > handles exact closed tangent, one-unit gap and source-boundary-only contact
Error: props: unsupported height or material
 ❯ decodeProps src/core/props.ts:24:71
     22|     if (typeof p.id !== 'string' || !/^prop\.[a-z0-9.-]+$/.test(p.id) …
     23|     ids.add(p.id)
     24|     if (p.height !== 'high' || ![1, 2, 3].includes(p.material)) throw …
       |                                                                       ^
     25|     plain(p.footprint, ['kind', 'hexes', 'vertices', 'movementPadding'…
     26|     if (p.footprint.kind === 'polygon') {
 ❯ mapBoardOf src/content/pack.ts:462:32
 ❯ decodeMap src/content/maps.ts:144:17
 ❯ createBattle src/core/setup.ts:181:19
 ❯ setup test/low-cover.test.ts:20:48
 ❯ test/low-cover.test.ts:107:22

⎯⎯⎯⎯⎯⎯⎯⎯⎯⎯⎯⎯⎯⎯⎯⎯⎯⎯⎯⎯⎯⎯[12/23]⎯

 FAIL  test/low-cover.test.ts > terrain.low-cover > matches target-neighborhood hex rules for all ordered pairs including adjacent shooter-own cover
Error: props: unsupported height or material
 ❯ decodeProps src/core/props.ts:24:71
     22|     if (typeof p.id !== 'string' || !/^prop\.[a-z0-9.-]+$/.test(p.id) …
     23|     ids.add(p.id)
     24|     if (p.height !== 'high' || ![1, 2, 3].includes(p.material)) throw …
       |                                                                       ^
     25|     plain(p.footprint, ['kind', 'hexes', 'vertices', 'movementPadding'…
     26|     if (p.footprint.kind === 'polygon') {
 ❯ mapBoardOf src/content/pack.ts:462:32
 ❯ decodeMap src/content/maps.ts:144:17
 ❯ createBattle src/core/setup.ts:181:19
 ❯ setup test/low-cover.test.ts:20:48
 ❯ test/low-cover.test.ts:113:13

⎯⎯⎯⎯⎯⎯⎯⎯⎯⎯⎯⎯⎯⎯⎯⎯⎯⎯⎯⎯⎯⎯[13/23]⎯

 FAIL  test/low-cover.test.ts > terrain.low-cover > keys padding, material, ID and dimensions completely without turning low padding into cover
Error: props: unsupported height or material
 ❯ decodeProps src/core/props.ts:24:71
     22|     if (typeof p.id !== 'string' || !/^prop\.[a-z0-9.-]+$/.test(p.id) …
     23|     ids.add(p.id)
     24|     if (p.height !== 'high' || ![1, 2, 3].includes(p.material)) throw …
       |                                                                       ^
     25|     plain(p.footprint, ['kind', 'hexes', 'vertices', 'movementPadding'…
     26|     if (p.footprint.kind === 'polygon') {
 ❯ mapBoardOf src/content/pack.ts:462:32
 ❯ decodeMap src/content/maps.ts:144:17
 ❯ createBattle src/core/setup.ts:181:19
 ❯ setup test/low-cover.test.ts:20:48
 ❯ test/low-cover.test.ts:120:13

⎯⎯⎯⎯⎯⎯⎯⎯⎯⎯⎯⎯⎯⎯⎯⎯⎯⎯⎯⎯⎯⎯[14/23]⎯

 FAIL  test/low-cover.test.ts > terrain.low-cover > rejects malformed low data on setup and restore, including getters and invalid initial facts
Error: props: unsupported height or material
 ❯ decodeProps src/core/props.ts:24:71
     22|     if (typeof p.id !== 'string' || !/^prop\.[a-z0-9.-]+$/.test(p.id) …
     23|     ids.add(p.id)
     24|     if (p.height !== 'high' || ![1, 2, 3].includes(p.material)) throw …
       |                                                                       ^
     25|     plain(p.footprint, ['kind', 'hexes', 'vertices', 'movementPadding'…
     26|     if (p.footprint.kind === 'polygon') {
 ❯ mapBoardOf src/content/pack.ts:462:32
 ❯ decodeMap src/content/maps.ts:144:17
 ❯ createBattle src/core/setup.ts:181:19
 ❯ setup test/low-cover.test.ts:20:48
 ❯ test/low-cover.test.ts:129:13

⎯⎯⎯⎯⎯⎯⎯⎯⎯⎯⎯⎯⎯⎯⎯⎯⎯⎯⎯⎯⎯⎯[15/23]⎯

 FAIL  test/low-cover.test.ts > terrain.low-cover > refuses excessive all-pair low geometry before its pair loop
AssertionError: expected [Function] to throw error matching /cover: geometry work limit/ but got 'props: unsupported height or material'

- Expected:
/cover: geometry work limit/

+ Received:
"props: unsupported height or material"

 ❯ test/low-cover.test.ts:134:200


⎯⎯⎯⎯⎯⎯⎯⎯⎯⎯⎯⎯⎯⎯⎯⎯⎯⎯⎯⎯⎯⎯[16/23]⎯

 FAIL  test/low-cover.test.ts > terrain.low-cover > reuses unchanged geometry and clears only affected cover pairs after removal
Error: props: unsupported height or material
 ❯ decodeProps src/core/props.ts:24:71
     22|     if (typeof p.id !== 'string' || !/^prop\.[a-z0-9.-]+$/.test(p.id) …
     23|     ids.add(p.id)
     24|     if (p.height !== 'high' || ![1, 2, 3].includes(p.material)) throw …
       |                                                                       ^
     25|     plain(p.footprint, ['kind', 'hexes', 'vertices', 'movementPadding'…
     26|     if (p.footprint.kind === 'polygon') {
 ❯ mapBoardOf src/content/pack.ts:462:32
 ❯ decodeMap src/content/maps.ts:144:17
 ❯ createBattle src/core/setup.ts:181:19
 ❯ setup test/low-cover.test.ts:20:48
 ❯ test/low-cover.test.ts:138:13

⎯⎯⎯⎯⎯⎯⎯⎯⎯⎯⎯⎯⎯⎯⎯⎯⎯⎯⎯⎯⎯⎯[17/23]⎯

 FAIL  test/low-cover.test.ts > terrain.low-cover > sums explicit low edges, refreshes cost edits, and atomically refuses unaffordable paths
Error: props: unsupported field or accessor
 ❯ plain src/core/props.ts:7:165

 ❯ decodeProps src/core/props.ts:21:5
 ❯ mapBoardOf src/content/pack.ts:462:32
 ❯ decodeMap src/content/maps.ts:144:17
 ❯ createBattle src/core/setup.ts:181:19
 ❯ setup test/low-cover.test.ts:20:48
 ❯ test/low-cover.test.ts:146:79

⎯⎯⎯⎯⎯⎯⎯⎯⎯⎯⎯⎯⎯⎯⎯⎯⎯⎯⎯⎯⎯⎯[18/23]⎯

 FAIL  test/low-cover.test.ts > terrain.low-cover > captures props and edge costs once during path enumeration and detaches prepared lookups
Error: props: unsupported field or accessor
 ❯ plain src/core/props.ts:7:165

 ❯ decodeProps src/core/props.ts:21:5
 ❯ mapBoardOf src/content/pack.ts:462:32
 ❯ decodeMap src/content/maps.ts:144:17
 ❯ createBattle src/core/setup.ts:181:19
 ❯ setup test/low-cover.test.ts:20:48
 ❯ test/low-cover.test.ts:157:79

⎯⎯⎯⎯⎯⎯⎯⎯⎯⎯⎯⎯⎯⎯⎯⎯⎯⎯⎯⎯⎯⎯[19/23]⎯

 FAIL  test/low-cover.test.ts > terrain.low-cover > retains explicit sidestep, flight and forced-movement budget semantics
Error: props: unsupported field or accessor
 ❯ plain src/core/props.ts:7:165

 ❯ decodeProps src/core/props.ts:21:5
 ❯ mapBoardOf src/content/pack.ts:462:32
 ❯ decodeMap src/content/maps.ts:144:17
 ❯ createBattle src/core/setup.ts:181:19
 ❯ test/low-cover.test.ts:164:79

⎯⎯⎯⎯⎯⎯⎯⎯⎯⎯⎯⎯⎯⎯⎯⎯⎯⎯⎯⎯⎯⎯[20/23]⎯

 FAIL  test/low-cover.test.ts > terrain.low-cover > subtracts one after multiple critical heads and before Protection/mitigation; powers retain their damage
Error: props: unsupported height or material
 ❯ decodeProps src/core/props.ts:24:71
     22|     if (typeof p.id !== 'string' || !/^prop\.[a-z0-9.-]+$/.test(p.id) …
     23|     ids.add(p.id)
     24|     if (p.height !== 'high' || ![1, 2, 3].includes(p.material)) throw …
       |                                                                       ^
     25|     plain(p.footprint, ['kind', 'hexes', 'vertices', 'movementPadding'…
     26|     if (p.footprint.kind === 'polygon') {
 ❯ mapBoardOf src/content/pack.ts:462:32
 ❯ decodeMap src/content/maps.ts:144:17
 ❯ createBattle src/core/setup.ts:181:19
 ❯ setup test/low-cover.test.ts:20:48
 ❯ test/low-cover.test.ts:171:13

⎯⎯⎯⎯⎯⎯⎯⎯⎯⎯⎯⎯⎯⎯⎯⎯⎯⎯⎯⎯⎯⎯[21/23]⎯

 FAIL  test/low-cover.test.ts > terrain.low-cover > gives dodge priority within overlapping miss bands while preserving uncovered event shape
Error: props: unsupported height or material
 ❯ decodeProps src/core/props.ts:24:71
     22|     if (typeof p.id !== 'string' || !/^prop\.[a-z0-9.-]+$/.test(p.id) …
     23|     ids.add(p.id)
     24|     if (p.height !== 'high' || ![1, 2, 3].includes(p.material)) throw …
       |                                                                       ^
     25|     plain(p.footprint, ['kind', 'hexes', 'vertices', 'movementPadding'…
     26|     if (p.footprint.kind === 'polygon') {
 ❯ mapBoardOf src/content/pack.ts:462:32
 ❯ decodeMap src/content/maps.ts:144:17
 ❯ createBattle src/core/setup.ts:181:19
 ❯ setup test/low-cover.test.ts:20:48
 ❯ test/low-cover.test.ts:181:14

⎯⎯⎯⎯⎯⎯⎯⎯⎯⎯⎯⎯⎯⎯⎯⎯⎯⎯⎯⎯⎯⎯[22/23]⎯

 FAIL  test/low-cover.test.ts > terrain.low-cover > applies identical melee cover during reactions
Error: props: unsupported height or material
 ❯ decodeProps src/core/props.ts:24:71
     22|     if (typeof p.id !== 'string' || !/^prop\.[a-z0-9.-]+$/.test(p.id) …
     23|     ids.add(p.id)
     24|     if (p.height !== 'high' || ![1, 2, 3].includes(p.material)) throw …
       |                                                                       ^
     25|     plain(p.footprint, ['kind', 'hexes', 'vertices', 'movementPadding'…
     26|     if (p.footprint.kind === 'polygon') {
 ❯ mapBoardOf src/content/pack.ts:462:32
 ❯ decodeMap src/content/maps.ts:144:17
 ❯ createBattle src/core/setup.ts:181:19
 ❯ setup test/low-cover.test.ts:20:48
 ❯ test/low-cover.test.ts:190:23

⎯⎯⎯⎯⎯⎯⎯⎯⎯⎯⎯⎯⎯⎯⎯⎯⎯⎯⎯⎯⎯⎯[23/23]⎯

