
 RUN  v4.1.11 C:/Users/aring/Desktop/Heroes of Blight and Tragic/engine

xxxxxxxxxxxxxxxxxxxxxxxxxx

⎯⎯⎯⎯⎯⎯ Failed Tests 26 ⎯⎯⎯⎯⎯⎯⎯

 FAIL  test/unit-identities.test.ts > unit identity at setup and continuation > standard setup does not overlap identities on large rosters
 FAIL  test/unit-identities.test.ts > unit identity at setup and continuation > custom setup does not overlap identities on large rosters
AssertionError: expected 101 to be 102 // Object.is equality

- Expected
+ Received

- 102
+ 101

 ❯ test/unit-identities.test.ts:26:57
     24|       : createCustomBattle(roster, opposition, { mapId: 'test.map.hord…
     25|     expect(c.state.units).toHaveLength(102)
     26|     expect(new Set(c.state.units.map(u => u.uid)).size).toBe(102)
       |                                                         ^
     27|     expect(restoreBattle(saveBattle(c), c).state.units).toEqual(c.stat…
     28|   })

⎯⎯⎯⎯⎯⎯⎯⎯⎯⎯⎯⎯⎯⎯⎯⎯⎯⎯⎯⎯⎯⎯⎯[1/26]⎯

 FAIL  test/unit-identities.test.ts > unit identity at setup and continuation > preserves ordinary identities and exposes explicit ones in enter events
 FAIL  test/unit-identities.test.ts > unit identity at setup and continuation > preserves ordinary identities and exposes explicit ones in enter events
AssertionError: expected [ 100, 101, 200 ] to deeply equal [ +0, 4294967295, 70 ]

- Expected
+ Received

  [
-   0,
-   4294967295,
-   70,
+   100,
+   101,
+   200,
  ]

 ❯ test/unit-identities.test.ts:33:43
     31|     expect(factory().state.units.map(u => u.uid)).toEqual([100, 101, 2…
     32|     const c = factory({ heroUids: [0, 0xffffffff], enemyUids: [70] })
     33|     expect(c.state.units.map(u => u.uid)).toEqual([0, 0xffffffff, 70])
       |                                           ^
     34|     expect(c.events.filter(e => e.type === 'unit.enter').map(e => e.ui…
     35|   })

⎯⎯⎯⎯⎯⎯⎯⎯⎯⎯⎯⎯⎯⎯⎯⎯⎯⎯⎯⎯⎯⎯⎯[2/26]⎯

 FAIL  test/unit-identities.test.ts > unit identity at setup and continuation > reserves later caller identities before automatic allocation
 FAIL  test/unit-identities.test.ts > unit identity at setup and continuation > reserves later caller identities before automatic allocation
AssertionError: expected [ 100, 101, 200 ] to deeply equal [ 102, 100, 101 ]

- Expected
+ Received

  [
-   102,
    100,
    101,
+   200,
  ]

 ❯ test/unit-identities.test.ts:39:43
     37|   it.each([standard, custom])('reserves later caller identities before…
     38|     const c = factory({ heroUids: [undefined, 100], enemyUids: [101] })
     39|     expect(c.state.units.map(u => u.uid)).toEqual([102, 100, 101])
       |                                           ^
     40|   })
     41|

⎯⎯⎯⎯⎯⎯⎯⎯⎯⎯⎯⎯⎯⎯⎯⎯⎯⎯⎯⎯⎯⎯⎯[3/26]⎯

 FAIL  test/unit-identities.test.ts > unit identity at setup and continuation > rejects malformed or colliding caller identities: {"heroUids":[8,8]}
 FAIL  test/unit-identities.test.ts > unit identity at setup and continuation > rejects malformed or colliding caller identities: {"heroUids":[8,9],"enemyUids":[8]}
 FAIL  test/unit-identities.test.ts > unit identity at setup and continuation > rejects malformed or colliding caller identities: {"heroUids":[8]}
 FAIL  test/unit-identities.test.ts > unit identity at setup and continuation > rejects malformed or colliding caller identities: {"enemyUids":[]}
 FAIL  test/unit-identities.test.ts > unit identity at setup and continuation > rejects malformed or colliding caller identities: {"heroUids":null}
 FAIL  test/unit-identities.test.ts > unit identity at setup and continuation > rejects malformed or colliding caller identities: {"enemyUids":"8"}
 FAIL  test/unit-identities.test.ts > unit identity at setup and continuation > rejects malformed or colliding caller identities: {"heroUids":[-1,11]}
 FAIL  test/unit-identities.test.ts > unit identity at setup and continuation > rejects malformed or colliding caller identities: {"heroUids":[1.5,11]}
 FAIL  test/unit-identities.test.ts > unit identity at setup and continuation > rejects malformed or colliding caller identities: {"heroUids":[null,11]}
 FAIL  test/unit-identities.test.ts > unit identity at setup and continuation > rejects malformed or colliding caller identities: {"heroUids":[null,11]}
 FAIL  test/unit-identities.test.ts > unit identity at setup and continuation > rejects malformed or colliding caller identities: {"heroUids":[4294967296,11]}
 FAIL  test/unit-identities.test.ts > unit identity at setup and continuation > rejects malformed or colliding caller identities: {"heroUids":[9007199254740991,11]}
 FAIL  test/unit-identities.test.ts > unit identity at setup and continuation > rejects malformed or colliding caller identities: {"heroUids":[null,11]}
 FAIL  test/unit-identities.test.ts > unit identity at setup and continuation > rejects malformed or colliding caller identities: {"heroUids":["10",11]}
AssertionError: expected [Function] to throw an error

- Expected:
null

+ Received:
undefined

 ❯ test/unit-identities.test.ts:47:35
     45|     ...[-1, 1.5, NaN, Infinity, 0x100000000, Number.MAX_SAFE_INTEGER, …
     46|   ])('rejects malformed or colliding caller identities: %j', extra => {
     47|     expect(() => standard(extra)).toThrow(/identit|uid/i)
       |                                   ^
     48|     expect(() => custom(extra)).toThrow(/identit|uid/i)
     49|   })

⎯⎯⎯⎯⎯⎯⎯⎯⎯⎯⎯⎯⎯⎯⎯⎯⎯⎯⎯⎯⎯⎯⎯[4/26]⎯

 FAIL  test/unit-identities.test.ts > unit identity at setup and continuation > does not mutate supplied identity arrays
AssertionError: expected [ 100, 101, 200 ] to deeply equal [ 102, 100, 101 ]

- Expected
+ Received

  [
-   102,
    100,
    101,
+   200,
  ]

 ❯ test/unit-identities.test.ts:53:55
     51|   it('does not mutate supplied identity arrays', () => {
     52|     const extra = { heroUids: Object.freeze([undefined, 100]), enemyUi…
     53|     expect(custom(extra).state.units.map(u => u.uid)).toEqual([102, 10…
       |                                                       ^
     54|     expect(extra.heroUids).toEqual([undefined, 100])
     55|     expect(extra.enemyUids).toEqual([101])

⎯⎯⎯⎯⎯⎯⎯⎯⎯⎯⎯⎯⎯⎯⎯⎯⎯⎯⎯⎯⎯⎯⎯[5/26]⎯

 FAIL  test/unit-identities.test.ts > unit identity at setup and continuation > arrivals fill a free identity without colliding with sparse or dead identities
AssertionError: expected [ 302, 303 ] to deeply equal [ 301, 303 ]

- Expected
+ Received

  [
-   301,
+   302,
    303,
  ]

 ❯ test/unit-identities.test.ts:66:37
     64|     const first = c.arrive!(c, c.units!['test-zombie']!, 95, 'test.ide…
     65|     const second = c.arrive!(c, c.units!['test-zombie']!, 96, 'test.id…
     66|     expect([first.uid, second.uid]).toEqual([301, 303])
       |                                     ^
     67|     expect(new Set(c.state.units.map(u => u.uid)).size).toBe(c.state.u…
     68|   })

⎯⎯⎯⎯⎯⎯⎯⎯⎯⎯⎯⎯⎯⎯⎯⎯⎯⎯⎯⎯⎯⎯⎯[6/26]⎯

 FAIL  test/unit-identities.test.ts > unit identity at setup and continuation > arrivals continue identically after reload without a captured allocator counter
AssertionError: expected [ 100, 101, 200, 300, 301 ] to deeply equal [ 300, 302, 500, 301, 303 ]

- Expected
+ Received

  [
+   100,
+   101,
+   200,
    300,
-   302,
-   500,
    301,
-   303,
  ]

 ❯ test/unit-identities.test.ts:76:48
     74|     c.arrive!(c, c.units!['test-zombie']!, 96, 'test.identity-next')
     75|     loaded.arrive!(loaded, loaded.units!['test-zombie']!, 96, 'test.id…
     76|     expect(loaded.state.units.map(u => u.uid)).toEqual([300, 302, 500,…
       |                                                ^
     77|     expect(loaded.state).toEqual(c.state)
     78|     expect(loaded.events).toEqual(c.events)

⎯⎯⎯⎯⎯⎯⎯⎯⎯⎯⎯⎯⎯⎯⎯⎯⎯⎯⎯⎯⎯⎯⎯[7/26]⎯

 FAIL  test/unit-identities.test.ts > unit identity at setup and continuation > rejects snapshot identities that alias under the RNG key encoding
AssertionError: expected [Function] to throw an error

- Expected:
null

+ Received:
undefined

 ❯ test/unit-identities.test.ts:86:58
     84|     const data = JSON.parse(saveBattle(c))
     85|     data.state.units[0].uid = 0x100000000
     86|     expect(() => restoreBattle(JSON.stringify(data), c)).toThrow(/iden…
       |                                                          ^
     87|   })
     88|

⎯⎯⎯⎯⎯⎯⎯⎯⎯⎯⎯⎯⎯⎯⎯⎯⎯⎯⎯⎯⎯⎯⎯[8/26]⎯

 FAIL  test/unit-identities.test.ts > unit identity at setup and continuation > keeps controller ownership across a suspended save
AssertionError: expected { ok: false, …(1) } to deeply equal { ok: true }

- Expected
+ Received

  {
-   "ok": true,
+   "ok": false,
+   "reason": "not-human-controlled",
  }

 ❯ test/unit-identities.test.ts:95:82
     93|     const actor = loaded.battleCursor!.actor!
     94|     const command = { kind: 'end-cycle', actor, expectedSeq: loaded.st…
     95|     expect(executeBattleCommand(loaded, { humanUnitUids: [873, 874] },…
       |                                                                                  ^
     96|   })
     97|

⎯⎯⎯⎯⎯⎯⎯⎯⎯⎯⎯⎯⎯⎯⎯⎯⎯⎯⎯⎯⎯⎯⎯[9/26]⎯

 FAIL  test/unit-identities.test.ts > unit identity at setup and continuation > keeps attack dice attached to the same units when roster entries are reordered
AssertionError: expected [ { stream: 'to-hit', …(2) }, …(2) ] to deeply equal [ { stream: 'to-hit', …(2) }, …(2) ]

- Expected
+ Received

  [
    {
      "keys": [
-       101,
+       100,
        1,
      ],
      "stream": "to-hit",
-     "value": 3027092130,
+     "value": 376064724,
    },
    {
      "keys": [
-       101,
+       100,
        1,
      ],
      "stream": "crit",
-     "value": 137743619,
+     "value": 3513402256,
    },
    {
      "keys": [
-       101,
+       100,
        2,
        1,
        1,
      ],
      "stream": "trigger",
-     "value": 831654273,
+     "value": 3928165842,
    },
  ]

 ❯ test/unit-identities.test.ts:108:23
    106|     }
    107|     expect(a.rng.log.some(r => r.stream === 'to-hit')).toBe(true)
    108|     expect(a.rng.log).toEqual(b.rng.log)
       |                       ^
    109|     expect(a.state.units[2]!.hp).toBe(b.state.units[2]!.hp)
    110|   })

⎯⎯⎯⎯⎯⎯⎯⎯⎯⎯⎯⎯⎯⎯⎯⎯⎯⎯⎯⎯⎯⎯[10/26]⎯


 Test Files  1 failed (1)
      Tests  26 failed (26)
   Start at  00:50:28
   Duration  680ms (transform 390ms, setup 0ms, import 494ms, tests 57ms, environment 0ms)

