door probe: only src/engine.ts imports the engine
laws 5 and 6: no mode below the intent layer, no status hue outside theme.js
typecheck (the door, the sheet, the .mts tools — the .js is not typed): clean
✔ actual browser entry emits no catalog loader or gameplay modules (116.3584ms)
✔ guard distinguishes emitted bytes from parsed or tree-shaken inputs (0.4186ms)
✔ normal static generator still validates and exports identical data (226.3627ms)
✔ normal static generator rejects malformed catalog before writing (95.0709ms)
ℹ tests 4
ℹ suites 0
ℹ pass 4
ℹ fail 0
ℹ cancelled 0
ℹ skipped 0
ℹ todo 0
ℹ duration_ms 494.8411
maps: 22 in the engine, all in both dumps
passive runtime modules: ../engine/src/core/hex.ts, ../engine/src/core/geometry.ts, ../engine/src/core/types.ts, ../engine/src/core/props.ts, ../engine/src/content/disable.ts, ../engine/src/content/terrain.ts, ../engine/src/view/field.ts
OK — 26 battles fold end to end · pure fold == pumped fold · icons 4 used · rows damaging=684 plain=3864
✔ real Atlas binding validates exact initial map facts and frozen source identity (97.2833ms)
✔ 2D fallback draws exact polygons and omits missing-floor tiles (3.9106ms)
✔ cover miss label is copied from the engine event, with legacy miss unchanged (3.573ms)
✔ Battle picker is persistent outside the scaled scene, labeled and keyboard operable (485.7969ms)
✔ all choices repeatedly load actual battles; imported state clears library selection (1862.1292ms)
✔ unbound battle mount honestly retains accurate 2D without inventing an Atlas linkage (255.9504ms)
✔ published player exposes all authored maps and journey areas outside the scaled battle, without changing selected battle (163.3921ms)
✔ real compiled Atlas binding mounts with original events and display heights; invalid binding preserves current viewer (220.5706ms)
✔ native verifier import resolves host-owned Three only for Atlas without eager texture loads (68.3054ms)
✔ packed catalog/listings/layouts exactly preserve live sources; no GLB skins or embedded catalog models (46.8843ms)
✔ binding is explicit, validates active area/dimensions/identity and detaches snapshot plus catalog (59.5601ms)
✔ resource URLs resolve actual catalog files and reject outside paths; file opening is actionable (0.3166ms)
✔ authored light shadow camera uses reference full-map extent and updates its real projection (25.0572ms)
✔ actual Three world-to-CSS camera preserves authored placement, active-area origin, clip depth and upward winding (15.3173ms)
✔ partial texture failure disposes successful peers and can retry (0.4646ms)
✔ shared assembly loads exact authored jobs; cancellation releases late source model and all textures (26.1626ms)
✔ unbound layer never starts a renderer; late disposal/failure restores 2D and display heights without state mutation (5.2974ms)
✔ real Three driver preserves world geometry/lights, draws only changes, and releases switched scene (11.694ms)
✔ inspection uses latest editable map dimensions and ignores stale index bounds; switching and late loads are isolated (70.2859ms)
✔ inspection ignores a superseded pending map load and disposes each actual driver exactly once (21.2297ms)
✔ actual inspector driver builds the selected journey area, preserves perspective controls and disposes camera resources (22.9174ms)
✔ display heights lift corpses and each movement keyframe, then reset without changing folded hexes (0.6542ms)
ℹ tests 22
ℹ suites 0
ℹ pass 22
ℹ fail 0
ℹ cancelled 0
ℹ skipped 0
ℹ todo 0
ℹ duration_ms 3096.8073
✔ actual drop uses unknown initial geometry and preserves every event (716.4582ms)
✔ actual drop uses resized initial geometry and preserves every event (686.6947ms)
✔ actual drop uses changed initial geometry and preserves every event (491.2067ms)
✔ malformed dropped initial facts leave current viewer intact (464.4734ms)
✔ component requires initial facts before mutating its host (171.2593ms)
✔ component rejects a pushed map that differs from prepared initial facts (469.8114ms)
✔ live component preserves early events, splits, ownership and seek/step on same-ID maps (888.5489ms)
✔ actual proving exporter map envelope mounts without an invented mapId (460.4642ms)
✔ preparation-only thin field has exact engine distances without a stale static table (463.5772ms)
✔ custom-map timed pump drains with setup equipment/layers and matches seek (524.5137ms)
✔ pushed initial facts ignore object key insertion order without dropping fields (463.2755ms)
✔ pushed sparse extensions of terrain or footprint reject without consuming a batch (457.9315ms)
ℹ tests 12
ℹ suites 0
ℹ pass 12
ℹ fail 0
ℹ cancelled 0
ℹ skipped 0
ℹ todo 0
ℹ duration_ms 6336.7559
built C:\Users\aring\Desktop\Heroes of Blight and Tragic\viewer\BATTLE-VIEWER.html · 14.3 MB · viewer 348261a · engine 4ff6e55 · sheets 4ff6e55 · fields 4ff6e55 · 26 battles
fresh: Sunken Priory · The Broken Chapel — byte-identical events (4ff6e55 → 4ff6e55)
fresh: The Angled Halls · The Oblique Chambers — byte-identical events (4ff6e55 → 4ff6e55)
fresh: The Buried Pilgrimage · The Rootless Caves — byte-identical events (4ff6e55 → 4ff6e55)
fresh: Horde 24×24 — the river — byte-identical events (0bfa0c9 → 4ff6e55)
fresh: Supper (seed 5) — byte-identical events (0bfa0c9 → 4ff6e55)
fresh: Embers — byte-identical events (0bfa0c9 → 4ff6e55)
fresh: Showcase — byte-identical events (0bfa0c9 → 4ff6e55)
fresh: Flanks — byte-identical events (0bfa0c9 → 4ff6e55)
fresh: Thicket — byte-identical events (0bfa0c9 → 4ff6e55)
fresh: Field — byte-identical events (0bfa0c9 → 4ff6e55)
fresh: Highlands — byte-identical events (0bfa0c9 → 4ff6e55)
fresh: Civilians — byte-identical events (0bfa0c9 → 4ff6e55)
fresh: Hunter Alone — byte-identical events (0bfa0c9 → 4ff6e55)
fresh: Prologue Bestiary — byte-identical events (0bfa0c9 → 4ff6e55)
fresh: Beasts — byte-identical events (0bfa0c9 → 4ff6e55)
fresh: Alpha Team — byte-identical events (0bfa0c9 → 4ff6e55)
fresh: Item Powers — byte-identical events (0bfa0c9 → 4ff6e55)
fresh: Arc Golem — byte-identical events (0bfa0c9 → 4ff6e55)
fresh: The Kiln — byte-identical events (0bfa0c9 → 4ff6e55)
fresh: Horrors of the Night — byte-identical events (0bfa0c9 → 4ff6e55)
fresh: Surrounded (seed 3) — byte-identical events (0bfa0c9 → 4ff6e55)
fresh: Assembled Party — byte-identical events (0bfa0c9 → 4ff6e55)
fresh: Dungeon 16×8 (heroes west) — byte-identical events (0bfa0c9 → 4ff6e55)
fresh: Duel 8×8 — byte-identical events (0bfa0c9 → 4ff6e55)
fresh: Rime — repeated affliction — byte-identical events (0bfa0c9 → 4ff6e55)
fresh: Ranged-only reaction — no melee attack — byte-identical events (0bfa0c9 → 4ff6e55)
GATE OK
