door probe: only src/engine.ts imports the engine
laws 5 and 6: no mode below the intent layer, no status hue outside theme.js
typecheck (the door, the sheet, the .mts tools — the .js is not typed): clean
✔ actual browser entry emits no catalog loader or gameplay modules (135.101ms)
✔ guard distinguishes emitted bytes from parsed or tree-shaken inputs (0.4081ms)
✔ normal static generator still validates and exports identical data (277.4329ms)
✔ normal static generator rejects malformed catalog before writing (111.5146ms)
ℹ tests 4
ℹ suites 0
ℹ pass 4
ℹ fail 0
ℹ cancelled 0
ℹ skipped 0
ℹ todo 0
ℹ duration_ms 592.322
maps: 22 in the engine, all in both dumps
passive runtime modules: ../engine/src/core/hex.ts, ../engine/src/core/types.ts, ../engine/src/core/props.ts, ../engine/src/content/disable.ts, ../engine/src/content/terrain.ts, ../engine/src/view/field.ts
OK — 23 battles fold end to end · pure fold == pumped fold · icons 4 used · rows damaging=645 plain=3651
✔ Battle picker is persistent outside the scaled scene, labeled and keyboard operable (575.8767ms)
✔ all choices repeatedly load actual battles; imported state clears library selection (1855.8883ms)
✔ unbound battle mount honestly retains accurate 2D without inventing an Atlas linkage (204.4795ms)
✔ published player exposes all authored maps and journey areas outside the scaled battle, without changing selected battle (202.8014ms)
✔ explicit presentation binding mounts with original events and display heights; invalid binding preserves current viewer (573.8558ms)
✔ native verifier import resolves host-owned Three only for Atlas without eager texture loads (80.1574ms)
✔ packed catalog/listings/layouts exactly preserve live sources; no GLB skins or embedded catalog models (52.4942ms)
✔ binding is explicit, validates active area/dimensions/identity and detaches snapshot plus catalog (66.8028ms)
✔ resource URLs resolve actual catalog files and reject outside paths; file opening is actionable (0.3875ms)
✔ authored light shadow camera uses reference full-map extent and updates its real projection (29.0309ms)
✔ actual Three world-to-CSS camera preserves authored placement, active-area origin, clip depth and upward winding (16.3203ms)
✔ partial texture failure disposes successful peers and can retry (0.5369ms)
✔ shared assembly loads exact authored jobs; cancellation releases late source model and all textures (27.0619ms)
✔ unbound layer never starts a renderer; late disposal/failure restores 2D and display heights without state mutation (6.3207ms)
✔ real Three driver preserves world geometry/lights, draws only changes, and releases switched scene (10.9295ms)
✔ inspection uses latest editable map dimensions and ignores stale index bounds; switching and late loads are isolated (72.7157ms)
✔ inspection ignores a superseded pending map load and disposes each actual driver exactly once (24.41ms)
✔ actual inspector driver builds the selected journey area, preserves perspective controls and disposes camera resources (22.7417ms)
✔ display heights lift corpses and each movement keyframe, then reset without changing folded hexes (0.633ms)
ℹ tests 19
ℹ suites 0
ℹ pass 19
ℹ fail 0
ℹ cancelled 0
ℹ skipped 0
ℹ todo 0
ℹ duration_ms 3512.9382
✔ actual drop uses unknown initial geometry and preserves every event (774.3093ms)
✔ actual drop uses resized initial geometry and preserves every event (785.7787ms)
✔ actual drop uses changed initial geometry and preserves every event (527.3774ms)
✔ malformed dropped initial facts leave current viewer intact (545.8926ms)
✔ component requires initial facts before mutating its host (202.3097ms)
✔ component rejects a pushed map that differs from prepared initial facts (550.8356ms)
✔ live component preserves early events, splits, ownership and seek/step on same-ID maps (1068.225ms)
✔ actual proving exporter map envelope mounts without an invented mapId (543.8327ms)
✔ preparation-only thin field has exact engine distances without a stale static table (548.6934ms)
✔ custom-map timed pump drains with setup equipment/layers and matches seek (600.1928ms)
✔ pushed initial facts ignore object key insertion order without dropping fields (541.3027ms)
✔ pushed sparse extensions of terrain or footprint reject without consuming a batch (542.0173ms)
ℹ tests 12
ℹ suites 0
ℹ pass 12
ℹ fail 0
ℹ cancelled 0
ℹ skipped 0
ℹ todo 0
ℹ duration_ms 7326.8138
built C:\Users\aring\Desktop\Heroes of Blight and Tragic\viewer\.build\BATTLE-VIEWER.html · 13.0 MB · viewer 2b60f7b* · engine 0bfa0c9 · sheets 0bfa0c9 · fields 0bfa0c9 · 23 battles · * = from a dirty tree
check only — BATTLE-VIEWER.html untouched (pass --land to write it)
fresh: Horde 24×24 — the river — byte-identical events (0bfa0c9 → 0bfa0c9)
fresh: Supper (seed 5) — byte-identical events (0bfa0c9 → 0bfa0c9)
fresh: Embers — byte-identical events (0bfa0c9 → 0bfa0c9)
fresh: Showcase — byte-identical events (0bfa0c9 → 0bfa0c9)
fresh: Flanks — byte-identical events (0bfa0c9 → 0bfa0c9)
fresh: Thicket — byte-identical events (0bfa0c9 → 0bfa0c9)
fresh: Field — byte-identical events (0bfa0c9 → 0bfa0c9)
fresh: Highlands — byte-identical events (0bfa0c9 → 0bfa0c9)
fresh: Civilians — byte-identical events (0bfa0c9 → 0bfa0c9)
fresh: Hunter Alone — byte-identical events (0bfa0c9 → 0bfa0c9)
fresh: Prologue Bestiary — byte-identical events (0bfa0c9 → 0bfa0c9)
fresh: Beasts — byte-identical events (0bfa0c9 → 0bfa0c9)
fresh: Alpha Team — byte-identical events (0bfa0c9 → 0bfa0c9)
fresh: Item Powers — byte-identical events (0bfa0c9 → 0bfa0c9)
fresh: Arc Golem — byte-identical events (0bfa0c9 → 0bfa0c9)
fresh: The Kiln — byte-identical events (0bfa0c9 → 0bfa0c9)
fresh: Horrors of the Night — byte-identical events (0bfa0c9 → 0bfa0c9)
fresh: Surrounded (seed 3) — byte-identical events (0bfa0c9 → 0bfa0c9)
fresh: Assembled Party — byte-identical events (0bfa0c9 → 0bfa0c9)
fresh: Dungeon 16×8 (heroes west) — byte-identical events (0bfa0c9 → 0bfa0c9)
fresh: Duel 8×8 — byte-identical events (0bfa0c9 → 0bfa0c9)
fresh: Rime — repeated affliction — byte-identical events (0bfa0c9 → 0bfa0c9)
fresh: Ranged-only reaction — no melee attack — byte-identical events (0bfa0c9 → 0bfa0c9)
GATE OK
